00:00 +0: loading C:/Users/E320/Downloads/Project/LosCheck-main/test/customer_page_test.dart
00:00 +0: C:/Users/E320/Downloads/Project/LosCheck-main/test/customer_page_test.dart: CustomerPage Widget Tests displays loading skeleton initially
00:02 +1: C:/Users/E320/Downloads/Project/LosCheck-main/test/customer_page_test.dart: CustomerPage Widget Tests displays loading skeleton initially
00:02 +2: C:/Users/E320/Downloads/Project/LosCheck-main/test/customer_page_test.dart: CustomerPage Widget Tests displays loading skeleton initially
00:02 +3: C:/Users/E320/Downloads/Project/LosCheck-main/test/customer_page_test.dart: CustomerPage Widget Tests displays loading skeleton initially
00:02 +4: C:/Users/E320/Downloads/Project/LosCheck-main/test/customer_page_test.dart: CustomerPage Widget Tests displays loading skeleton initially
00:02 +5: C:/Users/E320/Downloads/Project/LosCheck-main/test/customer_page_test.dart: CustomerPage Widget Tests displays loading skeleton initially
00:02 +6: C:/Users/E320/Downloads/Project/LosCheck-main/test/customer_page_test.dart: CustomerPage Widget Tests displays loading skeleton initially
00:02 +7: C:/Users/E320/Downloads/Project/LosCheck-main/test/customer_page_test.dart: CustomerPage Widget Tests displays loading skeleton initially
00:02 +8: C:/Users/E320/Downloads/Project/LosCheck-main/test/customer_page_test.dart: CustomerPage Widget Tests displays loading skeleton initially
00:08 +9: C:/Users/E320/Downloads/Project/LosCheck-main/test/integration_test.dart: Integration Tests app boots and displays home shell
00:11 +10: C:/Users/E320/Downloads/Project/LosCheck-main/test/integration_test.dart: Integration Tests app boots and displays home shell
00:12 +11: C:/Users/E320/Downloads/Project/LosCheck-main/test/integration_test.dart: Integration Tests app boots and displays home shell
00:13 +12: C:/Users/E320/Downloads/Project/LosCheck-main/test/integration_test.dart: Integration Tests app boots and displays home shell
Pending timers:
Timer (duration: 0:00:00.000000, periodic: false), created:
#0      new FakeTimer._ (package:fake_async/fake_async.dart:342:62)
#1      FakeAsync._createTimer (package:fake_async/fake_async.dart:260:29)
#2      FakeAsync.run.<anonymous closure> (package:fake_async/fake_async.dart:185:15)
#6      StreamQueryStore.markAsClosed (package:drift/src/runtime/executor/stream_queries.dart:156:11)
#7      QueryStream._onCancelOrPause (package:drift/src/runtime/executor/stream_queries.dart:305:14)
#8      QueryStream._stream.<anonymous closure>.<anonymous closure> (package:drift/src/runtime/executor/stream_queries.dart:238:9)
#17     _StreamBuilderBaseState._unsubscribe (package:flutter/src/widgets/async.dart:156:22)
#18     _StreamBuilderBaseState.dispose (package:flutter/src/widgets/async.dart:127:5)
#19     StatefulElement.unmount (package:flutter/src/widgets/framework.dart:6030:11)
#20     _InactiveElements._unmount (package:flutter/src/widgets/framework.dart:2117:13)
#21     _InactiveElements._unmount.<anonymous closure> (package:flutter/src/widgets/framework.dart:2115:7)
#22     ComponentElement.visitChildren (package:flutter/src/widgets/framework.dart:5871:14)
#23     _InactiveElements._unmount (package:flutter/src/widgets/framework.dart:2113:13)
#24     _InactiveElements._unmount.<anonymous closure> (package:flutter/src/widgets/framework.dart:2115:7)
#25     SingleChildRenderObjectElement.visitChildren (package:flutter/src/widgets/framework.dart:7101:14)
#26     _InactiveElements._unmount (package:flutter/src/widgets/framework.dart:2113:13)
#27     _InactiveElements._unmount.<anonymous closure> (package:flutter/src/widgets/framework.dart:2115:7)
#28     SingleChildRenderObjectElement.visitChildren (package:flutter/src/widgets/framework.dart:7101:14)
#29     _InactiveElements._unmount (package:flutter/src/widgets/framework.dart:2113:13)
#30     _InactiveElements._unmount.<anonymous closure> (package:flutter/src/widgets/framework.dart:2115:7)
#31     ComponentElement.visitChildren (package:flutter/src/widgets/framework.dart:5871:14)
#32     _InactiveElements._unmount (package:flutter/src/widgets/framework.dart:2113:13)
#33     _InactiveElements._unmount.<anonymous closure> (package:flutter/src/widgets/framework.dart:2115:7)
#34     SingleChildRenderObjectElement.visitChildren (package:flutter/src/widgets/framework.dart:7101:14)
#35     _InactiveElements._unmount (package:flutter/src/widgets/framework.dart:2113:13)
#36     _InactiveElements._unmount.<anonymous closure> (package:flutter/src/widgets/framework.dart:2115:7)
#37     ComponentElement.visitChildren (package:flutter/src/widgets/framework.dart:5871:14)
#38     _InactiveElements._unmount (package:flutter/src/widgets/framework.dart:2113:13)
#39     _InactiveElements._unmount.<anonymous closure> (package:flutter/src/widgets/framework.dart:2115:7)
#40     ComponentElement.visitChildren (package:flutter/src/widgets/framework.dart:5871:14)
#41     _InactiveElements._unmount (package:flutter/src/widgets/framework.dart:2113:13)
#42     _InactiveElements._unmount.<anonymous closure> (package:flutter/src/widgets/framework.dart:2115:7)
#43     ComponentElement.visitChildren (package:flutter/src/widgets/framework.dart:5871:14)
#44     _InactiveElements._unmount (package:flutter/src/widgets/framework.dart:2113:13)
#45     _InactiveElements._unmount.<anonymous closure> (package:flutter/src/widgets/framework.dart:2115:7)
#46     ComponentElement.visitChildren (package:flutter/src/widgets/framework.dart:5871:14)
#47     _InactiveElements._unmount (package:flutter/src/widgets/framework.dart:2113:13)
#48     _InactiveElements._unmount.<anonymous closure> (package:flutter/src/widgets/framework.dart:2115:7)
#49     ComponentElement.visitChildren (package:flutter/src/widgets/framework.dart:5871:14)
#50     _InactiveElements._unmount (package:flutter/src/widgets/framework.dart:2113:13)
#51     _InactiveElements._unmount.<anonymous closure> (package:flutter/src/widgets/framework.dart:2115:7)
#52     ComponentElement.visitChildren (package:flutter/src/widgets/framework.dart:5871:14)
#53     _InactiveElements._unmount (package:flutter/src/widgets/framework.dart:2113:13)
#54     _InactiveElements._unmount.<anonymous closure> (package:flutter/src/widgets/framework.dart:2115:7)
#55     MultiChildRenderObjectElement.visitChildren (package:flutter/src/widgets/framework.dart:7223:16)
#56     _InactiveElements._unmount (package:flutter/src/widgets/framework.dart:2113:13)
#57     _InactiveElements._unmount.<anonymous closure> (package:flutter/src/widgets/framework.dart:2115:7)
#58     ComponentElement.visitChildren (package:flutter/src/widgets/framework.dart:5871:14)
#59     _InactiveElements._unmount (package:flutter/src/widgets/framework.dart:2113:13)
#60     _InactiveElements._unmount.<anonymous closure> (package:flutter/src/widgets/framework.dart:2115:7)
#61     ComponentElement.visitChildren (package:flutter/src/widgets/framework.dart:5871:14)
#62     _InactiveElements._unmount (package:flutter/src/widgets/framework.dart:2113:13)
#63     _InactiveElements._unmount.<anonymous closure> (package:flutter/src/widgets/framework.dart:2115:7)
#64     ComponentElement.visitChildren (package:flutter/src/widgets/framework.dart:5871:14)
#65     _InactiveElements._unmount (package:flutter/src/widgets/framework.dart:2113:13)
#66     _InactiveElements._unmount.<anonymous closure> (package:flutter/src/widgets/framework.dart:2115:7)
#67     ComponentElement.visitChildren (package:flutter/src/widgets/framework.dart:5871:14)
#68     _InactiveElements._unmount (package:flutter/src/widgets/framework.dart:2113:13)
#69     _InactiveElements._unmount.<anonymous closure> (package:flutter/src/widgets/framework.dart:2115:7)
#70     ComponentElement.visitChildren (package:flutter/src/widgets/framework.dart:5871:14)
#71     _InactiveElements._unmount (package:flutter/src/widgets/framework.dart:2113:13)
#72     _InactiveElements._unmount.<anonymous closure> (package:flutter/src/widgets/framework.dart:2115:7)
#73     SingleChildRenderObjectElement.visitChildren (package:flutter/src/widgets/framework.dart:7101:14)
#74     _InactiveElements._unmount (package:flutter/src/widgets/framework.dart:2113:13)
#75     _InactiveElements._unmount.<anonymous closure> (package:flutter/src/widgets/framework.dart:2115:7)
#76     ComponentElement.visitChildren (package:flutter/src/widgets/framework.dart:5871:14)
#77     _InactiveElements._unmount (package:flutter/src/widgets/framework.dart:2113:13)
#78     _InactiveElements._unmount.<anonymous closure> (package:flutter/src/widgets/framework.dart:2115:7)
#79     SingleChildRenderObjectElement.visitChildren (package:flutter/src/widgets/framework.dart:7101:14)
#80     _InactiveElements._unmount (package:flutter/src/widgets/framework.dart:2113:13)
#81     _InactiveElements._unmount.<anonymous closure> (package:flutter/src/widgets/framework.dart:2115:7)
#82     ComponentElement.visitChildren (package:flutter/src/widgets/framework.dart:5871:14)
#83     _InactiveElements._unmount (package:flutter/src/widgets/framework.dart:2113:13)
#84     _InactiveElements._unmount.<anonymous closure> (package:flutter/src/widgets/framework.dart:2115:7)
#85     ComponentElement.visitChildren (package:flutter/src/widgets/framework.dart:5871:14)
#86     _InactiveElements._unmount (package:flutter/src/widgets/framework.dart:2113:13)
#87     _InactiveElements._unmount.<anonymous closure> (package:flutter/src/widgets/framework.dart:2115:7)
#88     ComponentElement.visitChildren (package:flutter/src/widgets/framework.dart:5871:14)
#89     _InactiveElements._unmount (package:flutter/src/widgets/framework.dart:2113:13)
#90     _InactiveElements._unmount.<anonymous closure> (package:flutter/src/widgets/framework.dart:2115:7)
#91     ComponentElement.visitChildren (package:flutter/src/widgets/framework.dart:5871:14)
#92     _InactiveElements._unmount (package:flutter/src/widgets/framework.dart:2113:13)
#93     _InactiveElements._unmount.<anonymous closure> (package:flutter/src/widgets/framework.dart:2115:7)
#94     ComponentElement.visitChildren (package:flutter/src/widgets/framework.dart:5871:14)
#95     _InactiveElements._unmount (package:flutter/src/widgets/framework.dart:2113:13)
#96     _InactiveElements._unmount.<anonymous closure> (package:flutter/src/widgets/framework.dart:2115:7)
#97     ComponentElement.visitChildren (package:flutter/src/widgets/framework.dart:5871:14)
#98     _InactiveElements._unmount (package:flutter/src/widgets/framework.dart:2113:13)
#99     _InactiveElements._unmount.<anonymous closure> (package:flutter/src/widgets/framework.dart:2115:7)
#100    ComponentElement.visitChildren (package:flutter/src/widgets/framework.dart:5871:14)
#101    _InactiveElements._unmount (package:flutter/src/widgets/framework.dart:2113:13)
#102    _InactiveElements._unmount.<anonymous closure> (package:flutter/src/widgets/framework.dart:2115:7)
#103    ComponentElement.visitChildren (package:flutter/src/widgets/framework.dart:5871:14)
#104    _InactiveElements._unmount (package:flutter/src/widgets/framework.dart:2113:13)
#105    _InactiveElements._unmount.<anonymous closure> (package:flutter/src/widgets/framework.dart:2115:7)
#106    ComponentElement.visitChildren (package:flutter/src/widgets/framework.dart:5871:14)
#107    _InactiveElements._unmount (package:flutter/src/widgets/framework.dart:2113:13)
#108    _InactiveElements._unmount.<anonymous closure> (package:flutter/src/widgets/framework.dart:2115:7)
#109    SingleChildRenderObjectElement.visitChildren (package:flutter/src/widgets/framework.dart:7101:14)
#110    _InactiveElements._unmount (package:flutter/src/widgets/framework.dart:2113:13)
#111    _InactiveElements._unmount.<anonymous closure> (package:flutter/src/widgets/framework.dart:2115:7)
#112    ComponentElement.visitChildren (package:flutter/src/widgets/framework.dart:5871:14)
#113    _InactiveElements._unmount (package:flutter/src/widgets/framework.dart:2113:13)
#114    _InactiveElements._unmount.<anonymous closure> (package:flutter/src/widgets/framework.dart:2115:7)
#115    SingleChildRenderObjectElement.visitChildren (package:flutter/src/widgets/framework.dart:7101:14)
#116    _InactiveElements._unmount (package:flutter/src/widgets/framework.dart:2113:13)
#117    _InactiveElements._unmount.<anonymous closure> (package:flutter/src/widgets/framework.dart:2115:7)
#118    SingleChildRenderObjectElement.visitChildren (package:flutter/src/widgets/framework.dart:7101:14)
#119    _InactiveElements._unmount (package:flutter/src/widgets/framework.dart:2113:13)
#120    _InactiveElements._unmount.<anonymous closure> (package:flutter/src/widgets/framework.dart:2115:7)
#121    ComponentElement.visitChildren (package:flutter/src/widgets/framework.dart:5871:14)
#122    _InactiveElements._unmount (package:flutter/src/widgets/framework.dart:2113:13)
#123    _InactiveElements._unmount.<anonymous closure> (package:flutter/src/widgets/framework.dart:2115:7)
#124    SingleChildRenderObjectElement.visitChildren (package:flutter/src/widgets/framework.dart:7101:14)
#125    _InactiveElements._unmount (package:flutter/src/widgets/framework.dart:2113:13)
#126    _InactiveElements._unmount.<anonymous closure> (package:flutter/src/widgets/framework.dart:2115:7)
#127    ComponentElement.visitChildren (package:flutter/src/widgets/framework.dart:5871:14)
#128    _InactiveElements._unmount (package:flutter/src/widgets/framework.dart:2113:13)
#129    _InactiveElements._unmount.<anonymous closure> (package:flutter/src/widgets/framework.dart:2115:7)
#130    SingleChildRenderObjectElement.visitChildren (package:flutter/src/widgets/framework.dart:7101:14)
#131    _InactiveElements._unmount (package:flutter/src/widgets/framework.dart:2113:13)
#132    _InactiveElements._unmount.<anonymous closure> (package:flutter/src/widgets/framework.dart:2115:7)
#133    SingleChildRenderObjectElement.visitChildren (package:flutter/src/widgets/framework.dart:7101:14)
#134    _InactiveElements._unmount (package:flutter/src/widgets/framework.dart:2113:13)
#135    _InactiveElements._unmount.<anonymous closure> (package:flutter/src/widgets/framework.dart:2115:7)
#136    ComponentElement.visitChildren (package:flutter/src/widgets/framework.dart:5871:14)
#137    _InactiveElements._unmount (package:flutter/src/widgets/framework.dart:2113:13)
#138    _InactiveElements._unmount.<anonymous closure> (package:flutter/src/widgets/framework.dart:2115:7)
#139    SingleChildRenderObjectElement.visitChildren (package:flutter/src/widgets/framework.dart:7101:14)
#140    _InactiveElements._unmount (package:flutter/src/widgets/framework.dart:2113:13)
#141    _InactiveElements._unmount.<anonymous closure> (package:flutter/src/widgets/framework.dart:2115:7)
#142    ComponentElement.visitChildren (package:flutter/src/widgets/framework.dart:5871:14)
#143    _InactiveElements._unmount (package:flutter/src/widgets/framework.dart:2113:13)
#144    _InactiveElements._unmount.<anonymous closure> (package:flutter/src/widgets/framework.dart:2115:7)
#145    SingleChildRenderObjectElement.visitChildren (package:flutter/src/widgets/framework.dart:7101:14)
#146    _InactiveElements._unmount (package:flutter/src/widgets/framework.dart:2113:13)
#147    _InactiveElements._unmount.<anonymous closure> (package:flutter/src/widgets/framework.dart:2115:7)
#148    SingleChildRenderObjectElement.visitChildren (package:flutter/src/widgets/framework.dart:7101:14)
#149    _InactiveElements._unmount (package:flutter/src/widgets/framework.dart:2113:13)
#150    _InactiveElements._unmount.<anonymous closure> (package:flutter/src/widgets/framework.dart:2115:7)
#151    ComponentElement.visitChildren (package:flutter/src/widgets/framework.dart:5871:14)
#152    _InactiveElements._unmount (package:flutter/src/widgets/framework.dart:2113:13)
#153    _InactiveElements._unmount.<anonymous closure> (package:flutter/src/widgets/framework.dart:2115:7)
#154    SingleChildRenderObjectElement.visitChildren (package:flutter/src/widgets/framework.dart:7101:14)
#155    _InactiveElements._unmount (package:flutter/src/widgets/framework.dart:2113:13)
#156    _InactiveElements._unmount.<anonymous closure> (package:flutter/src/widgets/framework.dart:2115:7)
#157    SingleChildRenderObjectElement.visitChildren (package:flutter/src/widgets/framework.dart:7101:14)
#158    _InactiveElements._unmount (package:flutter/src/widgets/framework.dart:2113:13)
#159    _InactiveElements._unmount.<anonymous closure> (package:flutter/src/widgets/framework.dart:2115:7)
#160    SingleChildRenderObjectElement.visitChildren (package:flutter/src/widgets/framework.dart:7101:14)
#161    _InactiveElements._unmount (package:flutter/src/widgets/framework.dart:2113:13)
#162    _InactiveElements._unmount.<anonymous closure> (package:flutter/src/widgets/framework.dart:2115:7)
#163    ComponentElement.visitChildren (package:flutter/src/widgets/framework.dart:5871:14)
#164    _InactiveElements._unmount (package:flutter/src/widgets/framework.dart:2113:13)
#165    _InactiveElements._unmount.<anonymous closure> (package:flutter/src/widgets/framework.dart:2115:7)
#166    SingleChildRenderObjectElement.visitChildren (package:flutter/src/widgets/framework.dart:7101:14)
#167    _InactiveElements._unmount (package:flutter/src/widgets/framework.dart:2113:13)
#168    _InactiveElements._unmount.<anonymous closure> (package:flutter/src/widgets/framework.dart:2115:7)
#169    ComponentElement.visitChildren (package:flutter/src/widgets/framework.dart:5871:14)
#170    _InactiveElements._unmount (package:flutter/src/widgets/framework.dart:2113:13)
#171    _InactiveElements._unmount.<anonymous closure> (package:flutter/src/widgets/framework.dart:2115:7)
#172    ComponentElement.visitChildren (package:flutter/src/widgets/framework.dart:5871:14)
#173    _InactiveElements._unmount (package:flutter/src/widgets/framework.dart:2113:13)
#174    _InactiveElements._unmount.<anonymous closure> (package:flutter/src/widgets/framework.dart:2115:7)
#175    ComponentElement.visitChildren (package:flutter/src/widgets/framework.dart:5871:14)
#176    _InactiveElements._unmount (package:flutter/src/widgets/framework.dart:2113:13)
#177    _InactiveElements._unmount.<anonymous closure> (package:flutter/src/widgets/framework.dart:2115:7)
#178    ComponentElement.visitChildren (package:flutter/src/widgets/framework.dart:5871:14)
#179    _InactiveElements._unmount (package:flutter/src/widgets/framework.dart:2113:13)
#180    _InactiveElements._unmount.<anonymous closure> (package:flutter/src/widgets/framework.dart:2115:7)
#181    ComponentElement.visitChildren (package:flutter/src/widgets/framework.dart:5871:14)
#182    _InactiveElements._unmount (package:flutter/src/widgets/framework.dart:2113:13)
#183    _InactiveElements._unmount.<anonymous closure> (package:flutter/src/widgets/framework.dart:2115:7)
#184    SingleChildRenderObjectElement.visitChildren (package:flutter/src/widgets/framework.dart:7101:14)
#185    _InactiveElements._unmount (package:flutter/src/widgets/framework.dart:2113:13)
#186    _InactiveElements._unmount.<anonymous closure> (package:flutter/src/widgets/framework.dart:2115:7)
#187    ComponentElement.visitChildren (package:flutter/src/widgets/framework.dart:5871:14)
#188    _InactiveElements._unmount (package:flutter/src/widgets/framework.dart:2113:13)
#189    _InactiveElements._unmount.<anonymous closure> (package:flutter/src/widgets/framework.dart:2115:7)
#190    SingleChildRenderObjectElement.visitChildren (package:flutter/src/widgets/framework.dart:7101:14)
#191    _InactiveElements._unmount (package:flutter/src/widgets/framework.dart:2113:13)
#192    _InactiveElements._unmount.<anonymous closure> (package:flutter/src/widgets/framework.dart:2115:7)
#193    ComponentElement.visitChildren (package:flutter/src/widgets/framework.dart:5871:14)
#194    _InactiveElements._unmount (package:flutter/src/widgets/framework.dart:2113:13)
#195    _InactiveElements._unmount.<anonymous closure> (package:flutter/src/widgets/framework.dart:2115:7)
#196    ComponentElement.visitChildren (package:flutter/src/widgets/framework.dart:5871:14)
#197    _InactiveElements._unmount (package:flutter/src/widgets/framework.dart:2113:13)
#198    _InactiveElements._unmount.<anonymous closure> (package:flutter/src/widgets/framework.dart:2115:7)
#199    ComponentElement.visitChildren (package:flutter/src/widgets/framework.dart:5871:14)
#200    _InactiveElements._unmount (package:flutter/src/widgets/framework.dart:2113:13)
#201    _InactiveElements._unmount.<anonymous closure> (package:flutter/src/widgets/framework.dart:2115:7)
#202    ComponentElement.visitChildren (package:flutter/src/widgets/framework.dart:5871:14)
#203    _InactiveElements._unmount (package:flutter/src/widgets/framework.dart:2113:13)
#204    _InactiveElements._unmount.<anonymous closure> (package:flutter/src/widgets/framework.dart:2115:7)
#205    ComponentElement.visitChildren (package:flutter/src/widgets/framework.dart:5871:14)
#206    _InactiveElements._unmount (package:flutter/src/widgets/framework.dart:2113:13)
#207    _InactiveElements._unmount.<anonymous closure> (package:flutter/src/widgets/framework.dart:2115:7)
#208    ComponentElement.visitChildren (package:flutter/src/widgets/framework.dart:5871:14)
#209    _InactiveElements._unmount (package:flutter/src/widgets/framework.dart:2113:13)
#210    _InactiveElements._unmount.<anonymous closure> (package:flutter/src/widgets/framework.dart:2115:7)
#211    SingleChildRenderObjectElement.visitChildren (package:flutter/src/widgets/framework.dart:7101:14)
#212    _InactiveElements._unmount (package:flutter/src/widgets/framework.dart:2113:13)
#213    _InactiveElements._unmount.<anonymous closure> (package:flutter/src/widgets/framework.dart:2115:7)
#214    ComponentElement.visitChildren (package:flutter/src/widgets/framework.dart:5871:14)
#215    _InactiveElements._unmount (package:flutter/src/widgets/framework.dart:2113:13)
#216    _InactiveElements._unmount.<anonymous closure> (package:flutter/src/widgets/framework.dart:2115:7)
#217    ComponentElement.visitChildren (package:flutter/src/widgets/framework.dart:5871:14)
#218    _InactiveElements._unmount (package:flutter/src/widgets/framework.dart:2113:13)
#219    _InactiveElements._unmount.<anonymous closure> (package:flutter/src/widgets/framework.dart:2115:7)
#220    ComponentElement.visitChildren (package:flutter/src/widgets/framework.dart:5871:14)
#221    _InactiveElements._unmount (package:flutter/src/widgets/framework.dart:2113:13)
#222    _InactiveElements._unmount.<anonymous closure> (package:flutter/src/widgets/framework.dart:2115:7)
#223    ComponentElement.visitChildren (package:flutter/src/widgets/framework.dart:5871:14)
#224    _InactiveElements._unmount (package:flutter/src/widgets/framework.dart:2113:13)
#225    _InactiveElements._unmount.<anonymous closure> (package:flutter/src/widgets/framework.dart:2115:7)
#226    ComponentElement.visitChildren (package:flutter/src/widgets/framework.dart:5871:14)
#227    _InactiveElements._unmount (package:flutter/src/widgets/framework.dart:2113:13)
#228    _InactiveElements._unmount.<anonymous closure> (package:flutter/src/widgets/framework.dart:2115:7)
#229    SingleChildRenderObjectElement.visitChildren (package:flutter/src/widgets/framework.dart:7101:14)
#230    _InactiveElements._unmount (package:flutter/src/widgets/framework.dart:2113:13)
#231    _InactiveElements._unmount.<anonymous closure> (package:flutter/src/widgets/framework.dart:2115:7)
#232    ComponentElement.visitChildren (package:flutter/src/widgets/framework.dart:5871:14)
#233    _InactiveElements._unmount (package:flutter/src/widgets/framework.dart:2113:13)
#234    _InactiveElements._unmount.<anonymous closure> (package:flutter/src/widgets/framework.dart:2115:7)
#235    ComponentElement.visitChildren (package:flutter/src/widgets/framework.dart:5871:14)
#236    _InactiveElements._unmount (package:flutter/src/widgets/framework.dart:2113:13)
#237    _InactiveElements._unmount.<anonymous closure> (package:flutter/src/widgets/framework.dart:2115:7)
#238    ComponentElement.visitChildren (package:flutter/src/widgets/framework.dart:5871:14)
#239    _InactiveElements._unmount (package:flutter/src/widgets/framework.dart:2113:13)
#240    _InactiveElements._unmount.<anonymous closure> (package:flutter/src/widgets/framework.dart:2115:7)
#241    ComponentElement.visitChildren (package:flutter/src/widgets/framework.dart:5871:14)
#242    _InactiveElements._unmount (package:flutter/src/widgets/framework.dart:2113:13)
#243    _InactiveElements._unmount.<anonymous closure> (package:flutter/src/widgets/framework.dart:2115:7)
#244    ComponentElement.visitChildren (package:flutter/src/widgets/framework.dart:5871:14)
#245    _InactiveElements._unmount (package:flutter/src/widgets/framework.dart:2113:13)
#246    _InactiveElements._unmount.<anonymous closure> (package:flutter/src/widgets/framework.dart:2115:7)
#247    MultiChildRenderObjectElement.visitChildren (package:flutter/src/widgets/framework.dart:7223:16)
#248    _InactiveElements._unmount (package:flutter/src/widgets/framework.dart:2113:13)
#249    _InactiveElements._unmount.<anonymous closure> (package:flutter/src/widgets/framework.dart:2115:7)
#250    ComponentElement.visitChildren (package:flutter/src/widgets/framework.dart:5871:14)
#251    _InactiveElements._unmount (package:flutter/src/widgets/framework.dart:2113:13)
#252    _InactiveElements._unmount.<anonymous closure> (package:flutter/src/widgets/framework.dart:2115:7)
#253    ComponentElement.visitChildren (package:flutter/src/widgets/framework.dart:5871:14)
#254    _InactiveElements._unmount (package:flutter/src/widgets/framework.dart:2113:13)
#255    _InactiveElements._unmount.<anonymous closure> (package:flutter/src/widgets/framework.dart:2115:7)
#256    ComponentElement.visitChildren (package:flutter/src/widgets/framework.dart:5871:14)
#257    _InactiveElements._unmount (package:flutter/src/widgets/framework.dart:2113:13)
#258    _InactiveElements._unmount.<anonymous closure> (package:flutter/src/widgets/framework.dart:2115:7)
#259    ComponentElement.visitChildren (package:flutter/src/widgets/framework.dart:5871:14)
#260    _InactiveElements._unmount (package:flutter/src/widgets/framework.dart:2113:13)
#261    _InactiveElements._unmount.<anonymous closure> (package:flutter/src/widgets/framework.dart:2115:7)
#262    ComponentElement.visitChildren (package:flutter/src/widgets/framework.dart:5871:14)
#263    _InactiveElements._unmount (package:flutter/src/widgets/framework.dart:2113:13)
#264    _InactiveElements._unmount.<anonymous closure> (package:flutter/src/widgets/framework.dart:2115:7)
#265    ComponentElement.visitChildren (package:flutter/src/widgets/framework.dart:5871:14)
#266    _InactiveElements._unmount (package:flutter/src/widgets/framework.dart:2113:13)
#267    _InactiveElements._unmount.<anonymous closure> (package:flutter/src/widgets/framework.dart:2115:7)
#268    ComponentElement.visitChildren (package:flutter/src/widgets/framework.dart:5871:14)
#269    _InactiveElements._unmount (package:flutter/src/widgets/framework.dart:2113:13)
#270    _InactiveElements._unmount.<anonymous closure> (package:flutter/src/widgets/framework.dart:2115:7)
#271    SingleChildRenderObjectElement.visitChildren (package:flutter/src/widgets/framework.dart:7101:14)
#272    _InactiveElements._unmount (package:flutter/src/widgets/framework.dart:2113:13)
#273    _InactiveElements._unmount.<anonymous closure> (package:flutter/src/widgets/framework.dart:2115:7)
#274    SingleChildRenderObjectElement.visitChildren (package:flutter/src/widgets/framework.dart:7101:14)
#275    _InactiveElements._unmount (package:flutter/src/widgets/framework.dart:2113:13)
#276    _InactiveElements._unmount.<anonymous closure> (package:flutter/src/widgets/framework.dart:2115:7)
#277    ComponentElement.visitChildren (package:flutter/src/widgets/framework.dart:5871:14)
#278    _InactiveElements._unmount (package:flutter/src/widgets/framework.dart:2113:13)
#279    _InactiveElements._unmount.<anonymous closure> (package:flutter/src/widgets/framework.dart:2115:7)
#280    ComponentElement.visitChildren (package:flutter/src/widgets/framework.dart:5871:14)
#281    _InactiveElements._unmount (package:flutter/src/widgets/framework.dart:2113:13)
#282    _InactiveElements._unmount.<anonymous closure> (package:flutter/src/widgets/framework.dart:2115:7)
#283    ComponentElement.visitChildren (package:flutter/src/widgets/framework.dart:5871:14)
#284    _InactiveElements._unmount (package:flutter/src/widgets/framework.dart:2113:13)
#285    _InactiveElements._unmount.<anonymous closure> (package:flutter/src/widgets/framework.dart:2115:7)
#286    ComponentElement.visitChildren (package:flutter/src/widgets/framework.dart:5871:14)
#287    _InactiveElements._unmount (package:flutter/src/widgets/framework.dart:2113:13)
#288    _InactiveElements._unmount.<anonymous closure> (package:flutter/src/widgets/framework.dart:2115:7)
#289    SingleChildRenderObjectElement.visitChildren (package:flutter/src/widgets/framework.dart:7101:14)
#290    _InactiveElements._unmount (package:flutter/src/widgets/framework.dart:2113:13)
#291    _InactiveElements._unmount.<anonymous closure> (package:flutter/src/widgets/framework.dart:2115:7)
#292    ComponentElement.visitChildren (package:flutter/src/widgets/framework.dart:5871:14)
#293    _InactiveElements._unmount (package:flutter/src/widgets/framework.dart:2113:13)
#294    _InactiveElements._unmount.<anonymous closure> (package:flutter/src/widgets/framework.dart:2115:7)
#295    ComponentElement.visitChildren (package:flutter/src/widgets/framework.dart:5871:14)
#296    _InactiveElements._unmount (package:flutter/src/widgets/framework.dart:2113:13)
#297    _InactiveElements._unmount.<anonymous closure> (package:flutter/src/widgets/framework.dart:2115:7)
#298    ComponentElement.visitChildren (package:flutter/src/widgets/framework.dart:5871:14)
#299    _InactiveElements._unmount (package:flutter/src/widgets/framework.dart:2113:13)
#300    _InactiveElements._unmount.<anonymous closure> (package:flutter/src/widgets/framework.dart:2115:7)
#301    ComponentElement.visitChildren (package:flutter/src/widgets/framework.dart:5871:14)
#302    _InactiveElements._unmount (package:flutter/src/widgets/framework.dart:2113:13)
#303    _InactiveElements._unmount.<anonymous closure> (package:flutter/src/widgets/framework.dart:2115:7)
#304    ComponentElement.visitChildren (package:flutter/src/widgets/framework.dart:5871:14)
#305    _InactiveElements._unmount (package:flutter/src/widgets/framework.dart:2113:13)
#306    _InactiveElements._unmount.<anonymous closure> (package:flutter/src/widgets/framework.dart:2115:7)
#307    ComponentElement.visitChildren (package:flutter/src/widgets/framework.dart:5871:14)
#308    _InactiveElements._unmount (package:flutter/src/widgets/framework.dart:2113:13)
#309    _InactiveElements._unmount.<anonymous closure> (package:flutter/src/widgets/framework.dart:2115:7)
#310    ComponentElement.visitChildren (package:flutter/src/widgets/framework.dart:5871:14)
#311    _InactiveElements._unmount (package:flutter/src/widgets/framework.dart:2113:13)
#312    _InactiveElements._unmount.<anonymous closure> (package:flutter/src/widgets/framework.dart:2115:7)
#313    ComponentElement.visitChildren (package:flutter/src/widgets/framework.dart:5871:14)
#314    _InactiveElements._unmount (package:flutter/src/widgets/framework.dart:2113:13)
#315    _InactiveElements._unmount.<anonymous closure> (package:flutter/src/widgets/framework.dart:2115:7)
#316    ComponentElement.visitChildren (package:flutter/src/widgets/framework.dart:5871:14)
#317    _InactiveElements._unmount (package:flutter/src/widgets/framework.dart:2113:13)
#318    _InactiveElements._unmount.<anonymous closure> (package:flutter/src/widgets/framework.dart:2115:7)
#319    ComponentElement.visitChildren (package:flutter/src/widgets/framework.dart:5871:14)
#320    _InactiveElements._unmount (package:flutter/src/widgets/framework.dart:2113:13)
#321    _InactiveElements._unmount.<anonymous closure> (package:flutter/src/widgets/framework.dart:2115:7)
#322    ComponentElement.visitChildren (package:flutter/src/widgets/framework.dart:5871:14)
#323    _InactiveElements._unmount (package:flutter/src/widgets/framework.dart:2113:13)
#324    _InactiveElements._unmount.<anonymous closure> (package:flutter/src/widgets/framework.dart:2115:7)
#325    ComponentElement.visitChildren (package:flutter/src/widgets/framework.dart:5871:14)
#326    _InactiveElements._unmount (package:flutter/src/widgets/framework.dart:2113:13)
#327    _InactiveElements._unmount.<anonymous closure> (package:flutter/src/widgets/framework.dart:2115:7)
#328    ComponentElement.visitChildren (package:flutter/src/widgets/framework.dart:5871:14)
#329    _InactiveElements._unmount (package:flutter/src/widgets/framework.dart:2113:13)
#330    _InactiveElements._unmount.<anonymous closure> (package:flutter/src/widgets/framework.dart:2115:7)
#331    ComponentElement.visitChildren (package:flutter/src/widgets/framework.dart:5871:14)
#332    _InactiveElements._unmount (package:flutter/src/widgets/framework.dart:2113:13)
#333    _InactiveElements._unmount.<anonymous closure> (package:flutter/src/widgets/framework.dart:2115:7)
#334    ComponentElement.visitChildren (package:flutter/src/widgets/framework.dart:5871:14)
#335    _InactiveElements._unmount (package:flutter/src/widgets/framework.dart:2113:13)
#336    _InactiveElements._unmount.<anonymous closure> (package:flutter/src/widgets/framework.dart:2115:7)
#337    SingleChildRenderObjectElement.visitChildren (package:flutter/src/widgets/framework.dart:7101:14)
#338    _InactiveElements._unmount (package:flutter/src/widgets/framework.dart:2113:13)
#339    _InactiveElements._unmount.<anonymous closure> (package:flutter/src/widgets/framework.dart:2115:7)
#340    ComponentElement.visitChildren (package:flutter/src/widgets/framework.dart:5871:14)
#341    _InactiveElements._unmount (package:flutter/src/widgets/framework.dart:2113:13)
#342    _InactiveElements._unmount.<anonymous closure> (package:flutter/src/widgets/framework.dart:2115:7)
#343    ComponentElement.visitChildren (package:flutter/src/widgets/framework.dart:5871:14)
#344    _InactiveElements._unmount (package:flutter/src/widgets/framework.dart:2113:13)
#345    _InactiveElements._unmount.<anonymous closure> (package:flutter/src/widgets/framework.dart:2115:7)
#346    ComponentElement.visitChildren (package:flutter/src/widgets/framework.dart:5871:14)
#347    _InactiveElements._unmount (package:flutter/src/widgets/framework.dart:2113:13)
#348    _InactiveElements._unmount.<anonymous closure> (package:flutter/src/widgets/framework.dart:2115:7)
#349    ComponentElement.visitChildren (package:flutter/src/widgets/framework.dart:5871:14)
#350    _InactiveElements._unmount (package:flutter/src/widgets/framework.dart:2113:13)
#351    _InactiveElements._unmount.<anonymous closure> (package:flutter/src/widgets/framework.dart:2115:7)
#352    ComponentElement.visitChildren (package:flutter/src/widgets/framework.dart:5871:14)
#353    _InactiveElements._unmount (package:flutter/src/widgets/framework.dart:2113:13)
#354    _InactiveElements._unmount.<anonymous closure> (package:flutter/src/widgets/framework.dart:2115:7)
#355    SingleChildRenderObjectElement.visitChildren (package:flutter/src/widgets/framework.dart:7101:14)
#356    _InactiveElements._unmount (package:flutter/src/widgets/framework.dart:2113:13)
#357    _InactiveElements._unmount.<anonymous closure> (package:flutter/src/widgets/framework.dart:2115:7)
#358    ComponentElement.visitChildren (package:flutter/src/widgets/framework.dart:5871:14)
#359    _InactiveElements._unmount (package:flutter/src/widgets/framework.dart:2113:13)
#360    _InactiveElements._unmount.<anonymous closure> (package:flutter/src/widgets/framework.dart:2115:7)
#361    ComponentElement.visitChildren (package:flutter/src/widgets/framework.dart:5871:14)
#362    _InactiveElements._unmount (package:flutter/src/widgets/framework.dart:2113:13)
#363    _InactiveElements._unmount.<anonymous closure> (package:flutter/src/widgets/framework.dart:2115:7)
#364    SingleChildRenderObjectElement.visitChildren (package:flutter/src/widgets/framework.dart:7101:14)
#365    _InactiveElements._unmount (package:flutter/src/widgets/framework.dart:2113:13)
#366    _InactiveElements._unmount.<anonymous closure> (package:flutter/src/widgets/framework.dart:2115:7)
#367    ComponentElement.visitChildren (package:flutter/src/widgets/framework.dart:5871:14)
#368    _InactiveElements._unmount (package:flutter/src/widgets/framework.dart:2113:13)
#369    _InactiveElements._unmount.<anonymous closure> (package:flutter/src/widgets/framework.dart:2115:7)
#370    ComponentElement.visitChildren (package:flutter/src/widgets/framework.dart:5871:14)
#371    _InactiveElements._unmount (package:flutter/src/widgets/framework.dart:2113:13)
#372    _InactiveElements._unmount.<anonymous closure> (package:flutter/src/widgets/framework.dart:2115:7)
#373    ComponentElement.visitChildren (package:flutter/src/widgets/framework.dart:5871:14)
#374    _InactiveElements._unmount (package:flutter/src/widgets/framework.dart:2113:13)
#375    _InactiveElements._unmount.<anonymous closure> (package:flutter/src/widgets/framework.dart:2115:7)
#376    ComponentElement.visitChildren (package:flutter/src/widgets/framework.dart:5871:14)
#377    _InactiveElements._unmount (package:flutter/src/widgets/framework.dart:2113:13)
#378    _InactiveElements._unmount.<anonymous closure> (package:flutter/src/widgets/framework.dart:2115:7)
#379    ComponentElement.visitChildren (package:flutter/src/widgets/framework.dart:5871:14)
#380    _InactiveElements._unmount (package:flutter/src/widgets/framework.dart:2113:13)
#381    _InactiveElements._unmount.<anonymous closure> (package:flutter/src/widgets/framework.dart:2115:7)
#382    SingleChildRenderObjectElement.visitChildren (package:flutter/src/widgets/framework.dart:7101:14)
#383    _InactiveElements._unmount (package:flutter/src/widgets/framework.dart:2113:13)
#384    _InactiveElements._unmount.<anonymous closure> (package:flutter/src/widgets/framework.dart:2115:7)
#385    ComponentElement.visitChildren (package:flutter/src/widgets/framework.dart:5871:14)
#386    _InactiveElements._unmount (package:flutter/src/widgets/framework.dart:2113:13)
#387    _InactiveElements._unmount.<anonymous closure> (package:flutter/src/widgets/framework.dart:2115:7)
#388    ComponentElement.visitChildren (package:flutter/src/widgets/framework.dart:5871:14)
#389    _InactiveElements._unmount (package:flutter/src/widgets/framework.dart:2113:13)
#390    _InactiveElements._unmount.<anonymous closure> (package:flutter/src/widgets/framework.dart:2115:7)
#391    ComponentElement.visitChildren (package:flutter/src/widgets/framework.dart:5871:14)
#392    _InactiveElements._unmount (package:flutter/src/widgets/framework.dart:2113:13)
#393    _InactiveElements._unmount.<anonymous closure> (package:flutter/src/widgets/framework.dart:2115:7)
#394    ComponentElement.visitChildren (package:flutter/src/widgets/framework.dart:5871:14)
#395    _InactiveElements._unmount (package:flutter/src/widgets/framework.dart:2113:13)
#396    _InactiveElements._unmount.<anonymous closure> (package:flutter/src/widgets/framework.dart:2115:7)
#397    ComponentElement.visitChildren (package:flutter/src/widgets/framework.dart:5871:14)
#398    _InactiveElements._unmount (package:flutter/src/widgets/framework.dart:2113:13)
#399    _InactiveElements._unmount.<anonymous closure> (package:flutter/src/widgets/framework.dart:2115:7)
#400    SingleChildRenderObjectElement.visitChildren (package:flutter/src/widgets/framework.dart:7101:14)
#401    _InactiveElements._unmount (package:flutter/src/widgets/framework.dart:2113:13)
#402    _InactiveElements._unmount.<anonymous closure> (package:flutter/src/widgets/framework.dart:2115:7)
#403    ComponentElement.visitChildren (package:flutter/src/widgets/framework.dart:5871:14)
#404    _InactiveElements._unmount (package:flutter/src/widgets/framework.dart:2113:13)
#405    _InactiveElements._unmount.<anonymous closure> (package:flutter/src/widgets/framework.dart:2115:7)
#406    ComponentElement.visitChildren (package:flutter/src/widgets/framework.dart:5871:14)
#407    _InactiveElements._unmount (package:flutter/src/widgets/framework.dart:2113:13)
#408    _InactiveElements._unmount.<anonymous closure> (package:flutter/src/widgets/framework.dart:2115:7)
#409    ComponentElement.visitChildren (package:flutter/src/widgets/framework.dart:5871:14)
#410    _InactiveElements._unmount (package:flutter/src/widgets/framework.dart:2113:13)
#411    _InactiveElements._unmount.<anonymous closure> (package:flutter/src/widgets/framework.dart:2115:7)
#412    ComponentElement.visitChildren (package:flutter/src/widgets/framework.dart:5871:14)
#413    _InactiveElements._unmount (package:flutter/src/widgets/framework.dart:2113:13)
#414    _InactiveElements._unmount.<anonymous closure> (package:flutter/src/widgets/framework.dart:2115:7)
#415    SingleChildRenderObjectElement.visitChildren (package:flutter/src/widgets/framework.dart:7101:14)
#416    _InactiveElements._unmount (package:flutter/src/widgets/framework.dart:2113:13)
#417    _InactiveElements._unmount.<anonymous closure> (package:flutter/src/widgets/framework.dart:2115:7)
#418    ComponentElement.visitChildren (package:flutter/src/widgets/framework.dart:5871:14)
#419    _InactiveElements._unmount (package:flutter/src/widgets/framework.dart:2113:13)
#420    _InactiveElements._unmount.<anonymous closure> (package:flutter/src/widgets/framework.dart:2115:7)
#421    ComponentElement.visitChildren (package:flutter/src/widgets/framework.dart:5871:14)
#422    _InactiveElements._unmount (package:flutter/src/widgets/framework.dart:2113:13)
#423    _InactiveElements._unmount.<anonymous closure> (package:flutter/src/widgets/framework.dart:2115:7)
#424    ComponentElement.visitChildren (package:flutter/src/widgets/framework.dart:5871:14)
#425    _InactiveElements._unmount (package:flutter/src/widgets/framework.dart:2113:13)
#426    _InactiveElements._unmount.<anonymous closure> (package:flutter/src/widgets/framework.dart:2115:7)
#427    ComponentElement.visitChildren (package:flutter/src/widgets/framework.dart:5871:14)
#428    _InactiveElements._unmount (package:flutter/src/widgets/framework.dart:2113:13)
#429    _InactiveElements._unmount.<anonymous closure> (package:flutter/src/widgets/framework.dart:2115:7)
#430    ComponentElement.visitChildren (package:flutter/src/widgets/framework.dart:5871:14)
#431    _InactiveElements._unmount (package:flutter/src/widgets/framework.dart:2113:13)
#432    _InactiveElements._unmount.<anonymous closure> (package:flutter/src/widgets/framework.dart:2115:7)
#433    ComponentElement.visitChildren (package:flutter/src/widgets/framework.dart:5871:14)
#434    _InactiveElements._unmount (package:flutter/src/widgets/framework.dart:2113:13)
#435    _InactiveElements._unmount.<anonymous closure> (package:flutter/src/widgets/framework.dart:2115:7)
#436    ComponentElement.visitChildren (package:flutter/src/widgets/framework.dart:5871:14)
#437    _InactiveElements._unmount (package:flutter/src/widgets/framework.dart:2113:13)
#438    _InactiveElements._unmount.<anonymous closure> (package:flutter/src/widgets/framework.dart:2115:7)
#439    ComponentElement.visitChildren (package:flutter/src/widgets/framework.dart:5871:14)
#440    _InactiveElements._unmount (package:flutter/src/widgets/framework.dart:2113:13)
#441    _InactiveElements._unmount.<anonymous closure> (package:flutter/src/widgets/framework.dart:2115:7)
#442    ComponentElement.visitChildren (package:flutter/src/widgets/framework.dart:5871:14)
#443    _InactiveElements._unmount (package:flutter/src/widgets/framework.dart:2113:13)
#444    _InactiveElements._unmount.<anonymous closure> (package:flutter/src/widgets/framework.dart:2115:7)
#445    ComponentElement.visitChildren (package:flutter/src/widgets/framework.dart:5871:14)
#446    _InactiveElements._unmount (package:flutter/src/widgets/framework.dart:2113:13)
#447    _InactiveElements._unmount.<anonymous closure> (package:flutter/src/widgets/framework.dart:2115:7)
#448    ComponentElement.visitChildren (package:flutter/src/widgets/framework.dart:5871:14)
#449    _InactiveElements._unmount (package:flutter/src/widgets/framework.dart:2113:13)
#450    _InactiveElements._unmount.<anonymous closure> (package:flutter/src/widgets/framework.dart:2115:7)
#451    ComponentElement.visitChildren (package:flutter/src/widgets/framework.dart:5871:14)
#452    _InactiveElements._unmount (package:flutter/src/widgets/framework.dart:2113:13)
#453    _InactiveElements._unmount.<anonymous closure> (package:flutter/src/widgets/framework.dart:2115:7)
#454    ComponentElement.visitChildren (package:flutter/src/widgets/framework.dart:5871:14)
#455    _InactiveElements._unmount (package:flutter/src/widgets/framework.dart:2113:13)
#456    _InactiveElements._unmount.<anonymous closure> (package:flutter/src/widgets/framework.dart:2115:7)
#457    ComponentElement.visitChildren (package:flutter/src/widgets/framework.dart:5871:14)
#458    _InactiveElements._unmount (package:flutter/src/widgets/framework.dart:2113:13)
#459    _InactiveElements._unmount.<anonymous closure> (package:flutter/src/widgets/framework.dart:2115:7)
#460    ComponentElement.visitChildren (package:flutter/src/widgets/framework.dart:5871:14)
#461    _InactiveElements._unmount (package:flutter/src/widgets/framework.dart:2113:13)
#462    ListIterable.forEach (dart:_internal/iterable.dart:49:13)
#463    _InactiveElements._unmountAll (package:flutter/src/widgets/framework.dart:2126:25)
#464    BuildOwner.lockState (package:flutter/src/widgets/framework.dart:3020:15)
#465    BuildOwner.finalizeTree (package:flutter/src/widgets/framework.dart:3344:7)
#466    AutomatedTestWidgetsFlutterBinding.drawFrame (package:flutter_test/src/binding.dart:2153:19)
#467    RendererBinding._handlePersistentFrameCallback (package:flutter/src/rendering/binding.dart:495:5)
#468    SchedulerBinding._invokeFrameCallback (package:flutter/src/scheduler/binding.dart:1430:15)
#469    SchedulerBinding.handleDrawFrame (package:flutter/src/scheduler/binding.dart:1345:9)
#470    AutomatedTestWidgetsFlutterBinding.scheduleWarmUpFrame (package:flutter_test/src/binding.dart:2057:5)
#471    _runWidget (package:flutter/src/widgets/binding.dart:1683:7)
#472    runApp (package:flutter/src/widgets/binding.dart:1616:3)
#473    TestWidgetsFlutterBinding._runTestBody (package:flutter_test/src/binding.dart:1689:7)
<asynchronous suspension>
<asynchronous suspension>
(elided 12 frames from dart:async and package:stack_trace)

Timer (duration: 0:00:00.000000, periodic: false), created:
#0      new FakeTimer._ (package:fake_async/fake_async.dart:342:62)
#1      FakeAsync._createTimer (package:fake_async/fake_async.dart:260:29)
#2      FakeAsync.run.<anonymous closure> (package:fake_async/fake_async.dart:185:15)
#6      StreamQueryStore.markAsClosed (package:drift/src/runtime/executor/stream_queries.dart:156:11)
#7      QueryStream._onCancelOrPause (package:drift/src/runtime/executor/stream_queries.dart:305:14)
#8      QueryStream._stream.<anonymous closure>.<anonymous closure> (package:drift/src/runtime/executor/stream_queries.dart:238:9)
#17     _StreamBuilderBaseState._unsubscribe (package:flutter/src/widgets/async.dart:156:22)
#18     _StreamBuilderBaseState.dispose (package:flutter/src/widgets/async.dart:127:5)
#19     StatefulElement.unmount (package:flutter/src/widgets/framework.dart:6030:11)
#20     _InactiveElements._unmount (package:flutter/src/widgets/framework.dart:2117:13)
#21     _InactiveElements._unmount.<anonymous closure> (package:flutter/src/widgets/framework.dart:2115:7)
#22     SingleChildRenderObjectElement.visitChildren (package:flutter/src/widgets/framework.dart:7101:14)
#23     _InactiveElements._unmount (package:flutter/src/widgets/framework.dart:2113:13)
#24     _InactiveElements._unmount.<anonymous closure> (package:flutter/src/widgets/framework.dart:2115:7)
#25     SingleChildRenderObjectElement.visitChildren (package:flutter/src/widgets/framework.dart:7101:14)
#26     _InactiveElements._unmount (package:flutter/src/widgets/framework.dart:2113:13)
#27     _InactiveElements._unmount.<anonymous closure> (package:flutter/src/widgets/framework.dart:2115:7)
#28     ComponentElement.visitChildren (package:flutter/src/widgets/framework.dart:5871:14)
#29     _InactiveElements._unmount (package:flutter/src/widgets/framework.dart:2113:13)
#30     _InactiveElements._unmount.<anonymous closure> (package:flutter/src/widgets/framework.dart:2115:7)
#31     SingleChildRenderObjectElement.visitChildren (package:flutter/src/widgets/framework.dart:7101:14)
#32     _InactiveElements._unmount (package:flutter/src/widgets/framework.dart:2113:13)
#33     _InactiveElements._unmount.<anonymous closure> (package:flutter/src/widgets/framework.dart:2115:7)
#34     ComponentElement.visitChildren (package:flutter/src/widgets/framework.dart:5871:14)
#35     _InactiveElements._unmount (package:flutter/src/widgets/framework.dart:2113:13)
#36     _InactiveElements._unmount.<anonymous closure> (package:flutter/src/widgets/framework.dart:2115:7)
#37     ComponentElement.visitChildren (package:flutter/src/widgets/framework.dart:5871:14)
#38     _InactiveElements._unmount (package:flutter/src/widgets/framework.dart:2113:13)
#39     _InactiveElements._unmount.<anonymous closure> (package:flutter/src/widgets/framework.dart:2115:7)
#40     ComponentElement.visitChildren (package:flutter/src/widgets/framework.dart:5871:14)
#41     _InactiveElements._unmount (package:flutter/src/widgets/framework.dart:2113:13)
#42     _InactiveElements._unmount.<anonymous closure> (package:flutter/src/widgets/framework.dart:2115:7)
#43     ComponentElement.visitChildren (package:flutter/src/widgets/framework.dart:5871:14)
#44     _InactiveElements._unmount (package:flutter/src/widgets/framework.dart:2113:13)
#45     _InactiveElements._unmount.<anonymous closure> (package:flutter/src/widgets/framework.dart:2115:7)
#46     ComponentElement.visitChildren (package:flutter/src/widgets/framework.dart:5871:14)
#47     _InactiveElements._unmount (package:flutter/src/widgets/framework.dart:2113:13)
#48     _InactiveElements._unmount.<anonymous closure> (package:flutter/src/widgets/framework.dart:2115:7)
#49     ComponentElement.visitChildren (package:flutter/src/widgets/framework.dart:5871:14)
#50     _InactiveElements._unmount (package:flutter/src/widgets/framework.dart:2113:13)
#51     _InactiveElements._unmount.<anonymous closure> (package:flutter/src/widgets/framework.dart:2115:7)
#52     MultiChildRenderObjectElement.visitChildren (package:flutter/src/widgets/framework.dart:7223:16)
#53     _InactiveElements._unmount (package:flutter/src/widgets/framework.dart:2113:13)
#54     _InactiveElements._unmount.<anonymous closure> (package:flutter/src/widgets/framework.dart:2115:7)
#55     ComponentElement.visitChildren (package:flutter/src/widgets/framework.dart:5871:14)
#56     _InactiveElements._unmount (package:flutter/src/widgets/framework.dart:2113:13)
#57     _InactiveElements._unmount.<anonymous closure> (package:flutter/src/widgets/framework.dart:2115:7)
#58     ComponentElement.visitChildren (package:flutter/src/widgets/framework.dart:5871:14)
#59     _InactiveElements._unmount (package:flutter/src/widgets/framework.dart:2113:13)
#60     _InactiveElements._unmount.<anonymous closure> (package:flutter/src/widgets/framework.dart:2115:7)
#61     ComponentElement.visitChildren (package:flutter/src/widgets/framework.dart:5871:14)
#62     _InactiveElements._unmount (package:flutter/src/widgets/framework.dart:2113:13)
#63     _InactiveElements._unmount.<anonymous closure> (package:flutter/src/widgets/framework.dart:2115:7)
#64     ComponentElement.visitChildren (package:flutter/src/widgets/framework.dart:5871:14)
#65     _InactiveElements._unmount (package:flutter/src/widgets/framework.dart:2113:13)
#66     _InactiveElements._unmount.<anonymous closure> (package:flutter/src/widgets/framework.dart:2115:7)
#67     ComponentElement.visitChildren (package:flutter/src/widgets/framework.dart:5871:14)
#68     _InactiveElements._unmount (package:flutter/src/widgets/framework.dart:2113:13)
#69     _InactiveElements._unmount.<anonymous closure> (package:flutter/src/widgets/framework.dart:2115:7)
#70     SingleChildRenderObjectElement.visitChildren (package:flutter/src/widgets/framework.dart:7101:14)
#71     _InactiveElements._unmount (package:flutter/src/widgets/framework.dart:2113:13)
#72     _InactiveElements._unmount.<anonymous closure> (package:flutter/src/widgets/framework.dart:2115:7)
#73     ComponentElement.visitChildren (package:flutter/src/widgets/framework.dart:5871:14)
#74     _InactiveElements._unmount (package:flutter/src/widgets/framework.dart:2113:13)
#75     _InactiveElements._unmount.<anonymous closure> (package:flutter/src/widgets/framework.dart:2115:7)
#76     SingleChildRenderObjectElement.visitChildren (package:flutter/src/widgets/framework.dart:7101:14)
#77     _InactiveElements._unmount (package:flutter/src/widgets/framework.dart:2113:13)
#78     _InactiveElements._unmount.<anonymous closure> (package:flutter/src/widgets/framework.dart:2115:7)
#79     ComponentElement.visitChildren (package:flutter/src/widgets/framework.dart:5871:14)
#80     _InactiveElements._unmount (package:flutter/src/widgets/framework.dart:2113:13)
#81     _InactiveElements._unmount.<anonymous closure> (package:flutter/src/widgets/framework.dart:2115:7)
#82     ComponentElement.visitChildren (package:flutter/src/widgets/framework.dart:5871:14)
#83     _InactiveElements._unmount (package:flutter/src/widgets/framework.dart:2113:13)
#84     _InactiveElements._unmount.<anonymous closure> (package:flutter/src/widgets/framework.dart:2115:7)
#85     ComponentElement.visitChildren (package:flutter/src/widgets/framework.dart:5871:14)
#86     _InactiveElements._unmount (package:flutter/src/widgets/framework.dart:2113:13)
#87     _InactiveElements._unmount.<anonymous closure> (package:flutter/src/widgets/framework.dart:2115:7)
#88     ComponentElement.visitChildren (package:flutter/src/widgets/framework.dart:5871:14)
#89     _InactiveElements._unmount (package:flutter/src/widgets/framework.dart:2113:13)
#90     _InactiveElements._unmount.<anonymous closure> (package:flutter/src/widgets/framework.dart:2115:7)
#91     ComponentElement.visitChildren (package:flutter/src/widgets/framework.dart:5871:14)
#92     _InactiveElements._unmount (package:flutter/src/widgets/framework.dart:2113:13)
#93     _InactiveElements._unmount.<anonymous closure> (package:flutter/src/widgets/framework.dart:2115:7)
#94     ComponentElement.visitChildren (package:flutter/src/widgets/framework.dart:5871:14)
#95     _InactiveElements._unmount (package:flutter/src/widgets/framework.dart:2113:13)
#96     _InactiveElements._unmount.<anonymous closure> (package:flutter/src/widgets/framework.dart:2115:7)
#97     ComponentElement.visitChildren (package:flutter/src/widgets/framework.dart:5871:14)
#98     _InactiveElements._unmount (package:flutter/src/widgets/framework.dart:2113:13)
#99     _InactiveElements._unmount.<anonymous closure> (package:flutter/src/widgets/framework.dart:2115:7)
#100    ComponentElement.visitChildren (package:flutter/src/widgets/framework.dart:5871:14)
#101    _InactiveElements._unmount (package:flutter/src/widgets/framework.dart:2113:13)
#102    _InactiveElements._unmount.<anonymous closure> (package:flutter/src/widgets/framework.dart:2115:7)
#103    ComponentElement.visitChildren (package:flutter/src/widgets/framework.dart:5871:14)
#104    _InactiveElements._unmount (package:flutter/src/widgets/framework.dart:2113:13)
#105    _InactiveElements._unmount.<anonymous closure> (package:flutter/src/widgets/framework.dart:2115:7)
#106    SingleChildRenderObjectElement.visitChildren (package:flutter/src/widgets/framework.dart:7101:14)
#107    _InactiveElements._unmount (package:flutter/src/widgets/framework.dart:2113:13)
#108    _InactiveElements._unmount.<anonymous closure> (package:flutter/src/widgets/framework.dart:2115:7)
#109    ComponentElement.visitChildren (package:flutter/src/widgets/framework.dart:5871:14)
#110    _InactiveElements._unmount (package:flutter/src/widgets/framework.dart:2113:13)
#111    _InactiveElements._unmount.<anonymous closure> (package:flutter/src/widgets/framework.dart:2115:7)
#112    SingleChildRenderObjectElement.visitChildren (package:flutter/src/widgets/framework.dart:7101:14)
#113    _InactiveElements._unmount (package:flutter/src/widgets/framework.dart:2113:13)
#114    _InactiveElements._unmount.<anonymous closure> (package:flutter/src/widgets/framework.dart:2115:7)
#115    SingleChildRenderObjectElement.visitChildren (package:flutter/src/widgets/framework.dart:7101:14)
#116    _InactiveElements._unmount (package:flutter/src/widgets/framework.dart:2113:13)
#117    _InactiveElements._unmount.<anonymous closure> (package:flutter/src/widgets/framework.dart:2115:7)
#118    ComponentElement.visitChildren (package:flutter/src/widgets/framework.dart:5871:14)
#119    _InactiveElements._unmount (package:flutter/src/widgets/framework.dart:2113:13)
#120    _InactiveElements._unmount.<anonymous closure> (package:flutter/src/widgets/framework.dart:2115:7)
#121    SingleChildRenderObjectElement.visitChildren (package:flutter/src/widgets/framework.dart:7101:14)
#122    _InactiveElements._unmount (package:flutter/src/widgets/framework.dart:2113:13)
#123    _InactiveElements._unmount.<anonymous closure> (package:flutter/src/widgets/framework.dart:2115:7)
#124    ComponentElement.visitChildren (package:flutter/src/widgets/framework.dart:5871:14)
#125    _InactiveElements._unmount (package:flutter/src/widgets/framework.dart:2113:13)
#126    _InactiveElements._unmount.<anonymous closure> (package:flutter/src/widgets/framework.dart:2115:7)
#127    SingleChildRenderObjectElement.visitChildren (package:flutter/src/widgets/framework.dart:7101:14)
#128    _InactiveElements._unmount (package:flutter/src/widgets/framework.dart:2113:13)
#129    _InactiveElements._unmount.<anonymous closure> (package:flutter/src/widgets/framework.dart:2115:7)
#130    SingleChildRenderObjectElement.visitChildren (package:flutter/src/widgets/framework.dart:7101:14)
#131    _InactiveElements._unmount (package:flutter/src/widgets/framework.dart:2113:13)
#132    _InactiveElements._unmount.<anonymous closure> (package:flutter/src/widgets/framework.dart:2115:7)
#133    ComponentElement.visitChildren (package:flutter/src/widgets/framework.dart:5871:14)
#134    _InactiveElements._unmount (package:flutter/src/widgets/framework.dart:2113:13)
#135    _InactiveElements._unmount.<anonymous closure> (package:flutter/src/widgets/framework.dart:2115:7)
#136    SingleChildRenderObjectElement.visitChildren (package:flutter/src/widgets/framework.dart:7101:14)
#137    _InactiveElements._unmount (package:flutter/src/widgets/framework.dart:2113:13)
#138    _InactiveElements._unmount.<anonymous closure> (package:flutter/src/widgets/framework.dart:2115:7)
#139    ComponentElement.visitChildren (package:flutter/src/widgets/framework.dart:5871:14)
#140    _InactiveElements._unmount (package:flutter/src/widgets/framework.dart:2113:13)
#141    _InactiveElements._unmount.<anonymous closure> (package:flutter/src/widgets/framework.dart:2115:7)
#142    SingleChildRenderObjectElement.visitChildren (package:flutter/src/widgets/framework.dart:7101:14)
#143    _InactiveElements._unmount (package:flutter/src/widgets/framework.dart:2113:13)
#144    _InactiveElements._unmount.<anonymous closure> (package:flutter/src/widgets/framework.dart:2115:7)
#145    SingleChildRenderObjectElement.visitChildren (package:flutter/src/widgets/framework.dart:7101:14)
#146    _InactiveElements._unmount (package:flutter/src/widgets/framework.dart:2113:13)
#147    _InactiveElements._unmount.<anonymous closure> (package:flutter/src/widgets/framework.dart:2115:7)
#148    ComponentElement.visitChildren (package:flutter/src/widgets/framework.dart:5871:14)
#149    _InactiveElements._unmount (package:flutter/src/widgets/framework.dart:2113:13)
#150    _InactiveElements._unmount.<anonymous closure> (package:flutter/src/widgets/framework.dart:2115:7)
#151    SingleChildRenderObjectElement.visitChildren (package:flutter/src/widgets/framework.dart:7101:14)
#152    _InactiveElements._unmount (package:flutter/src/widgets/framework.dart:2113:13)
#153    _InactiveElements._unmount.<anonymous closure> (package:flutter/src/widgets/framework.dart:2115:7)
#154    SingleChildRenderObjectElement.visitChildren (package:flutter/src/widgets/framework.dart:7101:14)
#155    _InactiveElements._unmount (package:flutter/src/widgets/framework.dart:2113:13)
#156    _InactiveElements._unmount.<anonymous closure> (package:flutter/src/widgets/framework.dart:2115:7)
#157    SingleChildRenderObjectElement.visitChildren (package:flutter/src/widgets/framework.dart:7101:14)
#158    _InactiveElements._unmount (package:flutter/src/widgets/framework.dart:2113:13)
#159    _InactiveElements._unmount.<anonymous closure> (package:flutter/src/widgets/framework.dart:2115:7)
#160    ComponentElement.visitChildren (package:flutter/src/widgets/framework.dart:5871:14)
#161    _InactiveElements._unmount (package:flutter/src/widgets/framework.dart:2113:13)
#162    _InactiveElements._unmount.<anonymous closure> (package:flutter/src/widgets/framework.dart:2115:7)
#163    SingleChildRenderObjectElement.visitChildren (package:flutter/src/widgets/framework.dart:7101:14)
#164    _InactiveElements._unmount (package:flutter/src/widgets/framework.dart:2113:13)
#165    _InactiveElements._unmount.<anonymous closure> (package:flutter/src/widgets/framework.dart:2115:7)
#166    ComponentElement.visitChildren (package:flutter/src/widgets/framework.dart:5871:14)
#167    _InactiveElements._unmount (package:flutter/src/widgets/framework.dart:2113:13)
#168    _InactiveElements._unmount.<anonymous closure> (package:flutter/src/widgets/framework.dart:2115:7)
#169    ComponentElement.visitChildren (package:flutter/src/widgets/framework.dart:5871:14)
#170    _InactiveElements._unmount (package:flutter/src/widgets/framework.dart:2113:13)
#171    _InactiveElements._unmount.<anonymous closure> (package:flutter/src/widgets/framework.dart:2115:7)
#172    ComponentElement.visitChildren (package:flutter/src/widgets/framework.dart:5871:14)
#173    _InactiveElements._unmount (package:flutter/src/widgets/framework.dart:2113:13)
#174    _InactiveElements._unmount.<anonymous closure> (package:flutter/src/widgets/framework.dart:2115:7)
#175    ComponentElement.visitChildren (package:flutter/src/widgets/framework.dart:5871:14)
#176    _InactiveElements._unmount (package:flutter/src/widgets/framework.dart:2113:13)
#177    _InactiveElements._unmount.<anonymous closure> (package:flutter/src/widgets/framework.dart:2115:7)
#178    ComponentElement.visitChildren (package:flutter/src/widgets/framework.dart:5871:14)
#179    _InactiveElements._unmount (package:flutter/src/widgets/framework.dart:2113:13)
#180    _InactiveElements._unmount.<anonymous closure> (package:flutter/src/widgets/framework.dart:2115:7)
#181    SingleChildRenderObjectElement.visitChildren (package:flutter/src/widgets/framework.dart:7101:14)
#182    _InactiveElements._unmount (package:flutter/src/widgets/framework.dart:2113:13)
#183    _InactiveElements._unmount.<anonymous closure> (package:flutter/src/widgets/framework.dart:2115:7)
#184    ComponentElement.visitChildren (package:flutter/src/widgets/framework.dart:5871:14)
#185    _InactiveElements._unmount (package:flutter/src/widgets/framework.dart:2113:13)
#186    _InactiveElements._unmount.<anonymous closure> (package:flutter/src/widgets/framework.dart:2115:7)
#187    SingleChildRenderObjectElement.visitChildren (package:flutter/src/widgets/framework.dart:7101:14)
#188    _InactiveElements._unmount (package:flutter/src/widgets/framework.dart:2113:13)
#189    _InactiveElements._unmount.<anonymous closure> (package:flutter/src/widgets/framework.dart:2115:7)
#190    ComponentElement.visitChildren (package:flutter/src/widgets/framework.dart:5871:14)
#191    _InactiveElements._unmount (package:flutter/src/widgets/framework.dart:2113:13)
#192    _InactiveElements._unmount.<anonymous closure> (package:flutter/src/widgets/framework.dart:2115:7)
#193    ComponentElement.visitChildren (package:flutter/src/widgets/framework.dart:5871:14)
#194    _InactiveElements._unmount (package:flutter/src/widgets/framework.dart:2113:13)
#195    _InactiveElements._unmount.<anonymous closure> (package:flutter/src/widgets/framework.dart:2115:7)
#196    ComponentElement.visitChildren (package:flutter/src/widgets/framework.dart:5871:14)
#197    _InactiveElements._unmount (package:flutter/src/widgets/framework.dart:2113:13)
#198    _InactiveElements._unmount.<anonymous closure> (package:flutter/src/widgets/framework.dart:2115:7)
#199    ComponentElement.visitChildren (package:flutter/src/widgets/framework.dart:5871:14)
#200    _InactiveElements._unmount (package:flutter/src/widgets/framework.dart:2113:13)
#201    _InactiveElements._unmount.<anonymous closure> (package:flutter/src/widgets/framework.dart:2115:7)
#202    ComponentElement.visitChildren (package:flutter/src/widgets/framework.dart:5871:14)
#203    _InactiveElements._unmount (package:flutter/src/widgets/framework.dart:2113:13)
#204    _InactiveElements._unmount.<anonymous closure> (package:flutter/src/widgets/framework.dart:2115:7)
#205    ComponentElement.visitChildren (package:flutter/src/widgets/framework.dart:5871:14)
#206    _InactiveElements._unmount (package:flutter/src/widgets/framework.dart:2113:13)
#207    _InactiveElements._unmount.<anonymous closure> (package:flutter/src/widgets/framework.dart:2115:7)
#208    SingleChildRenderObjectElement.visitChildren (package:flutter/src/widgets/framework.dart:7101:14)
#209    _InactiveElements._unmount (package:flutter/src/widgets/framework.dart:2113:13)
#210    _InactiveElements._unmount.<anonymous closure> (package:flutter/src/widgets/framework.dart:2115:7)
#211    ComponentElement.visitChildren (package:flutter/src/widgets/framework.dart:5871:14)
#212    _InactiveElements._unmount (package:flutter/src/widgets/framework.dart:2113:13)
#213    _InactiveElements._unmount.<anonymous closure> (package:flutter/src/widgets/framework.dart:2115:7)
#214    ComponentElement.visitChildren (package:flutter/src/widgets/framework.dart:5871:14)
#215    _InactiveElements._unmount (package:flutter/src/widgets/framework.dart:2113:13)
#216    _InactiveElements._unmount.<anonymous closure> (package:flutter/src/widgets/framework.dart:2115:7)
#217    ComponentElement.visitChildren (package:flutter/src/widgets/framework.dart:5871:14)
#218    _InactiveElements._unmount (package:flutter/src/widgets/framework.dart:2113:13)
#219    _InactiveElements._unmount.<anonymous closure> (package:flutter/src/widgets/framework.dart:2115:7)
#220    ComponentElement.visitChildren (package:flutter/src/widgets/framework.dart:5871:14)
#221    _InactiveElements._unmount (package:flutter/src/widgets/framework.dart:2113:13)
#222    _InactiveElements._unmount.<anonymous closure> (package:flutter/src/widgets/framework.dart:2115:7)
#223    ComponentElement.visitChildren (package:flutter/src/widgets/framework.dart:5871:14)
#224    _InactiveElements._unmount (package:flutter/src/widgets/framework.dart:2113:13)
#225    _InactiveElements._unmount.<anonymous closure> (package:flutter/src/widgets/framework.dart:2115:7)
#226    SingleChildRenderObjectElement.visitChildren (package:flutter/src/widgets/framework.dart:7101:14)
#227    _InactiveElements._unmount (package:flutter/src/widgets/framework.dart:2113:13)
#228    _InactiveElements._unmount.<anonymous closure> (package:flutter/src/widgets/framework.dart:2115:7)
#229    ComponentElement.visitChildren (package:flutter/src/widgets/framework.dart:5871:14)
#230    _InactiveElements._unmount (package:flutter/src/widgets/framework.dart:2113:13)
#231    _InactiveElements._unmount.<anonymous closure> (package:flutter/src/widgets/framework.dart:2115:7)
#232    ComponentElement.visitChildren (package:flutter/src/widgets/framework.dart:5871:14)
#233    _InactiveElements._unmount (package:flutter/src/widgets/framework.dart:2113:13)
#234    _InactiveElements._unmount.<anonymous closure> (package:flutter/src/widgets/framework.dart:2115:7)
#235    ComponentElement.visitChildren (package:flutter/src/widgets/framework.dart:5871:14)
#236    _InactiveElements._unmount (package:flutter/src/widgets/framework.dart:2113:13)
#237    _InactiveElements._unmount.<anonymous closure> (package:flutter/src/widgets/framework.dart:2115:7)
#238    ComponentElement.visitChildren (package:flutter/src/widgets/framework.dart:5871:14)
#239    _InactiveElements._unmount (package:flutter/src/widgets/framework.dart:2113:13)
#240    _InactiveElements._unmount.<anonymous closure> (package:flutter/src/widgets/framework.dart:2115:7)
#241    ComponentElement.visitChildren (package:flutter/src/widgets/framework.dart:5871:14)
#242    _InactiveElements._unmount (package:flutter/src/widgets/framework.dart:2113:13)
#243    _InactiveElements._unmount.<anonymous closure> (package:flutter/src/widgets/framework.dart:2115:7)
#244    MultiChildRenderObjectElement.visitChildren (package:flutter/src/widgets/framework.dart:7223:16)
#245    _InactiveElements._unmount (package:flutter/src/widgets/framework.dart:2113:13)
#246    _InactiveElements._unmount.<anonymous closure> (package:flutter/src/widgets/framework.dart:2115:7)
#247    ComponentElement.visitChildren (package:flutter/src/widgets/framework.dart:5871:14)
#248    _InactiveElements._unmount (package:flutter/src/widgets/framework.dart:2113:13)
#249    _InactiveElements._unmount.<anonymous closure> (package:flutter/src/widgets/framework.dart:2115:7)
#250    ComponentElement.visitChildren (package:flutter/src/widgets/framework.dart:5871:14)
#251    _InactiveElements._unmount (package:flutter/src/widgets/framework.dart:2113:13)
#252    _InactiveElements._unmount.<anonymous closure> (package:flutter/src/widgets/framework.dart:2115:7)
#253    ComponentElement.visitChildren (package:flutter/src/widgets/framework.dart:5871:14)
#254    _InactiveElements._unmount (package:flutter/src/widgets/framework.dart:2113:13)
#255    _InactiveElements._unmount.<anonymous closure> (package:flutter/src/widgets/framework.dart:2115:7)
#256    ComponentElement.visitChildren (package:flutter/src/widgets/framework.dart:5871:14)
#257    _InactiveElements._unmount (package:flutter/src/widgets/framework.dart:2113:13)
#258    _InactiveElements._unmount.<anonymous closure> (package:flutter/src/widgets/framework.dart:2115:7)
#259    ComponentElement.visitChildren (package:flutter/src/widgets/framework.dart:5871:14)
#260    _InactiveElements._unmount (package:flutter/src/widgets/framework.dart:2113:13)
#261    _InactiveElements._unmount.<anonymous closure> (package:flutter/src/widgets/framework.dart:2115:7)
#262    ComponentElement.visitChildren (package:flutter/src/widgets/framework.dart:5871:14)
#263    _InactiveElements._unmount (package:flutter/src/widgets/framework.dart:2113:13)
#264    _InactiveElements._unmount.<anonymous closure> (package:flutter/src/widgets/framework.dart:2115:7)
#265    ComponentElement.visitChildren (package:flutter/src/widgets/framework.dart:5871:14)
#266    _InactiveElements._unmount (package:flutter/src/widgets/framework.dart:2113:13)
#267    _InactiveElements._unmount.<anonymous closure> (package:flutter/src/widgets/framework.dart:2115:7)
#268    SingleChildRenderObjectElement.visitChildren (package:flutter/src/widgets/framework.dart:7101:14)
#269    _InactiveElements._unmount (package:flutter/src/widgets/framework.dart:2113:13)
#270    _InactiveElements._unmount.<anonymous closure> (package:flutter/src/widgets/framework.dart:2115:7)
#271    SingleChildRenderObjectElement.visitChildren (package:flutter/src/widgets/framework.dart:7101:14)
#272    _InactiveElements._unmount (package:flutter/src/widgets/framework.dart:2113:13)
#273    _InactiveElements._unmount.<anonymous closure> (package:flutter/src/widgets/framework.dart:2115:7)
#274    ComponentElement.visitChildren (package:flutter/src/widgets/framework.dart:5871:14)
#275    _InactiveElements._unmount (package:flutter/src/widgets/framework.dart:2113:13)
#276    _InactiveElements._unmount.<anonymous closure> (package:flutter/src/widgets/framework.dart:2115:7)
#277    ComponentElement.visitChildren (package:flutter/src/widgets/framework.dart:5871:14)
#278    _InactiveElements._unmount (package:flutter/src/widgets/framework.dart:2113:13)
#279    _InactiveElements._unmount.<anonymous closure> (package:flutter/src/widgets/framework.dart:2115:7)
#280    ComponentElement.visitChildren (package:flutter/src/widgets/framework.dart:5871:14)
#281    _InactiveElements._unmount (package:flutter/src/widgets/framework.dart:2113:13)
#282    _InactiveElements._unmount.<anonymous closure> (package:flutter/src/widgets/framework.dart:2115:7)
#283    ComponentElement.visitChildren (package:flutter/src/widgets/framework.dart:5871:14)
#284    _InactiveElements._unmount (package:flutter/src/widgets/framework.dart:2113:13)
#285    _InactiveElements._unmount.<anonymous closure> (package:flutter/src/widgets/framework.dart:2115:7)
#286    SingleChildRenderObjectElement.visitChildren (package:flutter/src/widgets/framework.dart:7101:14)
#287    _InactiveElements._unmount (package:flutter/src/widgets/framework.dart:2113:13)
#288    _InactiveElements._unmount.<anonymous closure> (package:flutter/src/widgets/framework.dart:2115:7)
#289    ComponentElement.visitChildren (package:flutter/src/widgets/framework.dart:5871:14)
#290    _InactiveElements._unmount (package:flutter/src/widgets/framework.dart:2113:13)
#291    _InactiveElements._unmount.<anonymous closure> (package:flutter/src/widgets/framework.dart:2115:7)
#292    ComponentElement.visitChildren (package:flutter/src/widgets/framework.dart:5871:14)
#293    _InactiveElements._unmount (package:flutter/src/widgets/framework.dart:2113:13)
#294    _InactiveElements._unmount.<anonymous closure> (package:flutter/src/widgets/framework.dart:2115:7)
#295    ComponentElement.visitChildren (package:flutter/src/widgets/framework.dart:5871:14)
#296    _InactiveElements._unmount (package:flutter/src/widgets/framework.dart:2113:13)
#297    _InactiveElements._unmount.<anonymous closure> (package:flutter/src/widgets/framework.dart:2115:7)
#298    ComponentElement.visitChildren (package:flutter/src/widgets/framework.dart:5871:14)
#299    _InactiveElements._unmount (package:flutter/src/widgets/framework.dart:2113:13)
#300    _InactiveElements._unmount.<anonymous closure> (package:flutter/src/widgets/framework.dart:2115:7)
#301    ComponentElement.visitChildren (package:flutter/src/widgets/framework.dart:5871:14)
#302    _InactiveElements._unmount (package:flutter/src/widgets/framework.dart:2113:13)
#303    _InactiveElements._unmount.<anonymous closure> (package:flutter/src/widgets/framework.dart:2115:7)
#304    ComponentElement.visitChildren (package:flutter/src/widgets/framework.dart:5871:14)
#305    _InactiveElements._unmount (package:flutter/src/widgets/framework.dart:2113:13)
#306    _InactiveElements._unmount.<anonymous closure> (package:flutter/src/widgets/framework.dart:2115:7)
#307    ComponentElement.visitChildren (package:flutter/src/widgets/framework.dart:5871:14)
#308    _InactiveElements._unmount (package:flutter/src/widgets/framework.dart:2113:13)
#309    _InactiveElements._unmount.<anonymous closure> (package:flutter/src/widgets/framework.dart:2115:7)
#310    ComponentElement.visitChildren (package:flutter/src/widgets/framework.dart:5871:14)
#311    _InactiveElements._unmount (package:flutter/src/widgets/framework.dart:2113:13)
#312    _InactiveElements._unmount.<anonymous closure> (package:flutter/src/widgets/framework.dart:2115:7)
#313    ComponentElement.visitChildren (package:flutter/src/widgets/framework.dart:5871:14)
#314    _InactiveElements._unmount (package:flutter/src/widgets/framework.dart:2113:13)
#315    _InactiveElements._unmount.<anonymous closure> (package:flutter/src/widgets/framework.dart:2115:7)
#316    ComponentElement.visitChildren (package:flutter/src/widgets/framework.dart:5871:14)
#317    _InactiveElements._unmount (package:flutter/src/widgets/framework.dart:2113:13)
#318    _InactiveElements._unmount.<anonymous closure> (package:flutter/src/widgets/framework.dart:2115:7)
#319    ComponentElement.visitChildren (package:flutter/src/widgets/framework.dart:5871:14)
#320    _InactiveElements._unmount (package:flutter/src/widgets/framework.dart:2113:13)
#321    _InactiveElements._unmount.<anonymous closure> (package:flutter/src/widgets/framework.dart:2115:7)
#322    ComponentElement.visitChildren (package:flutter/src/widgets/framework.dart:5871:14)
#323    _InactiveElements._unmount (package:flutter/src/widgets/framework.dart:2113:13)
#324    _InactiveElements._unmount.<anonymous closure> (package:flutter/src/widgets/framework.dart:2115:7)
#325    ComponentElement.visitChildren (package:flutter/src/widgets/framework.dart:5871:14)
#326    _InactiveElements._unmount (package:flutter/src/widgets/framework.dart:2113:13)
#327    _InactiveElements._unmount.<anonymous closure> (package:flutter/src/widgets/framework.dart:2115:7)
#328    ComponentElement.visitChildren (package:flutter/src/widgets/framework.dart:5871:14)
#329    _InactiveElements._unmount (package:flutter/src/widgets/framework.dart:2113:13)
#330    _InactiveElements._unmount.<anonymous closure> (package:flutter/src/widgets/framework.dart:2115:7)
#331    ComponentElement.visitChildren (package:flutter/src/widgets/framework.dart:5871:14)
#332    _InactiveElements._unmount (package:flutter/src/widgets/framework.dart:2113:13)
#333    _InactiveElements._unmount.<anonymous closure> (package:flutter/src/widgets/framework.dart:2115:7)
#334    SingleChildRenderObjectElement.visitChildren (package:flutter/src/widgets/framework.dart:7101:14)
#335    _InactiveElements._unmount (package:flutter/src/widgets/framework.dart:2113:13)
#336    _InactiveElements._unmount.<anonymous closure> (package:flutter/src/widgets/framework.dart:2115:7)
#337    ComponentElement.visitChildren (package:flutter/src/widgets/framework.dart:5871:14)
#338    _InactiveElements._unmount (package:flutter/src/widgets/framework.dart:2113:13)
#339    _InactiveElements._unmount.<anonymous closure> (package:flutter/src/widgets/framework.dart:2115:7)
#340    ComponentElement.visitChildren (package:flutter/src/widgets/framework.dart:5871:14)
#341    _InactiveElements._unmount (package:flutter/src/widgets/framework.dart:2113:13)
#342    _InactiveElements._unmount.<anonymous closure> (package:flutter/src/widgets/framework.dart:2115:7)
#343    ComponentElement.visitChildren (package:flutter/src/widgets/framework.dart:5871:14)
#344    _InactiveElements._unmount (package:flutter/src/widgets/framework.dart:2113:13)
#345    _InactiveElements._unmount.<anonymous closure> (package:flutter/src/widgets/framework.dart:2115:7)
#346    ComponentElement.visitChildren (package:flutter/src/widgets/framework.dart:5871:14)
#347    _InactiveElements._unmount (package:flutter/src/widgets/framework.dart:2113:13)
#348    _InactiveElements._unmount.<anonymous closure> (package:flutter/src/widgets/framework.dart:2115:7)
#349    ComponentElement.visitChildren (package:flutter/src/widgets/framework.dart:5871:14)
#350    _InactiveElements._unmount (package:flutter/src/widgets/framework.dart:2113:13)
#351    _InactiveElements._unmount.<anonymous closure> (package:flutter/src/widgets/framework.dart:2115:7)
#352    SingleChildRenderObjectElement.visitChildren (package:flutter/src/widgets/framework.dart:7101:14)
#353    _InactiveElements._unmount (package:flutter/src/widgets/framework.dart:2113:13)
#354    _InactiveElements._unmount.<anonymous closure> (package:flutter/src/widgets/framework.dart:2115:7)
#355    ComponentElement.visitChildren (package:flutter/src/widgets/framework.dart:5871:14)
#356    _InactiveElements._unmount (package:flutter/src/widgets/framework.dart:2113:13)
#357    _InactiveElements._unmount.<anonymous closure> (package:flutter/src/widgets/framework.dart:2115:7)
#358    ComponentElement.visitChildren (package:flutter/src/widgets/framework.dart:5871:14)
#359    _InactiveElements._unmount (package:flutter/src/widgets/framework.dart:2113:13)
#360    _InactiveElements._unmount.<anonymous closure> (package:flutter/src/widgets/framework.dart:2115:7)
#361    SingleChildRenderObjectElement.visitChildren (package:flutter/src/widgets/framework.dart:7101:14)
#362    _InactiveElements._unmount (package:flutter/src/widgets/framework.dart:2113:13)
#363    _InactiveElements._unmount.<anonymous closure> (package:flutter/src/widgets/framework.dart:2115:7)
#364    ComponentElement.visitChildren (package:flutter/src/widgets/framework.dart:5871:14)
#365    _InactiveElements._unmount (package:flutter/src/widgets/framework.dart:2113:13)
#366    _InactiveElements._unmount.<anonymous closure> (package:flutter/src/widgets/framework.dart:2115:7)
#367    ComponentElement.visitChildren (package:flutter/src/widgets/framework.dart:5871:14)
#368    _InactiveElements._unmount (package:flutter/src/widgets/framework.dart:2113:13)
#369    _InactiveElements._unmount.<anonymous closure> (package:flutter/src/widgets/framework.dart:2115:7)
#370    ComponentElement.visitChildren (package:flutter/src/widgets/framework.dart:5871:14)
#371    _InactiveElements._unmount (package:flutter/src/widgets/framework.dart:2113:13)
#372    _InactiveElements._unmount.<anonymous closure> (package:flutter/src/widgets/framework.dart:2115:7)
#373    ComponentElement.visitChildren (package:flutter/src/widgets/framework.dart:5871:14)
#374    _InactiveElements._unmount (package:flutter/src/widgets/framework.dart:2113:13)
#375    _InactiveElements._unmount.<anonymous closure> (package:flutter/src/widgets/framework.dart:2115:7)
#376    ComponentElement.visitChildren (package:flutter/src/widgets/framework.dart:5871:14)
#377    _InactiveElements._unmount (package:flutter/src/widgets/framework.dart:2113:13)
#378    _InactiveElements._unmount.<anonymous closure> (package:flutter/src/widgets/framework.dart:2115:7)
#379    SingleChildRenderObjectElement.visitChildren (package:flutter/src/widgets/framework.dart:7101:14)
#380    _InactiveElements._unmount (package:flutter/src/widgets/framework.dart:2113:13)
#381    _InactiveElements._unmount.<anonymous closure> (package:flutter/src/widgets/framework.dart:2115:7)
#382    ComponentElement.visitChildren (package:flutter/src/widgets/framework.dart:5871:14)
#383    _InactiveElements._unmount (package:flutter/src/widgets/framework.dart:2113:13)
#384    _InactiveElements._unmount.<anonymous closure> (package:flutter/src/widgets/framework.dart:2115:7)
#385    ComponentElement.visitChildren (package:flutter/src/widgets/framework.dart:5871:14)
#386    _InactiveElements._unmount (package:flutter/src/widgets/framework.dart:2113:13)
#387    _InactiveElements._unmount.<anonymous closure> (package:flutter/src/widgets/framework.dart:2115:7)
#388    ComponentElement.visitChildren (package:flutter/src/widgets/framework.dart:5871:14)
#389    _InactiveElements._unmount (package:flutter/src/widgets/framework.dart:2113:13)
#390    _InactiveElements._unmount.<anonymous closure> (package:flutter/src/widgets/framework.dart:2115:7)
#391    ComponentElement.visitChildren (package:flutter/src/widgets/framework.dart:5871:14)
#392    _InactiveElements._unmount (package:flutter/src/widgets/framework.dart:2113:13)
#393    _InactiveElements._unmount.<anonymous closure> (package:flutter/src/widgets/framework.dart:2115:7)
#394    ComponentElement.visitChildren (package:flutter/src/widgets/framework.dart:5871:14)
#395    _InactiveElements._unmount (package:flutter/src/widgets/framework.dart:2113:13)
#396    _InactiveElements._unmount.<anonymous closure> (package:flutter/src/widgets/framework.dart:2115:7)
#397    SingleChildRenderObjectElement.visitChildren (package:flutter/src/widgets/framework.dart:7101:14)
#398    _InactiveElements._unmount (package:flutter/src/widgets/framework.dart:2113:13)
#399    _InactiveElements._unmount.<anonymous closure> (package:flutter/src/widgets/framework.dart:2115:7)
#400    ComponentElement.visitChildren (package:flutter/src/widgets/framework.dart:5871:14)
#401    _InactiveElements._unmount (package:flutter/src/widgets/framework.dart:2113:13)
#402    _InactiveElements._unmount.<anonymous closure> (package:flutter/src/widgets/framework.dart:2115:7)
#403    ComponentElement.visitChildren (package:flutter/src/widgets/framework.dart:5871:14)
#404    _InactiveElements._unmount (package:flutter/src/widgets/framework.dart:2113:13)
#405    _InactiveElements._unmount.<anonymous closure> (package:flutter/src/widgets/framework.dart:2115:7)
#406    ComponentElement.visitChildren (package:flutter/src/widgets/framework.dart:5871:14)
#407    _InactiveElements._unmount (package:flutter/src/widgets/framework.dart:2113:13)
#408    _InactiveElements._unmount.<anonymous closure> (package:flutter/src/widgets/framework.dart:2115:7)
#409    ComponentElement.visitChildren (package:flutter/src/widgets/framework.dart:5871:14)
#410    _InactiveElements._unmount (package:flutter/src/widgets/framework.dart:2113:13)
#411    _InactiveElements._unmount.<anonymous closure> (package:flutter/src/widgets/framework.dart:2115:7)
#412    SingleChildRenderObjectElement.visitChildren (package:flutter/src/widgets/framework.dart:7101:14)
#413    _InactiveElements._unmount (package:flutter/src/widgets/framework.dart:2113:13)
#414    _InactiveElements._unmount.<anonymous closure> (package:flutter/src/widgets/framework.dart:2115:7)
#415    ComponentElement.visitChildren (package:flutter/src/widgets/framework.dart:5871:14)
#416    _InactiveElements._unmount (package:flutter/src/widgets/framework.dart:2113:13)
#417    _InactiveElements._unmount.<anonymous closure> (package:flutter/src/widgets/framework.dart:2115:7)
#418    ComponentElement.visitChildren (package:flutter/src/widgets/framework.dart:5871:14)
#419    _InactiveElements._unmount (package:flutter/src/widgets/framework.dart:2113:13)
#420    _InactiveElements._unmount.<anonymous closure> (package:flutter/src/widgets/framework.dart:2115:7)
#421    ComponentElement.visitChildren (package:flutter/src/widgets/framework.dart:5871:14)
#422    _InactiveElements._unmount (package:flutter/src/widgets/framework.dart:2113:13)
#423    _InactiveElements._unmount.<anonymous closure> (package:flutter/src/widgets/framework.dart:2115:7)
#424    ComponentElement.visitChildren (package:flutter/src/widgets/framework.dart:5871:14)
#425    _InactiveElements._unmount (package:flutter/src/widgets/framework.dart:2113:13)
#426    _InactiveElements._unmount.<anonymous closure> (package:flutter/src/widgets/framework.dart:2115:7)
#427    ComponentElement.visitChildren (package:flutter/src/widgets/framework.dart:5871:14)
#428    _InactiveElements._unmount (package:flutter/src/widgets/framework.dart:2113:13)
#429    _InactiveElements._unmount.<anonymous closure> (package:flutter/src/widgets/framework.dart:2115:7)
#430    ComponentElement.visitChildren (package:flutter/src/widgets/framework.dart:5871:14)
#431    _InactiveElements._unmount (package:flutter/src/widgets/framework.dart:2113:13)
#432    _InactiveElements._unmount.<anonymous closure> (package:flutter/src/widgets/framework.dart:2115:7)
#433    ComponentElement.visitChildren (package:flutter/src/widgets/framework.dart:5871:14)
#434    _InactiveElements._unmount (package:flutter/src/widgets/framework.dart:2113:13)
#435    _InactiveElements._unmount.<anonymous closure> (package:flutter/src/widgets/framework.dart:2115:7)
#436    ComponentElement.visitChildren (package:flutter/src/widgets/framework.dart:5871:14)
#437    _InactiveElements._unmount (package:flutter/src/widgets/framework.dart:2113:13)
#438    _InactiveElements._unmount.<anonymous closure> (package:flutter/src/widgets/framework.dart:2115:7)
#439    ComponentElement.visitChildren (package:flutter/src/widgets/framework.dart:5871:14)
#440    _InactiveElements._unmount (package:flutter/src/widgets/framework.dart:2113:13)
#441    _InactiveElements._unmount.<anonymous closure> (package:flutter/src/widgets/framework.dart:2115:7)
#442    ComponentElement.visitChildren (package:flutter/src/widgets/framework.dart:5871:14)
#443    _InactiveElements._unmount (package:flutter/src/widgets/framework.dart:2113:13)
#444    _InactiveElements._unmount.<anonymous closure> (package:flutter/src/widgets/framework.dart:2115:7)
#445    ComponentElement.visitChildren (package:flutter/src/widgets/framework.dart:5871:14)
#446    _InactiveElements._unmount (package:flutter/src/widgets/framework.dart:2113:13)
#447    _InactiveElements._unmount.<anonymous closure> (package:flutter/src/widgets/framework.dart:2115:7)
#448    ComponentElement.visitChildren (package:flutter/src/widgets/framework.dart:5871:14)
#449    _InactiveElements._unmount (package:flutter/src/widgets/framework.dart:2113:13)
#450    _InactiveElements._unmount.<anonymous closure> (package:flutter/src/widgets/framework.dart:2115:7)
#451    ComponentElement.visitChildren (package:flutter/src/widgets/framework.dart:5871:14)
#452    _InactiveElements._unmount (package:flutter/src/widgets/framework.dart:2113:13)
#453    _InactiveElements._unmount.<anonymous closure> (package:flutter/src/widgets/framework.dart:2115:7)
#454    ComponentElement.visitChildren (package:flutter/src/widgets/framework.dart:5871:14)
#455    _InactiveElements._unmount (package:flutter/src/widgets/framework.dart:2113:13)
#456    _InactiveElements._unmount.<anonymous closure> (package:flutter/src/widgets/framework.dart:2115:7)
#457    ComponentElement.visitChildren (package:flutter/src/widgets/framework.dart:5871:14)
#458    _InactiveElements._unmount (package:flutter/src/widgets/framework.dart:2113:13)
#459    ListIterable.forEach (dart:_internal/iterable.dart:49:13)
#460    _InactiveElements._unmountAll (package:flutter/src/widgets/framework.dart:2126:25)
#461    BuildOwner.lockState (package:flutter/src/widgets/framework.dart:3020:15)
#462    BuildOwner.finalizeTree (package:flutter/src/widgets/framework.dart:3344:7)
#463    AutomatedTestWidgetsFlutterBinding.drawFrame (package:flutter_test/src/binding.dart:2153:19)
#464    RendererBinding._handlePersistentFrameCallback (package:flutter/src/rendering/binding.dart:495:5)
#465    SchedulerBinding._invokeFrameCallback (package:flutter/src/scheduler/binding.dart:1430:15)
#466    SchedulerBinding.handleDrawFrame (package:flutter/src/scheduler/binding.dart:1345:9)
#467    AutomatedTestWidgetsFlutterBinding.scheduleWarmUpFrame (package:flutter_test/src/binding.dart:2057:5)
#468    _runWidget (package:flutter/src/widgets/binding.dart:1683:7)
#469    runApp (package:flutter/src/widgets/binding.dart:1616:3)
#470    TestWidgetsFlutterBinding._runTestBody (package:flutter_test/src/binding.dart:1689:7)
<asynchronous suspension>
<asynchronous suspension>
(elided 12 frames from dart:async and package:stack_trace)

โ•โ•โ•ก EXCEPTION CAUGHT BY FLUTTER TEST FRAMEWORK โ•โ•โ•โ•โ•โ•โ•โ•โ•โ•โ•โ•โ•โ•โ•โ•โ•โ•โ•โ•โ•โ•โ•โ•โ•โ•โ•โ•โ•โ•โ•โ•โ•โ•โ•โ•โ•โ•โ•โ•โ•โ•โ•โ•โ•โ•โ•โ•โ•โ•โ•โ•โ•
The following assertion was thrown running a test:
A Timer is still pending even after the widget tree was disposed.
'package:flutter_test/src/binding.dart':
Failed assertion: line 2242 pos 12: '!timersPending'

When the exception was thrown, this was the stack:
#2      AutomatedTestWidgetsFlutterBinding._verifyInvariants (package:flutter_test/src/binding.dart:2242:12)
#3      TestWidgetsFlutterBinding._runTestBody (package:flutter_test/src/binding.dart:1703:7)
<asynchronous suspension>
<asynchronous suspension>
(elided 3 frames from class _AssertionError and package:stack_trace)

The test description was:
  app boots and displays home shell
โ•โ•โ•โ•โ•โ•โ•โ•โ•โ•โ•โ•โ•โ•โ•โ•โ•โ•โ•โ•โ•โ•โ•โ•โ•โ•โ•โ•โ•โ•โ•โ•โ•โ•โ•โ•โ•โ•โ•โ•โ•โ•โ•โ•โ•โ•โ•โ•โ•โ•โ•โ•โ•โ•โ•โ•โ•โ•โ•โ•โ•โ•โ•โ•โ•โ•โ•โ•โ•โ•โ•โ•โ•โ•โ•โ•โ•โ•โ•โ•โ•โ•โ•โ•โ•โ•โ•โ•โ•โ•โ•โ•โ•โ•โ•โ•โ•โ•โ•โ•
00:14 +12 -1: C:/Users/E320/Downloads/Project/LosCheck-main/test/widget_test.dart: adds multiple trip fees and shows today total
00:14 +12 -1: C:/Users/E320/Downloads/Project/LosCheck-main/test/integration_test.dart: Integration Tests app boots and displays home shell [E]
  Test failed. See exception logs above.
  The test description was: app boots and displays home shell
  
00:14 +13 -1: C:/Users/E320/Downloads/Project/LosCheck-main/test/widget_test.dart: adds multiple trip fees and shows today total
00:14 +14 -1: C:/Users/E320/Downloads/Project/LosCheck-main/test/widget_test.dart: adds multiple trip fees and shows today total
00:15 +15 -1: C:/Users/E320/Downloads/Project/LosCheck-main/test/widget_test.dart: adds multiple trip fees and shows today total
00:15 +16 -1: C:/Users/E320/Downloads/Project/LosCheck-main/test/widget_test.dart: adds multiple trip fees and shows today total
00:17 +17 -1: C:/Users/E320/Downloads/Project/LosCheck-main/test/widget_test.dart: adds multiple trip fees and shows today total
00:20 +18 -1: C:/Users/E320/Downloads/Project/LosCheck-main/test/widget_test.dart: adds multiple trip fees and shows today total
00:20 +19 -1: C:/Users/E320/Downloads/Project/LosCheck-main/test/widget_test.dart: adds multiple trip fees and shows today total
00:21 +20 -1: C:/Users/E320/Downloads/Project/LosCheck-main/test/widget_test.dart: adds multiple trip fees and shows today total
00:22 +21 -1: C:/Users/E320/Downloads/Project/LosCheck-main/test/widget_test.dart: adds multiple trip fees and shows today total
00:24 +22 -1: C:/Users/E320/Downloads/Project/LosCheck-main/test/widget_test.dart: adds multiple trip fees and shows today total
00:25 +23 -1: C:/Users/E320/Downloads/Project/LosCheck-main/test/widget_test.dart: adds multiple trip fees and shows today total
00:26 +24 -1: C:/Users/E320/Downloads/Project/LosCheck-main/test/widget_test.dart: adds multiple trip fees and shows today total
00:28 +25 -1: C:/Users/E320/Downloads/Project/LosCheck-main/test/widget_test.dart: adds multiple trip fees and shows today total
00:30 +25 -1: C:/Users/E320/Downloads/Project/LosCheck-main/test/integration_test.dart: Integration Tests complete trip record flow: add, edit, delete
โ•โ•โ•ก EXCEPTION CAUGHT BY FLUTTER TEST FRAMEWORK โ•โ•โ•โ•โ•โ•โ•โ•โ•โ•โ•โ•โ•โ•โ•โ•โ•โ•โ•โ•โ•โ•โ•โ•โ•โ•โ•โ•โ•โ•โ•โ•โ•โ•โ•โ•โ•โ•โ•โ•โ•โ•โ•โ•โ•โ•โ•โ•โ•โ•โ•โ•โ•
The following TestFailure was thrown running a test:
Expected: exactly one matching candidate
  Actual: _TextContainingWidgetFinder:<Found 0 widgets with text containing 10 เธฃเธญเธ x 5 เธเธฒเธ—เธ•เนเธญเธเธดเธฅ:
[]>
   Which: means none were found but one was expected

When the exception was thrown, this was the stack:
#4      main.<anonymous closure>.<anonymous closure> (file:///C:/Users/E320/Downloads/Project/LosCheck-main/test/integration_test.dart:79:7)
<asynchronous suspension>
#5      testWidgets.<anonymous closure>.<anonymous closure> (package:flutter_test/src/widget_tester.dart:192:15)
<asynchronous suspension>
#6      TestWidgetsFlutterBinding._runTestBody (package:flutter_test/src/binding.dart:1682:5)
<asynchronous suspension>
<asynchronous suspension>
(elided one frame from package:stack_trace)

This was caught by the test expectation on the following line:
  file:///C:/Users/E320/Downloads/Project/LosCheck-main/test/integration_test.dart line 79
The test description was:
  complete trip record flow: add, edit, delete
โ•โ•โ•โ•โ•โ•โ•โ•โ•โ•โ•โ•โ•โ•โ•โ•โ•โ•โ•โ•โ•โ•โ•โ•โ•โ•โ•โ•โ•โ•โ•โ•โ•โ•โ•โ•โ•โ•โ•โ•โ•โ•โ•โ•โ•โ•โ•โ•โ•โ•โ•โ•โ•โ•โ•โ•โ•โ•โ•โ•โ•โ•โ•โ•โ•โ•โ•โ•โ•โ•โ•โ•โ•โ•โ•โ•โ•โ•โ•โ•โ•โ•โ•โ•โ•โ•โ•โ•โ•โ•โ•โ•โ•โ•โ•โ•โ•โ•โ•โ•
00:30 +25 -2: C:/Users/E320/Downloads/Project/LosCheck-main/test/widget_test.dart: adds multiple trip fees and shows today total
00:30 +25 -2: C:/Users/E320/Downloads/Project/LosCheck-main/test/integration_test.dart: Integration Tests complete trip record flow: add, edit, delete [E]
  Test failed. See exception logs above.
  The test description was: complete trip record flow: add, edit, delete
  
00:31 +26 -2: C:/Users/E320/Downloads/Project/LosCheck-main/test/widget_test.dart: adds multiple trip fees and shows today total
00:32 +26 -2: C:/Users/E320/Downloads/Project/LosCheck-main/test/trip_fee_page_test.dart: TripFeePage Widget Tests edits trip record when edit button is tapped
โ•โ•โ•ก EXCEPTION CAUGHT BY FLUTTER TEST FRAMEWORK โ•โ•โ•โ•โ•โ•โ•โ•โ•โ•โ•โ•โ•โ•โ•โ•โ•โ•โ•โ•โ•โ•โ•โ•โ•โ•โ•โ•โ•โ•โ•โ•โ•โ•โ•โ•โ•โ•โ•โ•โ•โ•โ•โ•โ•โ•โ•โ•โ•โ•โ•โ•โ•
The following TestFailure was thrown running a test:
Expected: exactly one matching candidate
  Actual: _TextContainingWidgetFinder:<Found 0 widgets with text containing 7 เธฃเธญเธ x 5 เธเธฒเธ—เธ•เนเธญเธเธดเธฅ: []>
   Which: means none were found but one was expected

When the exception was thrown, this was the stack:
#4      main.<anonymous closure>.<anonymous closure> (file:///C:/Users/E320/Downloads/Project/LosCheck-main/test/trip_fee_page_test.dart:129:7)
<asynchronous suspension>
#5      testWidgets.<anonymous closure>.<anonymous closure> (package:flutter_test/src/widget_tester.dart:192:15)
<asynchronous suspension>
#6      TestWidgetsFlutterBinding._runTestBody (package:flutter_test/src/binding.dart:1682:5)
<asynchronous suspension>
<asynchronous suspension>
(elided one frame from package:stack_trace)

This was caught by the test expectation on the following line:
  file:///C:/Users/E320/Downloads/Project/LosCheck-main/test/trip_fee_page_test.dart line 129
The test description was:
  edits trip record when edit button is tapped
โ•โ•โ•โ•โ•โ•โ•โ•โ•โ•โ•โ•โ•โ•โ•โ•โ•โ•โ•โ•โ•โ•โ•โ•โ•โ•โ•โ•โ•โ•โ•โ•โ•โ•โ•โ•โ•โ•โ•โ•โ•โ•โ•โ•โ•โ•โ•โ•โ•โ•โ•โ•โ•โ•โ•โ•โ•โ•โ•โ•โ•โ•โ•โ•โ•โ•โ•โ•โ•โ•โ•โ•โ•โ•โ•โ•โ•โ•โ•โ•โ•โ•โ•โ•โ•โ•โ•โ•โ•โ•โ•โ•โ•โ•โ•โ•โ•โ•โ•โ•
00:32 +26 -3: C:/Users/E320/Downloads/Project/LosCheck-main/test/widget_test.dart: adds multiple trip fees and shows today total
00:32 +26 -3: C:/Users/E320/Downloads/Project/LosCheck-main/test/trip_fee_page_test.dart: TripFeePage Widget Tests edits trip record when edit button is tapped [E]
  Test failed. See exception logs above.
  The test description was: edits trip record when edit button is tapped
  
00:34 +27 -3: C:/Users/E320/Downloads/Project/LosCheck-main/test/widget_test.dart: adds multiple trip fees and shows today total
00:34 +28 -3: C:/Users/E320/Downloads/Project/LosCheck-main/test/integration_test.dart: Integration Tests complete customer record flow: add, edit, delete
00:34 +29 -3: C:/Users/E320/Downloads/Project/LosCheck-main/test/integration_test.dart: Integration Tests complete customer record flow: add, edit, delete
00:36 +29 -3: C:/Users/E320/Downloads/Project/LosCheck-main/test/widget_test.dart: loads saved trip records and groups them by day
Pending timers:
Timer (duration: 0:00:00.000000, periodic: false), created:
#0      new FakeTimer._ (package:fake_async/fake_async.dart:342:62)
#1      FakeAsync._createTimer (package:fake_async/fake_async.dart:260:29)
#2      FakeAsync.run.<anonymous closure> (package:fake_async/fake_async.dart:185:15)
#6      StreamQueryStore.markAsClosed (package:drift/src/runtime/executor/stream_queries.dart:156:11)
#7      QueryStream._onCancelOrPause (package:drift/src/runtime/executor/stream_queries.dart:305:14)
#8      QueryStream._stream.<anonymous closure>.<anonymous closure> (package:drift/src/runtime/executor/stream_queries.dart:238:9)
#17     _StreamBuilderBaseState._unsubscribe (package:flutter/src/widgets/async.dart:156:22)
#18     _StreamBuilderBaseState.dispose (package:flutter/src/widgets/async.dart:127:5)
#19     StatefulElement.unmount (package:flutter/src/widgets/framework.dart:6030:11)
#20     _InactiveElements._unmount (package:flutter/src/widgets/framework.dart:2117:13)
#21     _InactiveElements._unmount.<anonymous closure> (package:flutter/src/widgets/framework.dart:2115:7)
#22     ComponentElement.visitChildren (package:flutter/src/widgets/framework.dart:5871:14)
#23     _InactiveElements._unmount (package:flutter/src/widgets/framework.dart:2113:13)
#24     _InactiveElements._unmount.<anonymous closure> (package:flutter/src/widgets/framework.dart:2115:7)
#25     SingleChildRenderObjectElement.visitChildren (package:flutter/src/widgets/framework.dart:7101:14)
#26     _InactiveElements._unmount (package:flutter/src/widgets/framework.dart:2113:13)
#27     _InactiveElements._unmount.<anonymous closure> (package:flutter/src/widgets/framework.dart:2115:7)
#28     SingleChildRenderObjectElement.visitChildren (package:flutter/src/widgets/framework.dart:7101:14)
#29     _InactiveElements._unmount (package:flutter/src/widgets/framework.dart:2113:13)
#30     _InactiveElements._unmount.<anonymous closure> (package:flutter/src/widgets/framework.dart:2115:7)
#31     ComponentElement.visitChildren (package:flutter/src/widgets/framework.dart:5871:14)
#32     _InactiveElements._unmount (package:flutter/src/widgets/framework.dart:2113:13)
#33     _InactiveElements._unmount.<anonymous closure> (package:flutter/src/widgets/framework.dart:2115:7)
#34     SingleChildRenderObjectElement.visitChildren (package:flutter/src/widgets/framework.dart:7101:14)
#35     _InactiveElements._unmount (package:flutter/src/widgets/framework.dart:2113:13)
#36     _InactiveElements._unmount.<anonymous closure> (package:flutter/src/widgets/framework.dart:2115:7)
#37     ComponentElement.visitChildren (package:flutter/src/widgets/framework.dart:5871:14)
#38     _InactiveElements._unmount (package:flutter/src/widgets/framework.dart:2113:13)
#39     _InactiveElements._unmount.<anonymous closure> (package:flutter/src/widgets/framework.dart:2115:7)
#40     ComponentElement.visitChildren (package:flutter/src/widgets/framework.dart:5871:14)
#41     _InactiveElements._unmount (package:flutter/src/widgets/framework.dart:2113:13)
#42     _InactiveElements._unmount.<anonymous closure> (package:flutter/src/widgets/framework.dart:2115:7)
#43     ComponentElement.visitChildren (package:flutter/src/widgets/framework.dart:5871:14)
#44     _InactiveElements._unmount (package:flutter/src/widgets/framework.dart:2113:13)
#45     _InactiveElements._unmount.<anonymous closure> (package:flutter/src/widgets/framework.dart:2115:7)
#46     ComponentElement.visitChildren (package:flutter/src/widgets/framework.dart:5871:14)
#47     _InactiveElements._unmount (package:flutter/src/widgets/framework.dart:2113:13)
#48     _InactiveElements._unmount.<anonymous closure> (package:flutter/src/widgets/framework.dart:2115:7)
#49     ComponentElement.visitChildren (package:flutter/src/widgets/framework.dart:5871:14)
#50     _InactiveElements._unmount (package:flutter/src/widgets/framework.dart:2113:13)
#51     _InactiveElements._unmount.<anonymous closure> (package:flutter/src/widgets/framework.dart:2115:7)
#52     ComponentElement.visitChildren (package:flutter/src/widgets/framework.dart:5871:14)
#53     _InactiveElements._unmount (package:flutter/src/widgets/framework.dart:2113:13)
#54     _InactiveElements._unmount.<anonymous closure> (package:flutter/src/widgets/framework.dart:2115:7)
#55     MultiChildRenderObjectElement.visitChildren (package:flutter/src/widgets/framework.dart:7223:16)
#56     _InactiveElements._unmount (package:flutter/src/widgets/framework.dart:2113:13)
#57     _InactiveElements._unmount.<anonymous closure> (package:flutter/src/widgets/framework.dart:2115:7)
#58     ComponentElement.visitChildren (package:flutter/src/widgets/framework.dart:5871:14)
#59     _InactiveElements._unmount (package:flutter/src/widgets/framework.dart:2113:13)
#60     _InactiveElements._unmount.<anonymous closure> (package:flutter/src/widgets/framework.dart:2115:7)
#61     ComponentElement.visitChildren (package:flutter/src/widgets/framework.dart:5871:14)
#62     _InactiveElements._unmount (package:flutter/src/widgets/framework.dart:2113:13)
#63     _InactiveElements._unmount.<anonymous closure> (package:flutter/src/widgets/framework.dart:2115:7)
#64     ComponentElement.visitChildren (package:flutter/src/widgets/framework.dart:5871:14)
#65     _InactiveElements._unmount (package:flutter/src/widgets/framework.dart:2113:13)
#66     _InactiveElements._unmount.<anonymous closure> (package:flutter/src/widgets/framework.dart:2115:7)
#67     ComponentElement.visitChildren (package:flutter/src/widgets/framework.dart:5871:14)
#68     _InactiveElements._unmount (package:flutter/src/widgets/framework.dart:2113:13)
#69     _InactiveElements._unmount.<anonymous closure> (package:flutter/src/widgets/framework.dart:2115:7)
#70     ComponentElement.visitChildren (package:flutter/src/widgets/framework.dart:5871:14)
#71     _InactiveElements._unmount (package:flutter/src/widgets/framework.dart:2113:13)
#72     _InactiveElements._unmount.<anonymous closure> (package:flutter/src/widgets/framework.dart:2115:7)
#73     SingleChildRenderObjectElement.visitChildren (package:flutter/src/widgets/framework.dart:7101:14)
#74     _InactiveElements._unmount (package:flutter/src/widgets/framework.dart:2113:13)
#75     _InactiveElements._unmount.<anonymous closure> (package:flutter/src/widgets/framework.dart:2115:7)
#76     ComponentElement.visitChildren (package:flutter/src/widgets/framework.dart:5871:14)
#77     _InactiveElements._unmount (package:flutter/src/widgets/framework.dart:2113:13)
#78     _InactiveElements._unmount.<anonymous closure> (package:flutter/src/widgets/framework.dart:2115:7)
#79     SingleChildRenderObjectElement.visitChildren (package:flutter/src/widgets/framework.dart:7101:14)
#80     _InactiveElements._unmount (package:flutter/src/widgets/framework.dart:2113:13)
#81     _InactiveElements._unmount.<anonymous closure> (package:flutter/src/widgets/framework.dart:2115:7)
#82     ComponentElement.visitChildren (package:flutter/src/widgets/framework.dart:5871:14)
#83     _InactiveElements._unmount (package:flutter/src/widgets/framework.dart:2113:13)
#84     _InactiveElements._unmount.<anonymous closure> (package:flutter/src/widgets/framework.dart:2115:7)
#85     ComponentElement.visitChildren (package:flutter/src/widgets/framework.dart:5871:14)
#86     _InactiveElements._unmount (package:flutter/src/widgets/framework.dart:2113:13)
#87     _InactiveElements._unmount.<anonymous closure> (package:flutter/src/widgets/framework.dart:2115:7)
#88     ComponentElement.visitChildren (package:flutter/src/widgets/framework.dart:5871:14)
#89     _InactiveElements._unmount (package:flutter/src/widgets/framework.dart:2113:13)
#90     _InactiveElements._unmount.<anonymous closure> (package:flutter/src/widgets/framework.dart:2115:7)
#91     ComponentElement.visitChildren (package:flutter/src/widgets/framework.dart:5871:14)
#92     _InactiveElements._unmount (package:flutter/src/widgets/framework.dart:2113:13)
#93     _InactiveElements._unmount.<anonymous closure> (package:flutter/src/widgets/framework.dart:2115:7)
#94     ComponentElement.visitChildren (package:flutter/src/widgets/framework.dart:5871:14)
#95     _InactiveElements._unmount (package:flutter/src/widgets/framework.dart:2113:13)
#96     _InactiveElements._unmount.<anonymous closure> (package:flutter/src/widgets/framework.dart:2115:7)
#97     ComponentElement.visitChildren (package:flutter/src/widgets/framework.dart:5871:14)
#98     _InactiveElements._unmount (package:flutter/src/widgets/framework.dart:2113:13)
#99     _InactiveElements._unmount.<anonymous closure> (package:flutter/src/widgets/framework.dart:2115:7)
#100    ComponentElement.visitChildren (package:flutter/src/widgets/framework.dart:5871:14)
#101    _InactiveElements._unmount (package:flutter/src/widgets/framework.dart:2113:13)
#102    _InactiveElements._unmount.<anonymous closure> (package:flutter/src/widgets/framework.dart:2115:7)
#103    ComponentElement.visitChildren (package:flutter/src/widgets/framework.dart:5871:14)
#104    _InactiveElements._unmount (package:flutter/src/widgets/framework.dart:2113:13)
#105    _InactiveElements._unmount.<anonymous closure> (package:flutter/src/widgets/framework.dart:2115:7)
#106    ComponentElement.visitChildren (package:flutter/src/widgets/framework.dart:5871:14)
#107    _InactiveElements._unmount (package:flutter/src/widgets/framework.dart:2113:13)
#108    _InactiveElements._unmount.<anonymous closure> (package:flutter/src/widgets/framework.dart:2115:7)
#109    SingleChildRenderObjectElement.visitChildren (package:flutter/src/widgets/framework.dart:7101:14)
#110    _InactiveElements._unmount (package:flutter/src/widgets/framework.dart:2113:13)
#111    _InactiveElements._unmount.<anonymous closure> (package:flutter/src/widgets/framework.dart:2115:7)
#112    ComponentElement.visitChildren (package:flutter/src/widgets/framework.dart:5871:14)
#113    _InactiveElements._unmount (package:flutter/src/widgets/framework.dart:2113:13)
#114    _InactiveElements._unmount.<anonymous closure> (package:flutter/src/widgets/framework.dart:2115:7)
#115    SingleChildRenderObjectElement.visitChildren (package:flutter/src/widgets/framework.dart:7101:14)
#116    _InactiveElements._unmount (package:flutter/src/widgets/framework.dart:2113:13)
#117    _InactiveElements._unmount.<anonymous closure> (package:flutter/src/widgets/framework.dart:2115:7)
#118    SingleChildRenderObjectElement.visitChildren (package:flutter/src/widgets/framework.dart:7101:14)
#119    _InactiveElements._unmount (package:flutter/src/widgets/framework.dart:2113:13)
#120    _InactiveElements._unmount.<anonymous closure> (package:flutter/src/widgets/framework.dart:2115:7)
#121    ComponentElement.visitChildren (package:flutter/src/widgets/framework.dart:5871:14)
#122    _InactiveElements._unmount (package:flutter/src/widgets/framework.dart:2113:13)
#123    _InactiveElements._unmount.<anonymous closure> (package:flutter/src/widgets/framework.dart:2115:7)
#124    SingleChildRenderObjectElement.visitChildren (package:flutter/src/widgets/framework.dart:7101:14)
#125    _InactiveElements._unmount (package:flutter/src/widgets/framework.dart:2113:13)
#126    _InactiveElements._unmount.<anonymous closure> (package:flutter/src/widgets/framework.dart:2115:7)
#127    ComponentElement.visitChildren (package:flutter/src/widgets/framework.dart:5871:14)
#128    _InactiveElements._unmount (package:flutter/src/widgets/framework.dart:2113:13)
#129    _InactiveElements._unmount.<anonymous closure> (package:flutter/src/widgets/framework.dart:2115:7)
#130    SingleChildRenderObjectElement.visitChildren (package:flutter/src/widgets/framework.dart:7101:14)
#131    _InactiveElements._unmount (package:flutter/src/widgets/framework.dart:2113:13)
#132    _InactiveElements._unmount.<anonymous closure> (package:flutter/src/widgets/framework.dart:2115:7)
#133    SingleChildRenderObjectElement.visitChildren (package:flutter/src/widgets/framework.dart:7101:14)
#134    _InactiveElements._unmount (package:flutter/src/widgets/framework.dart:2113:13)
#135    _InactiveElements._unmount.<anonymous closure> (package:flutter/src/widgets/framework.dart:2115:7)
#136    ComponentElement.visitChildren (package:flutter/src/widgets/framework.dart:5871:14)
#137    _InactiveElements._unmount (package:flutter/src/widgets/framework.dart:2113:13)
#138    _InactiveElements._unmount.<anonymous closure> (package:flutter/src/widgets/framework.dart:2115:7)
#139    SingleChildRenderObjectElement.visitChildren (package:flutter/src/widgets/framework.dart:7101:14)
#140    _InactiveElements._unmount (package:flutter/src/widgets/framework.dart:2113:13)
#141    _InactiveElements._unmount.<anonymous closure> (package:flutter/src/widgets/framework.dart:2115:7)
#142    ComponentElement.visitChildren (package:flutter/src/widgets/framework.dart:5871:14)
#143    _InactiveElements._unmount (package:flutter/src/widgets/framework.dart:2113:13)
#144    _InactiveElements._unmount.<anonymous closure> (package:flutter/src/widgets/framework.dart:2115:7)
#145    SingleChildRenderObjectElement.visitChildren (package:flutter/src/widgets/framework.dart:7101:14)
#146    _InactiveElements._unmount (package:flutter/src/widgets/framework.dart:2113:13)
#147    _InactiveElements._unmount.<anonymous closure> (package:flutter/src/widgets/framework.dart:2115:7)
#148    SingleChildRenderObjectElement.visitChildren (package:flutter/src/widgets/framework.dart:7101:14)
#149    _InactiveElements._unmount (package:flutter/src/widgets/framework.dart:2113:13)
#150    _InactiveElements._unmount.<anonymous closure> (package:flutter/src/widgets/framework.dart:2115:7)
#151    ComponentElement.visitChildren (package:flutter/src/widgets/framework.dart:5871:14)
#152    _InactiveElements._unmount (package:flutter/src/widgets/framework.dart:2113:13)
#153    _InactiveElements._unmount.<anonymous closure> (package:flutter/src/widgets/framework.dart:2115:7)
#154    SingleChildRenderObjectElement.visitChildren (package:flutter/src/widgets/framework.dart:7101:14)
#155    _InactiveElements._unmount (package:flutter/src/widgets/framework.dart:2113:13)
#156    _InactiveElements._unmount.<anonymous closure> (package:flutter/src/widgets/framework.dart:2115:7)
#157    SingleChildRenderObjectElement.visitChildren (package:flutter/src/widgets/framework.dart:7101:14)
#158    _InactiveElements._unmount (package:flutter/src/widgets/framework.dart:2113:13)
#159    _InactiveElements._unmount.<anonymous closure> (package:flutter/src/widgets/framework.dart:2115:7)
#160    SingleChildRenderObjectElement.visitChildren (package:flutter/src/widgets/framework.dart:7101:14)
#161    _InactiveElements._unmount (package:flutter/src/widgets/framework.dart:2113:13)
#162    _InactiveElements._unmount.<anonymous closure> (package:flutter/src/widgets/framework.dart:2115:7)
#163    ComponentElement.visitChildren (package:flutter/src/widgets/framework.dart:5871:14)
#164    _InactiveElements._unmount (package:flutter/src/widgets/framework.dart:2113:13)
#165    _InactiveElements._unmount.<anonymous closure> (package:flutter/src/widgets/framework.dart:2115:7)
#166    SingleChildRenderObjectElement.visitChildren (package:flutter/src/widgets/framework.dart:7101:14)
#167    _InactiveElements._unmount (package:flutter/src/widgets/framework.dart:2113:13)
#168    _InactiveElements._unmount.<anonymous closure> (package:flutter/src/widgets/framework.dart:2115:7)
#169    ComponentElement.visitChildren (package:flutter/src/widgets/framework.dart:5871:14)
#170    _InactiveElements._unmount (package:flutter/src/widgets/framework.dart:2113:13)
#171    _InactiveElements._unmount.<anonymous closure> (package:flutter/src/widgets/framework.dart:2115:7)
#172    ComponentElement.visitChildren (package:flutter/src/widgets/framework.dart:5871:14)
#173    _InactiveElements._unmount (package:flutter/src/widgets/framework.dart:2113:13)
#174    _InactiveElements._unmount.<anonymous closure> (package:flutter/src/widgets/framework.dart:2115:7)
#175    ComponentElement.visitChildren (package:flutter/src/widgets/framework.dart:5871:14)
#176    _InactiveElements._unmount (package:flutter/src/widgets/framework.dart:2113:13)
#177    _InactiveElements._unmount.<anonymous closure> (package:flutter/src/widgets/framework.dart:2115:7)
#178    ComponentElement.visitChildren (package:flutter/src/widgets/framework.dart:5871:14)
#179    _InactiveElements._unmount (package:flutter/src/widgets/framework.dart:2113:13)
#180    _InactiveElements._unmount.<anonymous closure> (package:flutter/src/widgets/framework.dart:2115:7)
#181    ComponentElement.visitChildren (package:flutter/src/widgets/framework.dart:5871:14)
#182    _InactiveElements._unmount (package:flutter/src/widgets/framework.dart:2113:13)
#183    _InactiveElements._unmount.<anonymous closure> (package:flutter/src/widgets/framework.dart:2115:7)
#184    SingleChildRenderObjectElement.visitChildren (package:flutter/src/widgets/framework.dart:7101:14)
#185    _InactiveElements._unmount (package:flutter/src/widgets/framework.dart:2113:13)
#186    _InactiveElements._unmount.<anonymous closure> (package:flutter/src/widgets/framework.dart:2115:7)
#187    ComponentElement.visitChildren (package:flutter/src/widgets/framework.dart:5871:14)
#188    _InactiveElements._unmount (package:flutter/src/widgets/framework.dart:2113:13)
#189    _InactiveElements._unmount.<anonymous closure> (package:flutter/src/widgets/framework.dart:2115:7)
#190    SingleChildRenderObjectElement.visitChildren (package:flutter/src/widgets/framework.dart:7101:14)
#191    _InactiveElements._unmount (package:flutter/src/widgets/framework.dart:2113:13)
#192    _InactiveElements._unmount.<anonymous closure> (package:flutter/src/widgets/framework.dart:2115:7)
#193    ComponentElement.visitChildren (package:flutter/src/widgets/framework.dart:5871:14)
#194    _InactiveElements._unmount (package:flutter/src/widgets/framework.dart:2113:13)
#195    _InactiveElements._unmount.<anonymous closure> (package:flutter/src/widgets/framework.dart:2115:7)
#196    ComponentElement.visitChildren (package:flutter/src/widgets/framework.dart:5871:14)
#197    _InactiveElements._unmount (package:flutter/src/widgets/framework.dart:2113:13)
#198    _InactiveElements._unmount.<anonymous closure> (package:flutter/src/widgets/framework.dart:2115:7)
#199    ComponentElement.visitChildren (package:flutter/src/widgets/framework.dart:5871:14)
#200    _InactiveElements._unmount (package:flutter/src/widgets/framework.dart:2113:13)
#201    _InactiveElements._unmount.<anonymous closure> (package:flutter/src/widgets/framework.dart:2115:7)
#202    ComponentElement.visitChildren (package:flutter/src/widgets/framework.dart:5871:14)
#203    _InactiveElements._unmount (package:flutter/src/widgets/framework.dart:2113:13)
#204    _InactiveElements._unmount.<anonymous closure> (package:flutter/src/widgets/framework.dart:2115:7)
#205    ComponentElement.visitChildren (package:flutter/src/widgets/framework.dart:5871:14)
#206    _InactiveElements._unmount (package:flutter/src/widgets/framework.dart:2113:13)
#207    _InactiveElements._unmount.<anonymous closure> (package:flutter/src/widgets/framework.dart:2115:7)
#208    ComponentElement.visitChildren (package:flutter/src/widgets/framework.dart:5871:14)
#209    _InactiveElements._unmount (package:flutter/src/widgets/framework.dart:2113:13)
#210    _InactiveElements._unmount.<anonymous closure> (package:flutter/src/widgets/framework.dart:2115:7)
#211    SingleChildRenderObjectElement.visitChildren (package:flutter/src/widgets/framework.dart:7101:14)
#212    _InactiveElements._unmount (package:flutter/src/widgets/framework.dart:2113:13)
#213    _InactiveElements._unmount.<anonymous closure> (package:flutter/src/widgets/framework.dart:2115:7)
#214    ComponentElement.visitChildren (package:flutter/src/widgets/framework.dart:5871:14)
#215    _InactiveElements._unmount (package:flutter/src/widgets/framework.dart:2113:13)
#216    _InactiveElements._unmount.<anonymous closure> (package:flutter/src/widgets/framework.dart:2115:7)
#217    ComponentElement.visitChildren (package:flutter/src/widgets/framework.dart:5871:14)
#218    _InactiveElements._unmount (package:flutter/src/widgets/framework.dart:2113:13)
#219    _InactiveElements._unmount.<anonymous closure> (package:flutter/src/widgets/framework.dart:2115:7)
#220    ComponentElement.visitChildren (package:flutter/src/widgets/framework.dart:5871:14)
#221    _InactiveElements._unmount (package:flutter/src/widgets/framework.dart:2113:13)
#222    _InactiveElements._unmount.<anonymous closure> (package:flutter/src/widgets/framework.dart:2115:7)
#223    ComponentElement.visitChildren (package:flutter/src/widgets/framework.dart:5871:14)
#224    _InactiveElements._unmount (package:flutter/src/widgets/framework.dart:2113:13)
#225    _InactiveElements._unmount.<anonymous closure> (package:flutter/src/widgets/framework.dart:2115:7)
#226    ComponentElement.visitChildren (package:flutter/src/widgets/framework.dart:5871:14)
#227    _InactiveElements._unmount (package:flutter/src/widgets/framework.dart:2113:13)
#228    _InactiveElements._unmount.<anonymous closure> (package:flutter/src/widgets/framework.dart:2115:7)
#229    SingleChildRenderObjectElement.visitChildren (package:flutter/src/widgets/framework.dart:7101:14)
#230    _InactiveElements._unmount (package:flutter/src/widgets/framework.dart:2113:13)
#231    _InactiveElements._unmount.<anonymous closure> (package:flutter/src/widgets/framework.dart:2115:7)
#232    ComponentElement.visitChildren (package:flutter/src/widgets/framework.dart:5871:14)
#233    _InactiveElements._unmount (package:flutter/src/widgets/framework.dart:2113:13)
#234    _InactiveElements._unmount.<anonymous closure> (package:flutter/src/widgets/framework.dart:2115:7)
#235    ComponentElement.visitChildren (package:flutter/src/widgets/framework.dart:5871:14)
#236    _InactiveElements._unmount (package:flutter/src/widgets/framework.dart:2113:13)
#237    _InactiveElements._unmount.<anonymous closure> (package:flutter/src/widgets/framework.dart:2115:7)
#238    ComponentElement.visitChildren (package:flutter/src/widgets/framework.dart:5871:14)
#239    _InactiveElements._unmount (package:flutter/src/widgets/framework.dart:2113:13)
#240    _InactiveElements._unmount.<anonymous closure> (package:flutter/src/widgets/framework.dart:2115:7)
#241    ComponentElement.visitChildren (package:flutter/src/widgets/framework.dart:5871:14)
#242    _InactiveElements._unmount (package:flutter/src/widgets/framework.dart:2113:13)
#243    _InactiveElements._unmount.<anonymous closure> (package:flutter/src/widgets/framework.dart:2115:7)
#244    ComponentElement.visitChildren (package:flutter/src/widgets/framework.dart:5871:14)
#245    _InactiveElements._unmount (package:flutter/src/widgets/framework.dart:2113:13)
#246    _InactiveElements._unmount.<anonymous closure> (package:flutter/src/widgets/framework.dart:2115:7)
#247    MultiChildRenderObjectElement.visitChildren (package:flutter/src/widgets/framework.dart:7223:16)
#248    _InactiveElements._unmount (package:flutter/src/widgets/framework.dart:2113:13)
#249    _InactiveElements._unmount.<anonymous closure> (package:flutter/src/widgets/framework.dart:2115:7)
#250    ComponentElement.visitChildren (package:flutter/src/widgets/framework.dart:5871:14)
#251    _InactiveElements._unmount (package:flutter/src/widgets/framework.dart:2113:13)
#252    _InactiveElements._unmount.<anonymous closure> (package:flutter/src/widgets/framework.dart:2115:7)
#253    ComponentElement.visitChildren (package:flutter/src/widgets/framework.dart:5871:14)
#254    _InactiveElements._unmount (package:flutter/src/widgets/framework.dart:2113:13)
#255    _InactiveElements._unmount.<anonymous closure> (package:flutter/src/widgets/framework.dart:2115:7)
#256    ComponentElement.visitChildren (package:flutter/src/widgets/framework.dart:5871:14)
#257    _InactiveElements._unmount (package:flutter/src/widgets/framework.dart:2113:13)
#258    _InactiveElements._unmount.<anonymous closure> (package:flutter/src/widgets/framework.dart:2115:7)
#259    ComponentElement.visitChildren (package:flutter/src/widgets/framework.dart:5871:14)
#260    _InactiveElements._unmount (package:flutter/src/widgets/framework.dart:2113:13)
#261    _InactiveElements._unmount.<anonymous closure> (package:flutter/src/widgets/framework.dart:2115:7)
#262    ComponentElement.visitChildren (package:flutter/src/widgets/framework.dart:5871:14)
#263    _InactiveElements._unmount (package:flutter/src/widgets/framework.dart:2113:13)
#264    _InactiveElements._unmount.<anonymous closure> (package:flutter/src/widgets/framework.dart:2115:7)
#265    ComponentElement.visitChildren (package:flutter/src/widgets/framework.dart:5871:14)
#266    _InactiveElements._unmount (package:flutter/src/widgets/framework.dart:2113:13)
#267    _InactiveElements._unmount.<anonymous closure> (package:flutter/src/widgets/framework.dart:2115:7)
#268    ComponentElement.visitChildren (package:flutter/src/widgets/framework.dart:5871:14)
#269    _InactiveElements._unmount (package:flutter/src/widgets/framework.dart:2113:13)
#270    _InactiveElements._unmount.<anonymous closure> (package:flutter/src/widgets/framework.dart:2115:7)
#271    SingleChildRenderObjectElement.visitChildren (package:flutter/src/widgets/framework.dart:7101:14)
#272    _InactiveElements._unmount (package:flutter/src/widgets/framework.dart:2113:13)
#273    _InactiveElements._unmount.<anonymous closure> (package:flutter/src/widgets/framework.dart:2115:7)
#274    SingleChildRenderObjectElement.visitChildren (package:flutter/src/widgets/framework.dart:7101:14)
#275    _InactiveElements._unmount (package:flutter/src/widgets/framework.dart:2113:13)
#276    _InactiveElements._unmount.<anonymous closure> (package:flutter/src/widgets/framework.dart:2115:7)
#277    ComponentElement.visitChildren (package:flutter/src/widgets/framework.dart:5871:14)
#278    _InactiveElements._unmount (package:flutter/src/widgets/framework.dart:2113:13)
#279    _InactiveElements._unmount.<anonymous closure> (package:flutter/src/widgets/framework.dart:2115:7)
#280    ComponentElement.visitChildren (package:flutter/src/widgets/framework.dart:5871:14)
#281    _InactiveElements._unmount (package:flutter/src/widgets/framework.dart:2113:13)
#282    _InactiveElements._unmount.<anonymous closure> (package:flutter/src/widgets/framework.dart:2115:7)
#283    ComponentElement.visitChildren (package:flutter/src/widgets/framework.dart:5871:14)
#284    _InactiveElements._unmount (package:flutter/src/widgets/framework.dart:2113:13)
#285    _InactiveElements._unmount.<anonymous closure> (package:flutter/src/widgets/framework.dart:2115:7)
#286    ComponentElement.visitChildren (package:flutter/src/widgets/framework.dart:5871:14)
#287    _InactiveElements._unmount (package:flutter/src/widgets/framework.dart:2113:13)
#288    _InactiveElements._unmount.<anonymous closure> (package:flutter/src/widgets/framework.dart:2115:7)
#289    SingleChildRenderObjectElement.visitChildren (package:flutter/src/widgets/framework.dart:7101:14)
#290    _InactiveElements._unmount (package:flutter/src/widgets/framework.dart:2113:13)
#291    _InactiveElements._unmount.<anonymous closure> (package:flutter/src/widgets/framework.dart:2115:7)
#292    ComponentElement.visitChildren (package:flutter/src/widgets/framework.dart:5871:14)
#293    _InactiveElements._unmount (package:flutter/src/widgets/framework.dart:2113:13)
#294    _InactiveElements._unmount.<anonymous closure> (package:flutter/src/widgets/framework.dart:2115:7)
#295    ComponentElement.visitChildren (package:flutter/src/widgets/framework.dart:5871:14)
#296    _InactiveElements._unmount (package:flutter/src/widgets/framework.dart:2113:13)
#297    _InactiveElements._unmount.<anonymous closure> (package:flutter/src/widgets/framework.dart:2115:7)
#298    ComponentElement.visitChildren (package:flutter/src/widgets/framework.dart:5871:14)
#299    _InactiveElements._unmount (package:flutter/src/widgets/framework.dart:2113:13)
#300    _InactiveElements._unmount.<anonymous closure> (package:flutter/src/widgets/framework.dart:2115:7)
#301    ComponentElement.visitChildren (package:flutter/src/widgets/framework.dart:5871:14)
#302    _InactiveElements._unmount (package:flutter/src/widgets/framework.dart:2113:13)
#303    _InactiveElements._unmount.<anonymous closure> (package:flutter/src/widgets/framework.dart:2115:7)
#304    ComponentElement.visitChildren (package:flutter/src/widgets/framework.dart:5871:14)
#305    _InactiveElements._unmount (package:flutter/src/widgets/framework.dart:2113:13)
#306    _InactiveElements._unmount.<anonymous closure> (package:flutter/src/widgets/framework.dart:2115:7)
#307    ComponentElement.visitChildren (package:flutter/src/widgets/framework.dart:5871:14)
#308    _InactiveElements._unmount (package:flutter/src/widgets/framework.dart:2113:13)
#309    _InactiveElements._unmount.<anonymous closure> (package:flutter/src/widgets/framework.dart:2115:7)
#310    ComponentElement.visitChildren (package:flutter/src/widgets/framework.dart:5871:14)
#311    _InactiveElements._unmount (package:flutter/src/widgets/framework.dart:2113:13)
#312    _InactiveElements._unmount.<anonymous closure> (package:flutter/src/widgets/framework.dart:2115:7)
#313    ComponentElement.visitChildren (package:flutter/src/widgets/framework.dart:5871:14)
#314    _InactiveElements._unmount (package:flutter/src/widgets/framework.dart:2113:13)
#315    _InactiveElements._unmount.<anonymous closure> (package:flutter/src/widgets/framework.dart:2115:7)
#316    ComponentElement.visitChildren (package:flutter/src/widgets/framework.dart:5871:14)
#317    _InactiveElements._unmount (package:flutter/src/widgets/framework.dart:2113:13)
#318    _InactiveElements._unmount.<anonymous closure> (package:flutter/src/widgets/framework.dart:2115:7)
#319    ComponentElement.visitChildren (package:flutter/src/widgets/framework.dart:5871:14)
#320    _InactiveElements._unmount (package:flutter/src/widgets/framework.dart:2113:13)
#321    _InactiveElements._unmount.<anonymous closure> (package:flutter/src/widgets/framework.dart:2115:7)
#322    ComponentElement.visitChildren (package:flutter/src/widgets/framework.dart:5871:14)
#323    _InactiveElements._unmount (package:flutter/src/widgets/framework.dart:2113:13)
#324    _InactiveElements._unmount.<anonymous closure> (package:flutter/src/widgets/framework.dart:2115:7)
#325    ComponentElement.visitChildren (package:flutter/src/widgets/framework.dart:5871:14)
#326    _InactiveElements._unmount (package:flutter/src/widgets/framework.dart:2113:13)
#327    _InactiveElements._unmount.<anonymous closure> (package:flutter/src/widgets/framework.dart:2115:7)
#328    ComponentElement.visitChildren (package:flutter/src/widgets/framework.dart:5871:14)
#329    _InactiveElements._unmount (package:flutter/src/widgets/framework.dart:2113:13)
#330    _InactiveElements._unmount.<anonymous closure> (package:flutter/src/widgets/framework.dart:2115:7)
#331    ComponentElement.visitChildren (package:flutter/src/widgets/framework.dart:5871:14)
#332    _InactiveElements._unmount (package:flutter/src/widgets/framework.dart:2113:13)
#333    _InactiveElements._unmount.<anonymous closure> (package:flutter/src/widgets/framework.dart:2115:7)
#334    ComponentElement.visitChildren (package:flutter/src/widgets/framework.dart:5871:14)
#335    _InactiveElements._unmount (package:flutter/src/widgets/framework.dart:2113:13)
#336    _InactiveElements._unmount.<anonymous closure> (package:flutter/src/widgets/framework.dart:2115:7)
#337    SingleChildRenderObjectElement.visitChildren (package:flutter/src/widgets/framework.dart:7101:14)
#338    _InactiveElements._unmount (package:flutter/src/widgets/framework.dart:2113:13)
#339    _InactiveElements._unmount.<anonymous closure> (package:flutter/src/widgets/framework.dart:2115:7)
#340    ComponentElement.visitChildren (package:flutter/src/widgets/framework.dart:5871:14)
#341    _InactiveElements._unmount (package:flutter/src/widgets/framework.dart:2113:13)
#342    _InactiveElements._unmount.<anonymous closure> (package:flutter/src/widgets/framework.dart:2115:7)
#343    ComponentElement.visitChildren (package:flutter/src/widgets/framework.dart:5871:14)
#344    _InactiveElements._unmount (package:flutter/src/widgets/framework.dart:2113:13)
#345    _InactiveElements._unmount.<anonymous closure> (package:flutter/src/widgets/framework.dart:2115:7)
#346    ComponentElement.visitChildren (package:flutter/src/widgets/framework.dart:5871:14)
#347    _InactiveElements._unmount (package:flutter/src/widgets/framework.dart:2113:13)
#348    _InactiveElements._unmount.<anonymous closure> (package:flutter/src/widgets/framework.dart:2115:7)
#349    ComponentElement.visitChildren (package:flutter/src/widgets/framework.dart:5871:14)
#350    _InactiveElements._unmount (package:flutter/src/widgets/framework.dart:2113:13)
#351    _InactiveElements._unmount.<anonymous closure> (package:flutter/src/widgets/framework.dart:2115:7)
#352    ComponentElement.visitChildren (package:flutter/src/widgets/framework.dart:5871:14)
#353    _InactiveElements._unmount (package:flutter/src/widgets/framework.dart:2113:13)
#354    _InactiveElements._unmount.<anonymous closure> (package:flutter/src/widgets/framework.dart:2115:7)
#355    SingleChildRenderObjectElement.visitChildren (package:flutter/src/widgets/framework.dart:7101:14)
#356    _InactiveElements._unmount (package:flutter/src/widgets/framework.dart:2113:13)
#357    _InactiveElements._unmount.<anonymous closure> (package:flutter/src/widgets/framework.dart:2115:7)
#358    ComponentElement.visitChildren (package:flutter/src/widgets/framework.dart:5871:14)
#359    _InactiveElements._unmount (package:flutter/src/widgets/framework.dart:2113:13)
#360    _InactiveElements._unmount.<anonymous closure> (package:flutter/src/widgets/framework.dart:2115:7)
#361    ComponentElement.visitChildren (package:flutter/src/widgets/framework.dart:5871:14)
#362    _InactiveElements._unmount (package:flutter/src/widgets/framework.dart:2113:13)
#363    _InactiveElements._unmount.<anonymous closure> (package:flutter/src/widgets/framework.dart:2115:7)
#364    SingleChildRenderObjectElement.visitChildren (package:flutter/src/widgets/framework.dart:7101:14)
#365    _InactiveElements._unmount (package:flutter/src/widgets/framework.dart:2113:13)
#366    _InactiveElements._unmount.<anonymous closure> (package:flutter/src/widgets/framework.dart:2115:7)
#367    ComponentElement.visitChildren (package:flutter/src/widgets/framework.dart:5871:14)
#368    _InactiveElements._unmount (package:flutter/src/widgets/framework.dart:2113:13)
#369    _InactiveElements._unmount.<anonymous closure> (package:flutter/src/widgets/framework.dart:2115:7)
#370    ComponentElement.visitChildren (package:flutter/src/widgets/framework.dart:5871:14)
#371    _InactiveElements._unmount (package:flutter/src/widgets/framework.dart:2113:13)
#372    _InactiveElements._unmount.<anonymous closure> (package:flutter/src/widgets/framework.dart:2115:7)
#373    ComponentElement.visitChildren (package:flutter/src/widgets/framework.dart:5871:14)
#374    _InactiveElements._unmount (package:flutter/src/widgets/framework.dart:2113:13)
#375    _InactiveElements._unmount.<anonymous closure> (package:flutter/src/widgets/framework.dart:2115:7)
#376    ComponentElement.visitChildren (package:flutter/src/widgets/framework.dart:5871:14)
#377    _InactiveElements._unmount (package:flutter/src/widgets/framework.dart:2113:13)
#378    _InactiveElements._unmount.<anonymous closure> (package:flutter/src/widgets/framework.dart:2115:7)
#379    ComponentElement.visitChildren (package:flutter/src/widgets/framework.dart:5871:14)
#380    _InactiveElements._unmount (package:flutter/src/widgets/framework.dart:2113:13)
#381    _InactiveElements._unmount.<anonymous closure> (package:flutter/src/widgets/framework.dart:2115:7)
#382    SingleChildRenderObjectElement.visitChildren (package:flutter/src/widgets/framework.dart:7101:14)
#383    _InactiveElements._unmount (package:flutter/src/widgets/framework.dart:2113:13)
#384    _InactiveElements._unmount.<anonymous closure> (package:flutter/src/widgets/framework.dart:2115:7)
#385    ComponentElement.visitChildren (package:flutter/src/widgets/framework.dart:5871:14)
#386    _InactiveElements._unmount (package:flutter/src/widgets/framework.dart:2113:13)
#387    _InactiveElements._unmount.<anonymous closure> (package:flutter/src/widgets/framework.dart:2115:7)
#388    ComponentElement.visitChildren (package:flutter/src/widgets/framework.dart:5871:14)
#389    _InactiveElements._unmount (package:flutter/src/widgets/framework.dart:2113:13)
#390    _InactiveElements._unmount.<anonymous closure> (package:flutter/src/widgets/framework.dart:2115:7)
#391    ComponentElement.visitChildren (package:flutter/src/widgets/framework.dart:5871:14)
#392    _InactiveElements._unmount (package:flutter/src/widgets/framework.dart:2113:13)
#393    _InactiveElements._unmount.<anonymous closure> (package:flutter/src/widgets/framework.dart:2115:7)
#394    ComponentElement.visitChildren (package:flutter/src/widgets/framework.dart:5871:14)
#395    _InactiveElements._unmount (package:flutter/src/widgets/framework.dart:2113:13)
#396    _InactiveElements._unmount.<anonymous closure> (package:flutter/src/widgets/framework.dart:2115:7)
#397    ComponentElement.visitChildren (package:flutter/src/widgets/framework.dart:5871:14)
#398    _InactiveElements._unmount (package:flutter/src/widgets/framework.dart:2113:13)
#399    _InactiveElements._unmount.<anonymous closure> (package:flutter/src/widgets/framework.dart:2115:7)
#400    SingleChildRenderObjectElement.visitChildren (package:flutter/src/widgets/framework.dart:7101:14)
#401    _InactiveElements._unmount (package:flutter/src/widgets/framework.dart:2113:13)
#402    _InactiveElements._unmount.<anonymous closure> (package:flutter/src/widgets/framework.dart:2115:7)
#403    ComponentElement.visitChildren (package:flutter/src/widgets/framework.dart:5871:14)
#404    _InactiveElements._unmount (package:flutter/src/widgets/framework.dart:2113:13)
#405    _InactiveElements._unmount.<anonymous closure> (package:flutter/src/widgets/framework.dart:2115:7)
#406    ComponentElement.visitChildren (package:flutter/src/widgets/framework.dart:5871:14)
#407    _InactiveElements._unmount (package:flutter/src/widgets/framework.dart:2113:13)
#408    _InactiveElements._unmount.<anonymous closure> (package:flutter/src/widgets/framework.dart:2115:7)
#409    ComponentElement.visitChildren (package:flutter/src/widgets/framework.dart:5871:14)
#410    _InactiveElements._unmount (package:flutter/src/widgets/framework.dart:2113:13)
#411    _InactiveElements._unmount.<anonymous closure> (package:flutter/src/widgets/framework.dart:2115:7)
#412    ComponentElement.visitChildren (package:flutter/src/widgets/framework.dart:5871:14)
#413    _InactiveElements._unmount (package:flutter/src/widgets/framework.dart:2113:13)
#414    _InactiveElements._unmount.<anonymous closure> (package:flutter/src/widgets/framework.dart:2115:7)
#415    SingleChildRenderObjectElement.visitChildren (package:flutter/src/widgets/framework.dart:7101:14)
#416    _InactiveElements._unmount (package:flutter/src/widgets/framework.dart:2113:13)
#417    _InactiveElements._unmount.<anonymous closure> (package:flutter/src/widgets/framework.dart:2115:7)
#418    ComponentElement.visitChildren (package:flutter/src/widgets/framework.dart:5871:14)
#419    _InactiveElements._unmount (package:flutter/src/widgets/framework.dart:2113:13)
#420    _InactiveElements._unmount.<anonymous closure> (package:flutter/src/widgets/framework.dart:2115:7)
#421    ComponentElement.visitChildren (package:flutter/src/widgets/framework.dart:5871:14)
#422    _InactiveElements._unmount (package:flutter/src/widgets/framework.dart:2113:13)
#423    _InactiveElements._unmount.<anonymous closure> (package:flutter/src/widgets/framework.dart:2115:7)
#424    ComponentElement.visitChildren (package:flutter/src/widgets/framework.dart:5871:14)
#425    _InactiveElements._unmount (package:flutter/src/widgets/framework.dart:2113:13)
#426    _InactiveElements._unmount.<anonymous closure> (package:flutter/src/widgets/framework.dart:2115:7)
#427    ComponentElement.visitChildren (package:flutter/src/widgets/framework.dart:5871:14)
#428    _InactiveElements._unmount (package:flutter/src/widgets/framework.dart:2113:13)
#429    _InactiveElements._unmount.<anonymous closure> (package:flutter/src/widgets/framework.dart:2115:7)
#430    ComponentElement.visitChildren (package:flutter/src/widgets/framework.dart:5871:14)
#431    _InactiveElements._unmount (package:flutter/src/widgets/framework.dart:2113:13)
#432    _InactiveElements._unmount.<anonymous closure> (package:flutter/src/widgets/framework.dart:2115:7)
#433    ComponentElement.visitChildren (package:flutter/src/widgets/framework.dart:5871:14)
#434    _InactiveElements._unmount (package:flutter/src/widgets/framework.dart:2113:13)
#435    _InactiveElements._unmount.<anonymous closure> (package:flutter/src/widgets/framework.dart:2115:7)
#436    ComponentElement.visitChildren (package:flutter/src/widgets/framework.dart:5871:14)
#437    _InactiveElements._unmount (package:flutter/src/widgets/framework.dart:2113:13)
#438    _InactiveElements._unmount.<anonymous closure> (package:flutter/src/widgets/framework.dart:2115:7)
#439    ComponentElement.visitChildren (package:flutter/src/widgets/framework.dart:5871:14)
#440    _InactiveElements._unmount (package:flutter/src/widgets/framework.dart:2113:13)
#441    _InactiveElements._unmount.<anonymous closure> (package:flutter/src/widgets/framework.dart:2115:7)
#442    ComponentElement.visitChildren (package:flutter/src/widgets/framework.dart:5871:14)
#443    _InactiveElements._unmount (package:flutter/src/widgets/framework.dart:2113:13)
#444    _InactiveElements._unmount.<anonymous closure> (package:flutter/src/widgets/framework.dart:2115:7)
#445    ComponentElement.visitChildren (package:flutter/src/widgets/framework.dart:5871:14)
#446    _InactiveElements._unmount (package:flutter/src/widgets/framework.dart:2113:13)
#447    _InactiveElements._unmount.<anonymous closure> (package:flutter/src/widgets/framework.dart:2115:7)
#448    ComponentElement.visitChildren (package:flutter/src/widgets/framework.dart:5871:14)
#449    _InactiveElements._unmount (package:flutter/src/widgets/framework.dart:2113:13)
#450    _InactiveElements._unmount.<anonymous closure> (package:flutter/src/widgets/framework.dart:2115:7)
#451    ComponentElement.visitChildren (package:flutter/src/widgets/framework.dart:5871:14)
#452    _InactiveElements._unmount (package:flutter/src/widgets/framework.dart:2113:13)
#453    _InactiveElements._unmount.<anonymous closure> (package:flutter/src/widgets/framework.dart:2115:7)
#454    ComponentElement.visitChildren (package:flutter/src/widgets/framework.dart:5871:14)
#455    _InactiveElements._unmount (package:flutter/src/widgets/framework.dart:2113:13)
#456    _InactiveElements._unmount.<anonymous closure> (package:flutter/src/widgets/framework.dart:2115:7)
#457    ComponentElement.visitChildren (package:flutter/src/widgets/framework.dart:5871:14)
#458    _InactiveElements._unmount (package:flutter/src/widgets/framework.dart:2113:13)
#459    _InactiveElements._unmount.<anonymous closure> (package:flutter/src/widgets/framework.dart:2115:7)
#460    ComponentElement.visitChildren (package:flutter/src/widgets/framework.dart:5871:14)
#461    _InactiveElements._unmount (package:flutter/src/widgets/framework.dart:2113:13)
#462    ListIterable.forEach (dart:_internal/iterable.dart:49:13)
#463    _InactiveElements._unmountAll (package:flutter/src/widgets/framework.dart:2126:25)
#464    BuildOwner.lockState (package:flutter/src/widgets/framework.dart:3020:15)
#465    BuildOwner.finalizeTree (package:flutter/src/widgets/framework.dart:3344:7)
#466    AutomatedTestWidgetsFlutterBinding.drawFrame (package:flutter_test/src/binding.dart:2153:19)
#467    RendererBinding._handlePersistentFrameCallback (package:flutter/src/rendering/binding.dart:495:5)
#468    SchedulerBinding._invokeFrameCallback (package:flutter/src/scheduler/binding.dart:1430:15)
#469    SchedulerBinding.handleDrawFrame (package:flutter/src/scheduler/binding.dart:1345:9)
#470    AutomatedTestWidgetsFlutterBinding.scheduleWarmUpFrame (package:flutter_test/src/binding.dart:2057:5)
#471    _runWidget (package:flutter/src/widgets/binding.dart:1683:7)
#472    runApp (package:flutter/src/widgets/binding.dart:1616:3)
#473    TestWidgetsFlutterBinding._runTestBody (package:flutter_test/src/binding.dart:1689:7)
<asynchronous suspension>
<asynchronous suspension>
(elided 12 frames from dart:async and package:stack_trace)

Timer (duration: 0:00:00.000000, periodic: false), created:
#0      new FakeTimer._ (package:fake_async/fake_async.dart:342:62)
#1      FakeAsync._createTimer (package:fake_async/fake_async.dart:260:29)
#2      FakeAsync.run.<anonymous closure> (package:fake_async/fake_async.dart:185:15)
#6      StreamQueryStore.markAsClosed (package:drift/src/runtime/executor/stream_queries.dart:156:11)
#7      QueryStream._onCancelOrPause (package:drift/src/runtime/executor/stream_queries.dart:305:14)
#8      QueryStream._stream.<anonymous closure>.<anonymous closure> (package:drift/src/runtime/executor/stream_queries.dart:238:9)
#17     _StreamBuilderBaseState._unsubscribe (package:flutter/src/widgets/async.dart:156:22)
#18     _StreamBuilderBaseState.dispose (package:flutter/src/widgets/async.dart:127:5)
#19     StatefulElement.unmount (package:flutter/src/widgets/framework.dart:6030:11)
#20     _InactiveElements._unmount (package:flutter/src/widgets/framework.dart:2117:13)
#21     _InactiveElements._unmount.<anonymous closure> (package:flutter/src/widgets/framework.dart:2115:7)
#22     SingleChildRenderObjectElement.visitChildren (package:flutter/src/widgets/framework.dart:7101:14)
#23     _InactiveElements._unmount (package:flutter/src/widgets/framework.dart:2113:13)
#24     _InactiveElements._unmount.<anonymous closure> (package:flutter/src/widgets/framework.dart:2115:7)
#25     SingleChildRenderObjectElement.visitChildren (package:flutter/src/widgets/framework.dart:7101:14)
#26     _InactiveElements._unmount (package:flutter/src/widgets/framework.dart:2113:13)
#27     _InactiveElements._unmount.<anonymous closure> (package:flutter/src/widgets/framework.dart:2115:7)
#28     ComponentElement.visitChildren (package:flutter/src/widgets/framework.dart:5871:14)
#29     _InactiveElements._unmount (package:flutter/src/widgets/framework.dart:2113:13)
#30     _InactiveElements._unmount.<anonymous closure> (package:flutter/src/widgets/framework.dart:2115:7)
#31     SingleChildRenderObjectElement.visitChildren (package:flutter/src/widgets/framework.dart:7101:14)
#32     _InactiveElements._unmount (package:flutter/src/widgets/framework.dart:2113:13)
#33     _InactiveElements._unmount.<anonymous closure> (package:flutter/src/widgets/framework.dart:2115:7)
#34     ComponentElement.visitChildren (package:flutter/src/widgets/framework.dart:5871:14)
#35     _InactiveElements._unmount (package:flutter/src/widgets/framework.dart:2113:13)
#36     _InactiveElements._unmount.<anonymous closure> (package:flutter/src/widgets/framework.dart:2115:7)
#37     ComponentElement.visitChildren (package:flutter/src/widgets/framework.dart:5871:14)
#38     _InactiveElements._unmount (package:flutter/src/widgets/framework.dart:2113:13)
#39     _InactiveElements._unmount.<anonymous closure> (package:flutter/src/widgets/framework.dart:2115:7)
#40     ComponentElement.visitChildren (package:flutter/src/widgets/framework.dart:5871:14)
#41     _InactiveElements._unmount (package:flutter/src/widgets/framework.dart:2113:13)
#42     _InactiveElements._unmount.<anonymous closure> (package:flutter/src/widgets/framework.dart:2115:7)
#43     ComponentElement.visitChildren (package:flutter/src/widgets/framework.dart:5871:14)
#44     _InactiveElements._unmount (package:flutter/src/widgets/framework.dart:2113:13)
#45     _InactiveElements._unmount.<anonymous closure> (package:flutter/src/widgets/framework.dart:2115:7)
#46     ComponentElement.visitChildren (package:flutter/src/widgets/framework.dart:5871:14)
#47     _InactiveElements._unmount (package:flutter/src/widgets/framework.dart:2113:13)
#48     _InactiveElements._unmount.<anonymous closure> (package:flutter/src/widgets/framework.dart:2115:7)
#49     ComponentElement.visitChildren (package:flutter/src/widgets/framework.dart:5871:14)
#50     _InactiveElements._unmount (package:flutter/src/widgets/framework.dart:2113:13)
#51     _InactiveElements._unmount.<anonymous closure> (package:flutter/src/widgets/framework.dart:2115:7)
#52     MultiChildRenderObjectElement.visitChildren (package:flutter/src/widgets/framework.dart:7223:16)
#53     _InactiveElements._unmount (package:flutter/src/widgets/framework.dart:2113:13)
#54     _InactiveElements._unmount.<anonymous closure> (package:flutter/src/widgets/framework.dart:2115:7)
#55     ComponentElement.visitChildren (package:flutter/src/widgets/framework.dart:5871:14)
#56     _InactiveElements._unmount (package:flutter/src/widgets/framework.dart:2113:13)
#57     _InactiveElements._unmount.<anonymous closure> (package:flutter/src/widgets/framework.dart:2115:7)
#58     ComponentElement.visitChildren (package:flutter/src/widgets/framework.dart:5871:14)
#59     _InactiveElements._unmount (package:flutter/src/widgets/framework.dart:2113:13)
#60     _InactiveElements._unmount.<anonymous closure> (package:flutter/src/widgets/framework.dart:2115:7)
#61     ComponentElement.visitChildren (package:flutter/src/widgets/framework.dart:5871:14)
#62     _InactiveElements._unmount (package:flutter/src/widgets/framework.dart:2113:13)
#63     _InactiveElements._unmount.<anonymous closure> (package:flutter/src/widgets/framework.dart:2115:7)
#64     ComponentElement.visitChildren (package:flutter/src/widgets/framework.dart:5871:14)
#65     _InactiveElements._unmount (package:flutter/src/widgets/framework.dart:2113:13)
#66     _InactiveElements._unmount.<anonymous closure> (package:flutter/src/widgets/framework.dart:2115:7)
#67     ComponentElement.visitChildren (package:flutter/src/widgets/framework.dart:5871:14)
#68     _InactiveElements._unmount (package:flutter/src/widgets/framework.dart:2113:13)
#69     _InactiveElements._unmount.<anonymous closure> (package:flutter/src/widgets/framework.dart:2115:7)
#70     SingleChildRenderObjectElement.visitChildren (package:flutter/src/widgets/framework.dart:7101:14)
#71     _InactiveElements._unmount (package:flutter/src/widgets/framework.dart:2113:13)
#72     _InactiveElements._unmount.<anonymous closure> (package:flutter/src/widgets/framework.dart:2115:7)
#73     ComponentElement.visitChildren (package:flutter/src/widgets/framework.dart:5871:14)
#74     _InactiveElements._unmount (package:flutter/src/widgets/framework.dart:2113:13)
#75     _InactiveElements._unmount.<anonymous closure> (package:flutter/src/widgets/framework.dart:2115:7)
#76     SingleChildRenderObjectElement.visitChildren (package:flutter/src/widgets/framework.dart:7101:14)
#77     _InactiveElements._unmount (package:flutter/src/widgets/framework.dart:2113:13)
#78     _InactiveElements._unmount.<anonymous closure> (package:flutter/src/widgets/framework.dart:2115:7)
#79     ComponentElement.visitChildren (package:flutter/src/widgets/framework.dart:5871:14)
#80     _InactiveElements._unmount (package:flutter/src/widgets/framework.dart:2113:13)
#81     _InactiveElements._unmount.<anonymous closure> (package:flutter/src/widgets/framework.dart:2115:7)
#82     ComponentElement.visitChildren (package:flutter/src/widgets/framework.dart:5871:14)
#83     _InactiveElements._unmount (package:flutter/src/widgets/framework.dart:2113:13)
#84     _InactiveElements._unmount.<anonymous closure> (package:flutter/src/widgets/framework.dart:2115:7)
#85     ComponentElement.visitChildren (package:flutter/src/widgets/framework.dart:5871:14)
#86     _InactiveElements._unmount (package:flutter/src/widgets/framework.dart:2113:13)
#87     _InactiveElements._unmount.<anonymous closure> (package:flutter/src/widgets/framework.dart:2115:7)
#88     ComponentElement.visitChildren (package:flutter/src/widgets/framework.dart:5871:14)
#89     _InactiveElements._unmount (package:flutter/src/widgets/framework.dart:2113:13)
#90     _InactiveElements._unmount.<anonymous closure> (package:flutter/src/widgets/framework.dart:2115:7)
#91     ComponentElement.visitChildren (package:flutter/src/widgets/framework.dart:5871:14)
#92     _InactiveElements._unmount (package:flutter/src/widgets/framework.dart:2113:13)
#93     _InactiveElements._unmount.<anonymous closure> (package:flutter/src/widgets/framework.dart:2115:7)
#94     ComponentElement.visitChildren (package:flutter/src/widgets/framework.dart:5871:14)
#95     _InactiveElements._unmount (package:flutter/src/widgets/framework.dart:2113:13)
#96     _InactiveElements._unmount.<anonymous closure> (package:flutter/src/widgets/framework.dart:2115:7)
#97     ComponentElement.visitChildren (package:flutter/src/widgets/framework.dart:5871:14)
#98     _InactiveElements._unmount (package:flutter/src/widgets/framework.dart:2113:13)
#99     _InactiveElements._unmount.<anonymous closure> (package:flutter/src/widgets/framework.dart:2115:7)
#100    ComponentElement.visitChildren (package:flutter/src/widgets/framework.dart:5871:14)
#101    _InactiveElements._unmount (package:flutter/src/widgets/framework.dart:2113:13)
#102    _InactiveElements._unmount.<anonymous closure> (package:flutter/src/widgets/framework.dart:2115:7)
#103    ComponentElement.visitChildren (package:flutter/src/widgets/framework.dart:5871:14)
#104    _InactiveElements._unmount (package:flutter/src/widgets/framework.dart:2113:13)
#105    _InactiveElements._unmount.<anonymous closure> (package:flutter/src/widgets/framework.dart:2115:7)
#106    SingleChildRenderObjectElement.visitChildren (package:flutter/src/widgets/framework.dart:7101:14)
#107    _InactiveElements._unmount (package:flutter/src/widgets/framework.dart:2113:13)
#108    _InactiveElements._unmount.<anonymous closure> (package:flutter/src/widgets/framework.dart:2115:7)
#109    ComponentElement.visitChildren (package:flutter/src/widgets/framework.dart:5871:14)
#110    _InactiveElements._unmount (package:flutter/src/widgets/framework.dart:2113:13)
#111    _InactiveElements._unmount.<anonymous closure> (package:flutter/src/widgets/framework.dart:2115:7)
#112    SingleChildRenderObjectElement.visitChildren (package:flutter/src/widgets/framework.dart:7101:14)
#113    _InactiveElements._unmount (package:flutter/src/widgets/framework.dart:2113:13)
#114    _InactiveElements._unmount.<anonymous closure> (package:flutter/src/widgets/framework.dart:2115:7)
#115    SingleChildRenderObjectElement.visitChildren (package:flutter/src/widgets/framework.dart:7101:14)
#116    _InactiveElements._unmount (package:flutter/src/widgets/framework.dart:2113:13)
#117    _InactiveElements._unmount.<anonymous closure> (package:flutter/src/widgets/framework.dart:2115:7)
#118    ComponentElement.visitChildren (package:flutter/src/widgets/framework.dart:5871:14)
#119    _InactiveElements._unmount (package:flutter/src/widgets/framework.dart:2113:13)
#120    _InactiveElements._unmount.<anonymous closure> (package:flutter/src/widgets/framework.dart:2115:7)
#121    SingleChildRenderObjectElement.visitChildren (package:flutter/src/widgets/framework.dart:7101:14)
#122    _InactiveElements._unmount (package:flutter/src/widgets/framework.dart:2113:13)
#123    _InactiveElements._unmount.<anonymous closure> (package:flutter/src/widgets/framework.dart:2115:7)
#124    ComponentElement.visitChildren (package:flutter/src/widgets/framework.dart:5871:14)
#125    _InactiveElements._unmount (package:flutter/src/widgets/framework.dart:2113:13)
#126    _InactiveElements._unmount.<anonymous closure> (package:flutter/src/widgets/framework.dart:2115:7)
#127    SingleChildRenderObjectElement.visitChildren (package:flutter/src/widgets/framework.dart:7101:14)
#128    _InactiveElements._unmount (package:flutter/src/widgets/framework.dart:2113:13)
#129    _InactiveElements._unmount.<anonymous closure> (package:flutter/src/widgets/framework.dart:2115:7)
#130    SingleChildRenderObjectElement.visitChildren (package:flutter/src/widgets/framework.dart:7101:14)
#131    _InactiveElements._unmount (package:flutter/src/widgets/framework.dart:2113:13)
#132    _InactiveElements._unmount.<anonymous closure> (package:flutter/src/widgets/framework.dart:2115:7)
#133    ComponentElement.visitChildren (package:flutter/src/widgets/framework.dart:5871:14)
#134    _InactiveElements._unmount (package:flutter/src/widgets/framework.dart:2113:13)
#135    _InactiveElements._unmount.<anonymous closure> (package:flutter/src/widgets/framework.dart:2115:7)
#136    SingleChildRenderObjectElement.visitChildren (package:flutter/src/widgets/framework.dart:7101:14)
#137    _InactiveElements._unmount (package:flutter/src/widgets/framework.dart:2113:13)
#138    _InactiveElements._unmount.<anonymous closure> (package:flutter/src/widgets/framework.dart:2115:7)
#139    ComponentElement.visitChildren (package:flutter/src/widgets/framework.dart:5871:14)
#140    _InactiveElements._unmount (package:flutter/src/widgets/framework.dart:2113:13)
#141    _InactiveElements._unmount.<anonymous closure> (package:flutter/src/widgets/framework.dart:2115:7)
#142    SingleChildRenderObjectElement.visitChildren (package:flutter/src/widgets/framework.dart:7101:14)
#143    _InactiveElements._unmount (package:flutter/src/widgets/framework.dart:2113:13)
#144    _InactiveElements._unmount.<anonymous closure> (package:flutter/src/widgets/framework.dart:2115:7)
#145    SingleChildRenderObjectElement.visitChildren (package:flutter/src/widgets/framework.dart:7101:14)
#146    _InactiveElements._unmount (package:flutter/src/widgets/framework.dart:2113:13)
#147    _InactiveElements._unmount.<anonymous closure> (package:flutter/src/widgets/framework.dart:2115:7)
#148    ComponentElement.visitChildren (package:flutter/src/widgets/framework.dart:5871:14)
#149    _InactiveElements._unmount (package:flutter/src/widgets/framework.dart:2113:13)
#150    _InactiveElements._unmount.<anonymous closure> (package:flutter/src/widgets/framework.dart:2115:7)
#151    SingleChildRenderObjectElement.visitChildren (package:flutter/src/widgets/framework.dart:7101:14)
#152    _InactiveElements._unmount (package:flutter/src/widgets/framework.dart:2113:13)
#153    _InactiveElements._unmount.<anonymous closure> (package:flutter/src/widgets/framework.dart:2115:7)
#154    SingleChildRenderObjectElement.visitChildren (package:flutter/src/widgets/framework.dart:7101:14)
#155    _InactiveElements._unmount (package:flutter/src/widgets/framework.dart:2113:13)
#156    _InactiveElements._unmount.<anonymous closure> (package:flutter/src/widgets/framework.dart:2115:7)
#157    SingleChildRenderObjectElement.visitChildren (package:flutter/src/widgets/framework.dart:7101:14)
#158    _InactiveElements._unmount (package:flutter/src/widgets/framework.dart:2113:13)
#159    _InactiveElements._unmount.<anonymous closure> (package:flutter/src/widgets/framework.dart:2115:7)
#160    ComponentElement.visitChildren (package:flutter/src/widgets/framework.dart:5871:14)
#161    _InactiveElements._unmount (package:flutter/src/widgets/framework.dart:2113:13)
#162    _InactiveElements._unmount.<anonymous closure> (package:flutter/src/widgets/framework.dart:2115:7)
#163    SingleChildRenderObjectElement.visitChildren (package:flutter/src/widgets/framework.dart:7101:14)
#164    _InactiveElements._unmount (package:flutter/src/widgets/framework.dart:2113:13)
#165    _InactiveElements._unmount.<anonymous closure> (package:flutter/src/widgets/framework.dart:2115:7)
#166    ComponentElement.visitChildren (package:flutter/src/widgets/framework.dart:5871:14)
#167    _InactiveElements._unmount (package:flutter/src/widgets/framework.dart:2113:13)
#168    _InactiveElements._unmount.<anonymous closure> (package:flutter/src/widgets/framework.dart:2115:7)
#169    ComponentElement.visitChildren (package:flutter/src/widgets/framework.dart:5871:14)
#170    _InactiveElements._unmount (package:flutter/src/widgets/framework.dart:2113:13)
#171    _InactiveElements._unmount.<anonymous closure> (package:flutter/src/widgets/framework.dart:2115:7)
#172    ComponentElement.visitChildren (package:flutter/src/widgets/framework.dart:5871:14)
#173    _InactiveElements._unmount (package:flutter/src/widgets/framework.dart:2113:13)
#174    _InactiveElements._unmount.<anonymous closure> (package:flutter/src/widgets/framework.dart:2115:7)
#175    ComponentElement.visitChildren (package:flutter/src/widgets/framework.dart:5871:14)
#176    _InactiveElements._unmount (package:flutter/src/widgets/framework.dart:2113:13)
#177    _InactiveElements._unmount.<anonymous closure> (package:flutter/src/widgets/framework.dart:2115:7)
#178    ComponentElement.visitChildren (package:flutter/src/widgets/framework.dart:5871:14)
#179    _InactiveElements._unmount (package:flutter/src/widgets/framework.dart:2113:13)
#180    _InactiveElements._unmount.<anonymous closure> (package:flutter/src/widgets/framework.dart:2115:7)
#181    SingleChildRenderObjectElement.visitChildren (package:flutter/src/widgets/framework.dart:7101:14)
#182    _InactiveElements._unmount (package:flutter/src/widgets/framework.dart:2113:13)
#183    _InactiveElements._unmount.<anonymous closure> (package:flutter/src/widgets/framework.dart:2115:7)
#184    ComponentElement.visitChildren (package:flutter/src/widgets/framework.dart:5871:14)
#185    _InactiveElements._unmount (package:flutter/src/widgets/framework.dart:2113:13)
#186    _InactiveElements._unmount.<anonymous closure> (package:flutter/src/widgets/framework.dart:2115:7)
#187    SingleChildRenderObjectElement.visitChildren (package:flutter/src/widgets/framework.dart:7101:14)
#188    _InactiveElements._unmount (package:flutter/src/widgets/framework.dart:2113:13)
#189    _InactiveElements._unmount.<anonymous closure> (package:flutter/src/widgets/framework.dart:2115:7)
#190    ComponentElement.visitChildren (package:flutter/src/widgets/framework.dart:5871:14)
#191    _InactiveElements._unmount (package:flutter/src/widgets/framework.dart:2113:13)
#192    _InactiveElements._unmount.<anonymous closure> (package:flutter/src/widgets/framework.dart:2115:7)
#193    ComponentElement.visitChildren (package:flutter/src/widgets/framework.dart:5871:14)
#194    _InactiveElements._unmount (package:flutter/src/widgets/framework.dart:2113:13)
#195    _InactiveElements._unmount.<anonymous closure> (package:flutter/src/widgets/framework.dart:2115:7)
#196    ComponentElement.visitChildren (package:flutter/src/widgets/framework.dart:5871:14)
#197    _InactiveElements._unmount (package:flutter/src/widgets/framework.dart:2113:13)
#198    _InactiveElements._unmount.<anonymous closure> (package:flutter/src/widgets/framework.dart:2115:7)
#199    ComponentElement.visitChildren (package:flutter/src/widgets/framework.dart:5871:14)
#200    _InactiveElements._unmount (package:flutter/src/widgets/framework.dart:2113:13)
#201    _InactiveElements._unmount.<anonymous closure> (package:flutter/src/widgets/framework.dart:2115:7)
#202    ComponentElement.visitChildren (package:flutter/src/widgets/framework.dart:5871:14)
#203    _InactiveElements._unmount (package:flutter/src/widgets/framework.dart:2113:13)
#204    _InactiveElements._unmount.<anonymous closure> (package:flutter/src/widgets/framework.dart:2115:7)
#205    ComponentElement.visitChildren (package:flutter/src/widgets/framework.dart:5871:14)
#206    _InactiveElements._unmount (package:flutter/src/widgets/framework.dart:2113:13)
#207    _InactiveElements._unmount.<anonymous closure> (package:flutter/src/widgets/framework.dart:2115:7)
#208    SingleChildRenderObjectElement.visitChildren (package:flutter/src/widgets/framework.dart:7101:14)
#209    _InactiveElements._unmount (package:flutter/src/widgets/framework.dart:2113:13)
#210    _InactiveElements._unmount.<anonymous closure> (package:flutter/src/widgets/framework.dart:2115:7)
#211    ComponentElement.visitChildren (package:flutter/src/widgets/framework.dart:5871:14)
#212    _InactiveElements._unmount (package:flutter/src/widgets/framework.dart:2113:13)
#213    _InactiveElements._unmount.<anonymous closure> (package:flutter/src/widgets/framework.dart:2115:7)
#214    ComponentElement.visitChildren (package:flutter/src/widgets/framework.dart:5871:14)
#215    _InactiveElements._unmount (package:flutter/src/widgets/framework.dart:2113:13)
#216    _InactiveElements._unmount.<anonymous closure> (package:flutter/src/widgets/framework.dart:2115:7)
#217    ComponentElement.visitChildren (package:flutter/src/widgets/framework.dart:5871:14)
#218    _InactiveElements._unmount (package:flutter/src/widgets/framework.dart:2113:13)
#219    _InactiveElements._unmount.<anonymous closure> (package:flutter/src/widgets/framework.dart:2115:7)
#220    ComponentElement.visitChildren (package:flutter/src/widgets/framework.dart:5871:14)
#221    _InactiveElements._unmount (package:flutter/src/widgets/framework.dart:2113:13)
#222    _InactiveElements._unmount.<anonymous closure> (package:flutter/src/widgets/framework.dart:2115:7)
#223    ComponentElement.visitChildren (package:flutter/src/widgets/framework.dart:5871:14)
#224    _InactiveElements._unmount (package:flutter/src/widgets/framework.dart:2113:13)
#225    _InactiveElements._unmount.<anonymous closure> (package:flutter/src/widgets/framework.dart:2115:7)
#226    SingleChildRenderObjectElement.visitChildren (package:flutter/src/widgets/framework.dart:7101:14)
#227    _InactiveElements._unmount (package:flutter/src/widgets/framework.dart:2113:13)
#228    _InactiveElements._unmount.<anonymous closure> (package:flutter/src/widgets/framework.dart:2115:7)
#229    ComponentElement.visitChildren (package:flutter/src/widgets/framework.dart:5871:14)
#230    _InactiveElements._unmount (package:flutter/src/widgets/framework.dart:2113:13)
#231    _InactiveElements._unmount.<anonymous closure> (package:flutter/src/widgets/framework.dart:2115:7)
#232    ComponentElement.visitChildren (package:flutter/src/widgets/framework.dart:5871:14)
#233    _InactiveElements._unmount (package:flutter/src/widgets/framework.dart:2113:13)
#234    _InactiveElements._unmount.<anonymous closure> (package:flutter/src/widgets/framework.dart:2115:7)
#235    ComponentElement.visitChildren (package:flutter/src/widgets/framework.dart:5871:14)
#236    _InactiveElements._unmount (package:flutter/src/widgets/framework.dart:2113:13)
#237    _InactiveElements._unmount.<anonymous closure> (package:flutter/src/widgets/framework.dart:2115:7)
#238    ComponentElement.visitChildren (package:flutter/src/widgets/framework.dart:5871:14)
#239    _InactiveElements._unmount (package:flutter/src/widgets/framework.dart:2113:13)
#240    _InactiveElements._unmount.<anonymous closure> (package:flutter/src/widgets/framework.dart:2115:7)
#241    ComponentElement.visitChildren (package:flutter/src/widgets/framework.dart:5871:14)
#242    _InactiveElements._unmount (package:flutter/src/widgets/framework.dart:2113:13)
#243    _InactiveElements._unmount.<anonymous closure> (package:flutter/src/widgets/framework.dart:2115:7)
#244    MultiChildRenderObjectElement.visitChildren (package:flutter/src/widgets/framework.dart:7223:16)
#245    _InactiveElements._unmount (package:flutter/src/widgets/framework.dart:2113:13)
#246    _InactiveElements._unmount.<anonymous closure> (package:flutter/src/widgets/framework.dart:2115:7)
#247    ComponentElement.visitChildren (package:flutter/src/widgets/framework.dart:5871:14)
#248    _InactiveElements._unmount (package:flutter/src/widgets/framework.dart:2113:13)
#249    _InactiveElements._unmount.<anonymous closure> (package:flutter/src/widgets/framework.dart:2115:7)
#250    ComponentElement.visitChildren (package:flutter/src/widgets/framework.dart:5871:14)
#251    _InactiveElements._unmount (package:flutter/src/widgets/framework.dart:2113:13)
#252    _InactiveElements._unmount.<anonymous closure> (package:flutter/src/widgets/framework.dart:2115:7)
#253    ComponentElement.visitChildren (package:flutter/src/widgets/framework.dart:5871:14)
#254    _InactiveElements._unmount (package:flutter/src/widgets/framework.dart:2113:13)
#255    _InactiveElements._unmount.<anonymous closure> (package:flutter/src/widgets/framework.dart:2115:7)
#256    ComponentElement.visitChildren (package:flutter/src/widgets/framework.dart:5871:14)
#257    _InactiveElements._unmount (package:flutter/src/widgets/framework.dart:2113:13)
#258    _InactiveElements._unmount.<anonymous closure> (package:flutter/src/widgets/framework.dart:2115:7)
#259    ComponentElement.visitChildren (package:flutter/src/widgets/framework.dart:5871:14)
#260    _InactiveElements._unmount (package:flutter/src/widgets/framework.dart:2113:13)
#261    _InactiveElements._unmount.<anonymous closure> (package:flutter/src/widgets/framework.dart:2115:7)
#262    ComponentElement.visitChildren (package:flutter/src/widgets/framework.dart:5871:14)
#263    _InactiveElements._unmount (package:flutter/src/widgets/framework.dart:2113:13)
#264    _InactiveElements._unmount.<anonymous closure> (package:flutter/src/widgets/framework.dart:2115:7)
#265    ComponentElement.visitChildren (package:flutter/src/widgets/framework.dart:5871:14)
#266    _InactiveElements._unmount (package:flutter/src/widgets/framework.dart:2113:13)
#267    _InactiveElements._unmount.<anonymous closure> (package:flutter/src/widgets/framework.dart:2115:7)
#268    SingleChildRenderObjectElement.visitChildren (package:flutter/src/widgets/framework.dart:7101:14)
#269    _InactiveElements._unmount (package:flutter/src/widgets/framework.dart:2113:13)
#270    _InactiveElements._unmount.<anonymous closure> (package:flutter/src/widgets/framework.dart:2115:7)
#271    SingleChildRenderObjectElement.visitChildren (package:flutter/src/widgets/framework.dart:7101:14)
#272    _InactiveElements._unmount (package:flutter/src/widgets/framework.dart:2113:13)
#273    _InactiveElements._unmount.<anonymous closure> (package:flutter/src/widgets/framework.dart:2115:7)
#274    ComponentElement.visitChildren (package:flutter/src/widgets/framework.dart:5871:14)
#275    _InactiveElements._unmount (package:flutter/src/widgets/framework.dart:2113:13)
#276    _InactiveElements._unmount.<anonymous closure> (package:flutter/src/widgets/framework.dart:2115:7)
#277    ComponentElement.visitChildren (package:flutter/src/widgets/framework.dart:5871:14)
#278    _InactiveElements._unmount (package:flutter/src/widgets/framework.dart:2113:13)
#279    _InactiveElements._unmount.<anonymous closure> (package:flutter/src/widgets/framework.dart:2115:7)
#280    ComponentElement.visitChildren (package:flutter/src/widgets/framework.dart:5871:14)
#281    _InactiveElements._unmount (package:flutter/src/widgets/framework.dart:2113:13)
#282    _InactiveElements._unmount.<anonymous closure> (package:flutter/src/widgets/framework.dart:2115:7)
#283    ComponentElement.visitChildren (package:flutter/src/widgets/framework.dart:5871:14)
#284    _InactiveElements._unmount (package:flutter/src/widgets/framework.dart:2113:13)
#285    _InactiveElements._unmount.<anonymous closure> (package:flutter/src/widgets/framework.dart:2115:7)
#286    SingleChildRenderObjectElement.visitChildren (package:flutter/src/widgets/framework.dart:7101:14)
#287    _InactiveElements._unmount (package:flutter/src/widgets/framework.dart:2113:13)
#288    _InactiveElements._unmount.<anonymous closure> (package:flutter/src/widgets/framework.dart:2115:7)
#289    ComponentElement.visitChildren (package:flutter/src/widgets/framework.dart:5871:14)
#290    _InactiveElements._unmount (package:flutter/src/widgets/framework.dart:2113:13)
#291    _InactiveElements._unmount.<anonymous closure> (package:flutter/src/widgets/framework.dart:2115:7)
#292    ComponentElement.visitChildren (package:flutter/src/widgets/framework.dart:5871:14)
#293    _InactiveElements._unmount (package:flutter/src/widgets/framework.dart:2113:13)
#294    _InactiveElements._unmount.<anonymous closure> (package:flutter/src/widgets/framework.dart:2115:7)
#295    ComponentElement.visitChildren (package:flutter/src/widgets/framework.dart:5871:14)
#296    _InactiveElements._unmount (package:flutter/src/widgets/framework.dart:2113:13)
#297    _InactiveElements._unmount.<anonymous closure> (package:flutter/src/widgets/framework.dart:2115:7)
#298    ComponentElement.visitChildren (package:flutter/src/widgets/framework.dart:5871:14)
#299    _InactiveElements._unmount (package:flutter/src/widgets/framework.dart:2113:13)
#300    _InactiveElements._unmount.<anonymous closure> (package:flutter/src/widgets/framework.dart:2115:7)
#301    ComponentElement.visitChildren (package:flutter/src/widgets/framework.dart:5871:14)
#302    _InactiveElements._unmount (package:flutter/src/widgets/framework.dart:2113:13)
#303    _InactiveElements._unmount.<anonymous closure> (package:flutter/src/widgets/framework.dart:2115:7)
#304    ComponentElement.visitChildren (package:flutter/src/widgets/framework.dart:5871:14)
#305    _InactiveElements._unmount (package:flutter/src/widgets/framework.dart:2113:13)
#306    _InactiveElements._unmount.<anonymous closure> (package:flutter/src/widgets/framework.dart:2115:7)
#307    ComponentElement.visitChildren (package:flutter/src/widgets/framework.dart:5871:14)
#308    _InactiveElements._unmount (package:flutter/src/widgets/framework.dart:2113:13)
#309    _InactiveElements._unmount.<anonymous closure> (package:flutter/src/widgets/framework.dart:2115:7)
#310    ComponentElement.visitChildren (package:flutter/src/widgets/framework.dart:5871:14)
#311    _InactiveElements._unmount (package:flutter/src/widgets/framework.dart:2113:13)
#312    _InactiveElements._unmount.<anonymous closure> (package:flutter/src/widgets/framework.dart:2115:7)
#313    ComponentElement.visitChildren (package:flutter/src/widgets/framework.dart:5871:14)
#314    _InactiveElements._unmount (package:flutter/src/widgets/framework.dart:2113:13)
#315    _InactiveElements._unmount.<anonymous closure> (package:flutter/src/widgets/framework.dart:2115:7)
#316    ComponentElement.visitChildren (package:flutter/src/widgets/framework.dart:5871:14)
#317    _InactiveElements._unmount (package:flutter/src/widgets/framework.dart:2113:13)
#318    _InactiveElements._unmount.<anonymous closure> (package:flutter/src/widgets/framework.dart:2115:7)
#319    ComponentElement.visitChildren (package:flutter/src/widgets/framework.dart:5871:14)
#320    _InactiveElements._unmount (package:flutter/src/widgets/framework.dart:2113:13)
#321    _InactiveElements._unmount.<anonymous closure> (package:flutter/src/widgets/framework.dart:2115:7)
#322    ComponentElement.visitChildren (package:flutter/src/widgets/framework.dart:5871:14)
#323    _InactiveElements._unmount (package:flutter/src/widgets/framework.dart:2113:13)
#324    _InactiveElements._unmount.<anonymous closure> (package:flutter/src/widgets/framework.dart:2115:7)
#325    ComponentElement.visitChildren (package:flutter/src/widgets/framework.dart:5871:14)
#326    _InactiveElements._unmount (package:flutter/src/widgets/framework.dart:2113:13)
#327    _InactiveElements._unmount.<anonymous closure> (package:flutter/src/widgets/framework.dart:2115:7)
#328    ComponentElement.visitChildren (package:flutter/src/widgets/framework.dart:5871:14)
#329    _InactiveElements._unmount (package:flutter/src/widgets/framework.dart:2113:13)
#330    _InactiveElements._unmount.<anonymous closure> (package:flutter/src/widgets/framework.dart:2115:7)
#331    ComponentElement.visitChildren (package:flutter/src/widgets/framework.dart:5871:14)
#332    _InactiveElements._unmount (package:flutter/src/widgets/framework.dart:2113:13)
#333    _InactiveElements._unmount.<anonymous closure> (package:flutter/src/widgets/framework.dart:2115:7)
#334    SingleChildRenderObjectElement.visitChildren (package:flutter/src/widgets/framework.dart:7101:14)
#335    _InactiveElements._unmount (package:flutter/src/widgets/framework.dart:2113:13)
#336    _InactiveElements._unmount.<anonymous closure> (package:flutter/src/widgets/framework.dart:2115:7)
#337    ComponentElement.visitChildren (package:flutter/src/widgets/framework.dart:5871:14)
#338    _InactiveElements._unmount (package:flutter/src/widgets/framework.dart:2113:13)
#339    _InactiveElements._unmount.<anonymous closure> (package:flutter/src/widgets/framework.dart:2115:7)
#340    ComponentElement.visitChildren (package:flutter/src/widgets/framework.dart:5871:14)
#341    _InactiveElements._unmount (package:flutter/src/widgets/framework.dart:2113:13)
#342    _InactiveElements._unmount.<anonymous closure> (package:flutter/src/widgets/framework.dart:2115:7)
#343    ComponentElement.visitChildren (package:flutter/src/widgets/framework.dart:5871:14)
#344    _InactiveElements._unmount (package:flutter/src/widgets/framework.dart:2113:13)
#345    _InactiveElements._unmount.<anonymous closure> (package:flutter/src/widgets/framework.dart:2115:7)
#346    ComponentElement.visitChildren (package:flutter/src/widgets/framework.dart:5871:14)
#347    _InactiveElements._unmount (package:flutter/src/widgets/framework.dart:2113:13)
#348    _InactiveElements._unmount.<anonymous closure> (package:flutter/src/widgets/framework.dart:2115:7)
#349    ComponentElement.visitChildren (package:flutter/src/widgets/framework.dart:5871:14)
#350    _InactiveElements._unmount (package:flutter/src/widgets/framework.dart:2113:13)
#351    _InactiveElements._unmount.<anonymous closure> (package:flutter/src/widgets/framework.dart:2115:7)
#352    SingleChildRenderObjectElement.visitChildren (package:flutter/src/widgets/framework.dart:7101:14)
#353    _InactiveElements._unmount (package:flutter/src/widgets/framework.dart:2113:13)
#354    _InactiveElements._unmount.<anonymous closure> (package:flutter/src/widgets/framework.dart:2115:7)
#355    ComponentElement.visitChildren (package:flutter/src/widgets/framework.dart:5871:14)
#356    _InactiveElements._unmount (package:flutter/src/widgets/framework.dart:2113:13)
#357    _InactiveElements._unmount.<anonymous closure> (package:flutter/src/widgets/framework.dart:2115:7)
#358    ComponentElement.visitChildren (package:flutter/src/widgets/framework.dart:5871:14)
#359    _InactiveElements._unmount (package:flutter/src/widgets/framework.dart:2113:13)
#360    _InactiveElements._unmount.<anonymous closure> (package:flutter/src/widgets/framework.dart:2115:7)
#361    SingleChildRenderObjectElement.visitChildren (package:flutter/src/widgets/framework.dart:7101:14)
#362    _InactiveElements._unmount (package:flutter/src/widgets/framework.dart:2113:13)
#363    _InactiveElements._unmount.<anonymous closure> (package:flutter/src/widgets/framework.dart:2115:7)
#364    ComponentElement.visitChildren (package:flutter/src/widgets/framework.dart:5871:14)
#365    _InactiveElements._unmount (package:flutter/src/widgets/framework.dart:2113:13)
#366    _InactiveElements._unmount.<anonymous closure> (package:flutter/src/widgets/framework.dart:2115:7)
#367    ComponentElement.visitChildren (package:flutter/src/widgets/framework.dart:5871:14)
#368    _InactiveElements._unmount (package:flutter/src/widgets/framework.dart:2113:13)
#369    _InactiveElements._unmount.<anonymous closure> (package:flutter/src/widgets/framework.dart:2115:7)
#370    ComponentElement.visitChildren (package:flutter/src/widgets/framework.dart:5871:14)
#371    _InactiveElements._unmount (package:flutter/src/widgets/framework.dart:2113:13)
#372    _InactiveElements._unmount.<anonymous closure> (package:flutter/src/widgets/framework.dart:2115:7)
#373    ComponentElement.visitChildren (package:flutter/src/widgets/framework.dart:5871:14)
#374    _InactiveElements._unmount (package:flutter/src/widgets/framework.dart:2113:13)
#375    _InactiveElements._unmount.<anonymous closure> (package:flutter/src/widgets/framework.dart:2115:7)
#376    ComponentElement.visitChildren (package:flutter/src/widgets/framework.dart:5871:14)
#377    _InactiveElements._unmount (package:flutter/src/widgets/framework.dart:2113:13)
#378    _InactiveElements._unmount.<anonymous closure> (package:flutter/src/widgets/framework.dart:2115:7)
#379    SingleChildRenderObjectElement.visitChildren (package:flutter/src/widgets/framework.dart:7101:14)
#380    _InactiveElements._unmount (package:flutter/src/widgets/framework.dart:2113:13)
#381    _InactiveElements._unmount.<anonymous closure> (package:flutter/src/widgets/framework.dart:2115:7)
#382    ComponentElement.visitChildren (package:flutter/src/widgets/framework.dart:5871:14)
#383    _InactiveElements._unmount (package:flutter/src/widgets/framework.dart:2113:13)
#384    _InactiveElements._unmount.<anonymous closure> (package:flutter/src/widgets/framework.dart:2115:7)
#385    ComponentElement.visitChildren (package:flutter/src/widgets/framework.dart:5871:14)
#386    _InactiveElements._unmount (package:flutter/src/widgets/framework.dart:2113:13)
#387    _InactiveElements._unmount.<anonymous closure> (package:flutter/src/widgets/framework.dart:2115:7)
#388    ComponentElement.visitChildren (package:flutter/src/widgets/framework.dart:5871:14)
#389    _InactiveElements._unmount (package:flutter/src/widgets/framework.dart:2113:13)
#390    _InactiveElements._unmount.<anonymous closure> (package:flutter/src/widgets/framework.dart:2115:7)
#391    ComponentElement.visitChildren (package:flutter/src/widgets/framework.dart:5871:14)
#392    _InactiveElements._unmount (package:flutter/src/widgets/framework.dart:2113:13)
#393    _InactiveElements._unmount.<anonymous closure> (package:flutter/src/widgets/framework.dart:2115:7)
#394    ComponentElement.visitChildren (package:flutter/src/widgets/framework.dart:5871:14)
#395    _InactiveElements._unmount (package:flutter/src/widgets/framework.dart:2113:13)
#396    _InactiveElements._unmount.<anonymous closure> (package:flutter/src/widgets/framework.dart:2115:7)
#397    SingleChildRenderObjectElement.visitChildren (package:flutter/src/widgets/framework.dart:7101:14)
#398    _InactiveElements._unmount (package:flutter/src/widgets/framework.dart:2113:13)
#399    _InactiveElements._unmount.<anonymous closure> (package:flutter/src/widgets/framework.dart:2115:7)
#400    ComponentElement.visitChildren (package:flutter/src/widgets/framework.dart:5871:14)
#401    _InactiveElements._unmount (package:flutter/src/widgets/framework.dart:2113:13)
#402    _InactiveElements._unmount.<anonymous closure> (package:flutter/src/widgets/framework.dart:2115:7)
#403    ComponentElement.visitChildren (package:flutter/src/widgets/framework.dart:5871:14)
#404    _InactiveElements._unmount (package:flutter/src/widgets/framework.dart:2113:13)
#405    _InactiveElements._unmount.<anonymous closure> (package:flutter/src/widgets/framework.dart:2115:7)
#406    ComponentElement.visitChildren (package:flutter/src/widgets/framework.dart:5871:14)
#407    _InactiveElements._unmount (package:flutter/src/widgets/framework.dart:2113:13)
#408    _InactiveElements._unmount.<anonymous closure> (package:flutter/src/widgets/framework.dart:2115:7)
#409    ComponentElement.visitChildren (package:flutter/src/widgets/framework.dart:5871:14)
#410    _InactiveElements._unmount (package:flutter/src/widgets/framework.dart:2113:13)
#411    _InactiveElements._unmount.<anonymous closure> (package:flutter/src/widgets/framework.dart:2115:7)
#412    SingleChildRenderObjectElement.visitChildren (package:flutter/src/widgets/framework.dart:7101:14)
#413    _InactiveElements._unmount (package:flutter/src/widgets/framework.dart:2113:13)
#414    _InactiveElements._unmount.<anonymous closure> (package:flutter/src/widgets/framework.dart:2115:7)
#415    ComponentElement.visitChildren (package:flutter/src/widgets/framework.dart:5871:14)
#416    _InactiveElements._unmount (package:flutter/src/widgets/framework.dart:2113:13)
#417    _InactiveElements._unmount.<anonymous closure> (package:flutter/src/widgets/framework.dart:2115:7)
#418    ComponentElement.visitChildren (package:flutter/src/widgets/framework.dart:5871:14)
#419    _InactiveElements._unmount (package:flutter/src/widgets/framework.dart:2113:13)
#420    _InactiveElements._unmount.<anonymous closure> (package:flutter/src/widgets/framework.dart:2115:7)
#421    ComponentElement.visitChildren (package:flutter/src/widgets/framework.dart:5871:14)
#422    _InactiveElements._unmount (package:flutter/src/widgets/framework.dart:2113:13)
#423    _InactiveElements._unmount.<anonymous closure> (package:flutter/src/widgets/framework.dart:2115:7)
#424    ComponentElement.visitChildren (package:flutter/src/widgets/framework.dart:5871:14)
#425    _InactiveElements._unmount (package:flutter/src/widgets/framework.dart:2113:13)
#426    _InactiveElements._unmount.<anonymous closure> (package:flutter/src/widgets/framework.dart:2115:7)
#427    ComponentElement.visitChildren (package:flutter/src/widgets/framework.dart:5871:14)
#428    _InactiveElements._unmount (package:flutter/src/widgets/framework.dart:2113:13)
#429    _InactiveElements._unmount.<anonymous closure> (package:flutter/src/widgets/framework.dart:2115:7)
#430    ComponentElement.visitChildren (package:flutter/src/widgets/framework.dart:5871:14)
#431    _InactiveElements._unmount (package:flutter/src/widgets/framework.dart:2113:13)
#432    _InactiveElements._unmount.<anonymous closure> (package:flutter/src/widgets/framework.dart:2115:7)
#433    ComponentElement.visitChildren (package:flutter/src/widgets/framework.dart:5871:14)
#434    _InactiveElements._unmount (package:flutter/src/widgets/framework.dart:2113:13)
#435    _InactiveElements._unmount.<anonymous closure> (package:flutter/src/widgets/framework.dart:2115:7)
#436    ComponentElement.visitChildren (package:flutter/src/widgets/framework.dart:5871:14)
#437    _InactiveElements._unmount (package:flutter/src/widgets/framework.dart:2113:13)
#438    _InactiveElements._unmount.<anonymous closure> (package:flutter/src/widgets/framework.dart:2115:7)
#439    ComponentElement.visitChildren (package:flutter/src/widgets/framework.dart:5871:14)
#440    _InactiveElements._unmount (package:flutter/src/widgets/framework.dart:2113:13)
#441    _InactiveElements._unmount.<anonymous closure> (package:flutter/src/widgets/framework.dart:2115:7)
#442    ComponentElement.visitChildren (package:flutter/src/widgets/framework.dart:5871:14)
#443    _InactiveElements._unmount (package:flutter/src/widgets/framework.dart:2113:13)
#444    _InactiveElements._unmount.<anonymous closure> (package:flutter/src/widgets/framework.dart:2115:7)
#445    ComponentElement.visitChildren (package:flutter/src/widgets/framework.dart:5871:14)
#446    _InactiveElements._unmount (package:flutter/src/widgets/framework.dart:2113:13)
#447    _InactiveElements._unmount.<anonymous closure> (package:flutter/src/widgets/framework.dart:2115:7)
#448    ComponentElement.visitChildren (package:flutter/src/widgets/framework.dart:5871:14)
#449    _InactiveElements._unmount (package:flutter/src/widgets/framework.dart:2113:13)
#450    _InactiveElements._unmount.<anonymous closure> (package:flutter/src/widgets/framework.dart:2115:7)
#451    ComponentElement.visitChildren (package:flutter/src/widgets/framework.dart:5871:14)
#452    _InactiveElements._unmount (package:flutter/src/widgets/framework.dart:2113:13)
#453    _InactiveElements._unmount.<anonymous closure> (package:flutter/src/widgets/framework.dart:2115:7)
#454    ComponentElement.visitChildren (package:flutter/src/widgets/framework.dart:5871:14)
#455    _InactiveElements._unmount (package:flutter/src/widgets/framework.dart:2113:13)
#456    _InactiveElements._unmount.<anonymous closure> (package:flutter/src/widgets/framework.dart:2115:7)
#457    ComponentElement.visitChildren (package:flutter/src/widgets/framework.dart:5871:14)
#458    _InactiveElements._unmount (package:flutter/src/widgets/framework.dart:2113:13)
#459    ListIterable.forEach (dart:_internal/iterable.dart:49:13)
#460    _InactiveElements._unmountAll (package:flutter/src/widgets/framework.dart:2126:25)
#461    BuildOwner.lockState (package:flutter/src/widgets/framework.dart:3020:15)
#462    BuildOwner.finalizeTree (package:flutter/src/widgets/framework.dart:3344:7)
#463    AutomatedTestWidgetsFlutterBinding.drawFrame (package:flutter_test/src/binding.dart:2153:19)
#464    RendererBinding._handlePersistentFrameCallback (package:flutter/src/rendering/binding.dart:495:5)
#465    SchedulerBinding._invokeFrameCallback (package:flutter/src/scheduler/binding.dart:1430:15)
#466    SchedulerBinding.handleDrawFrame (package:flutter/src/scheduler/binding.dart:1345:9)
#467    AutomatedTestWidgetsFlutterBinding.scheduleWarmUpFrame (package:flutter_test/src/binding.dart:2057:5)
#468    _runWidget (package:flutter/src/widgets/binding.dart:1683:7)
#469    runApp (package:flutter/src/widgets/binding.dart:1616:3)
#470    TestWidgetsFlutterBinding._runTestBody (package:flutter_test/src/binding.dart:1689:7)
<asynchronous suspension>
<asynchronous suspension>
(elided 12 frames from dart:async and package:stack_trace)

โ•โ•โ•ก EXCEPTION CAUGHT BY FLUTTER TEST FRAMEWORK โ•โ•โ•โ•โ•โ•โ•โ•โ•โ•โ•โ•โ•โ•โ•โ•โ•โ•โ•โ•โ•โ•โ•โ•โ•โ•โ•โ•โ•โ•โ•โ•โ•โ•โ•โ•โ•โ•โ•โ•โ•โ•โ•โ•โ•โ•โ•โ•โ•โ•โ•โ•โ•
The following assertion was thrown running a test:
A Timer is still pending even after the widget tree was disposed.
'package:flutter_test/src/binding.dart':
Failed assertion: line 2242 pos 12: '!timersPending'

When the exception was thrown, this was the stack:
#2      AutomatedTestWidgetsFlutterBinding._verifyInvariants (package:flutter_test/src/binding.dart:2242:12)
#3      TestWidgetsFlutterBinding._runTestBody (package:flutter_test/src/binding.dart:1703:7)
<asynchronous suspension>
<asynchronous suspension>
(elided 3 frames from class _AssertionError and package:stack_trace)

The test description was:
  loads saved trip records and groups them by day
โ•โ•โ•โ•โ•โ•โ•โ•โ•โ•โ•โ•โ•โ•โ•โ•โ•โ•โ•โ•โ•โ•โ•โ•โ•โ•โ•โ•โ•โ•โ•โ•โ•โ•โ•โ•โ•โ•โ•โ•โ•โ•โ•โ•โ•โ•โ•โ•โ•โ•โ•โ•โ•โ•โ•โ•โ•โ•โ•โ•โ•โ•โ•โ•โ•โ•โ•โ•โ•โ•โ•โ•โ•โ•โ•โ•โ•โ•โ•โ•โ•โ•โ•โ•โ•โ•โ•โ•โ•โ•โ•โ•โ•โ•โ•โ•โ•โ•โ•โ•
00:37 +29 -4: C:/Users/E320/Downloads/Project/LosCheck-main/test/integration_test.dart: Integration Tests complete customer record flow: add, edit, delete
00:37 +29 -4: C:/Users/E320/Downloads/Project/LosCheck-main/test/widget_test.dart: loads saved trip records and groups them by day [E]
  Test failed. See exception logs above.
  The test description was: loads saved trip records and groups them by day
  
00:37 +30 -4: C:/Users/E320/Downloads/Project/LosCheck-main/test/integration_test.dart: Integration Tests complete customer record flow: add, edit, delete
00:39 +30 -4: C:/Users/E320/Downloads/Project/LosCheck-main/test/trip_fee_page_test.dart: TripFeePage Widget Tests deletes trip record when confirmed
โ•โ•โ•ก EXCEPTION CAUGHT BY FLUTTER TEST FRAMEWORK โ•โ•โ•โ•โ•โ•โ•โ•โ•โ•โ•โ•โ•โ•โ•โ•โ•โ•โ•โ•โ•โ•โ•โ•โ•โ•โ•โ•โ•โ•โ•โ•โ•โ•โ•โ•โ•โ•โ•โ•โ•โ•โ•โ•โ•โ•โ•โ•โ•โ•โ•โ•โ•
The following TestFailure was thrown running a test:
Expected: no matching candidates
  Actual: _TextContainingWidgetFinder:<Found 1 widget with text containing 3 เธฃเธญเธ x 5 เธเธฒเธ—เธ•เนเธญเธเธดเธฅ: [
            Text("3 เธฃเธญเธ x 5 เธเธฒเธ—เธ•เนเธญเธเธดเธฅ โ€ข 00:35 เธ.", dependencies: [DefaultSelectionStyle,
DefaultTextStyle, MediaQuery]),
          ]>
   Which: means one was found but none were expected

When the exception was thrown, this was the stack:
#4      main.<anonymous closure>.<anonymous closure> (file:///C:/Users/E320/Downloads/Project/LosCheck-main/test/trip_fee_page_test.dart:170:7)
<asynchronous suspension>
#5      testWidgets.<anonymous closure>.<anonymous closure> (package:flutter_test/src/widget_tester.dart:192:15)
<asynchronous suspension>
#6      TestWidgetsFlutterBinding._runTestBody (package:flutter_test/src/binding.dart:1682:5)
<asynchronous suspension>
<asynchronous suspension>
(elided one frame from package:stack_trace)

This was caught by the test expectation on the following line:
  file:///C:/Users/E320/Downloads/Project/LosCheck-main/test/trip_fee_page_test.dart line 170
The test description was:
  deletes trip record when confirmed
โ•โ•โ•โ•โ•โ•โ•โ•โ•โ•โ•โ•โ•โ•โ•โ•โ•โ•โ•โ•โ•โ•โ•โ•โ•โ•โ•โ•โ•โ•โ•โ•โ•โ•โ•โ•โ•โ•โ•โ•โ•โ•โ•โ•โ•โ•โ•โ•โ•โ•โ•โ•โ•โ•โ•โ•โ•โ•โ•โ•โ•โ•โ•โ•โ•โ•โ•โ•โ•โ•โ•โ•โ•โ•โ•โ•โ•โ•โ•โ•โ•โ•โ•โ•โ•โ•โ•โ•โ•โ•โ•โ•โ•โ•โ•โ•โ•โ•โ•โ•
00:39 +30 -5: C:/Users/E320/Downloads/Project/LosCheck-main/test/integration_test.dart: Integration Tests complete customer record flow: add, edit, delete
00:39 +30 -5: C:/Users/E320/Downloads/Project/LosCheck-main/test/trip_fee_page_test.dart: TripFeePage Widget Tests deletes trip record when confirmed [E]
  Test failed. See exception logs above.
  The test description was: deletes trip record when confirmed
  
00:39 +31 -5: C:/Users/E320/Downloads/Project/LosCheck-main/test/widget_test.dart: saves customer phone name and address
00:41 +32 -5: C:/Users/E320/Downloads/Project/LosCheck-main/test/widget_test.dart: saves customer phone name and address
00:41 +33 -5: C:/Users/E320/Downloads/Project/LosCheck-main/test/widget_test.dart: saves customer phone name and address
00:42 +34 -5: C:/Users/E320/Downloads/Project/LosCheck-main/test/widget_test.dart: saves customer phone name and address
00:42 +35 -5: C:/Users/E320/Downloads/Project/LosCheck-main/test/widget_test.dart: saves customer phone name and address
โ•โ•โ•ก EXCEPTION CAUGHT BY FLUTTER TEST FRAMEWORK โ•โ•โ•โ•โ•โ•โ•โ•โ•โ•โ•โ•โ•โ•โ•โ•โ•โ•โ•โ•โ•โ•โ•โ•โ•โ•โ•โ•โ•โ•โ•โ•โ•โ•โ•โ•โ•โ•โ•โ•โ•โ•โ•โ•โ•โ•โ•โ•โ•โ•โ•โ•โ•
The following TestFailure was thrown running a test:
Expected: exactly one matching candidate
  Actual: _TextWidgetFinder:<Found 0 widgets with text "เธชเธกเธเธฒเธข": []>
   Which: means none were found but one was expected

When the exception was thrown, this was the stack:
#4      main.<anonymous closure> (file:///C:/Users/E320/Downloads/Project/LosCheck-main/test/widget_test.dart:89:5)
<asynchronous suspension>
#5      testWidgets.<anonymous closure>.<anonymous closure> (package:flutter_test/src/widget_tester.dart:192:15)
<asynchronous suspension>
#6      TestWidgetsFlutterBinding._runTestBody (package:flutter_test/src/binding.dart:1682:5)
<asynchronous suspension>
<asynchronous suspension>
(elided one frame from package:stack_trace)

This was caught by the test expectation on the following line:
  file:///C:/Users/E320/Downloads/Project/LosCheck-main/test/widget_test.dart line 89
The test description was:
  saves customer phone name and address
โ•โ•โ•โ•โ•โ•โ•โ•โ•โ•โ•โ•โ•โ•โ•โ•โ•โ•โ•โ•โ•โ•โ•โ•โ•โ•โ•โ•โ•โ•โ•โ•โ•โ•โ•โ•โ•โ•โ•โ•โ•โ•โ•โ•โ•โ•โ•โ•โ•โ•โ•โ•โ•โ•โ•โ•โ•โ•โ•โ•โ•โ•โ•โ•โ•โ•โ•โ•โ•โ•โ•โ•โ•โ•โ•โ•โ•โ•โ•โ•โ•โ•โ•โ•โ•โ•โ•โ•โ•โ•โ•โ•โ•โ•โ•โ•โ•โ•โ•โ•
00:44 +35 -6: C:/Users/E320/Downloads/Project/LosCheck-main/test/customer_page_test.dart: CustomerPage Widget Tests does not delete when cancelled
00:44 +35 -6: C:/Users/E320/Downloads/Project/LosCheck-main/test/widget_test.dart: saves customer phone name and address [E]
  Test failed. See exception logs above.
  The test description was: saves customer phone name and address
  
00:44 +36 -6: C:/Users/E320/Downloads/Project/LosCheck-main/test/trip_fee_page_test.dart: TripFeePage Widget Tests clears today records when confirmed
00:45 +37 -6: C:/Users/E320/Downloads/Project/LosCheck-main/test/integration_test.dart: Integration Tests theme switching works
Pending timers:
Timer (duration: 0:00:00.000000, periodic: false), created:
#0      new FakeTimer._ (package:fake_async/fake_async.dart:342:62)
#1      FakeAsync._createTimer (package:fake_async/fake_async.dart:260:29)
#2      FakeAsync.run.<anonymous closure> (package:fake_async/fake_async.dart:185:15)
#6      StreamQueryStore.markAsClosed (package:drift/src/runtime/executor/stream_queries.dart:156:11)
#7      QueryStream._onCancelOrPause (package:drift/src/runtime/executor/stream_queries.dart:305:14)
#8      QueryStream._stream.<anonymous closure>.<anonymous closure> (package:drift/src/runtime/executor/stream_queries.dart:238:9)
#17     _StreamBuilderBaseState._unsubscribe (package:flutter/src/widgets/async.dart:156:22)
#18     _StreamBuilderBaseState.dispose (package:flutter/src/widgets/async.dart:127:5)
#19     StatefulElement.unmount (package:flutter/src/widgets/framework.dart:6030:11)
#20     _InactiveElements._unmount (package:flutter/src/widgets/framework.dart:2117:13)
#21     _InactiveElements._unmount.<anonymous closure> (package:flutter/src/widgets/framework.dart:2115:7)
#22     ComponentElement.visitChildren (package:flutter/src/widgets/framework.dart:5871:14)
#23     _InactiveElements._unmount (package:flutter/src/widgets/framework.dart:2113:13)
#24     _InactiveElements._unmount.<anonymous closure> (package:flutter/src/widgets/framework.dart:2115:7)
#25     SingleChildRenderObjectElement.visitChildren (package:flutter/src/widgets/framework.dart:7101:14)
#26     _InactiveElements._unmount (package:flutter/src/widgets/framework.dart:2113:13)
#27     _InactiveElements._unmount.<anonymous closure> (package:flutter/src/widgets/framework.dart:2115:7)
#28     SingleChildRenderObjectElement.visitChildren (package:flutter/src/widgets/framework.dart:7101:14)
#29     _InactiveElements._unmount (package:flutter/src/widgets/framework.dart:2113:13)
#30     _InactiveElements._unmount.<anonymous closure> (package:flutter/src/widgets/framework.dart:2115:7)
#31     ComponentElement.visitChildren (package:flutter/src/widgets/framework.dart:5871:14)
#32     _InactiveElements._unmount (package:flutter/src/widgets/framework.dart:2113:13)
#33     _InactiveElements._unmount.<anonymous closure> (package:flutter/src/widgets/framework.dart:2115:7)
#34     SingleChildRenderObjectElement.visitChildren (package:flutter/src/widgets/framework.dart:7101:14)
#35     _InactiveElements._unmount (package:flutter/src/widgets/framework.dart:2113:13)
#36     _InactiveElements._unmount.<anonymous closure> (package:flutter/src/widgets/framework.dart:2115:7)
#37     ComponentElement.visitChildren (package:flutter/src/widgets/framework.dart:5871:14)
#38     _InactiveElements._unmount (package:flutter/src/widgets/framework.dart:2113:13)
#39     _InactiveElements._unmount.<anonymous closure> (package:flutter/src/widgets/framework.dart:2115:7)
#40     ComponentElement.visitChildren (package:flutter/src/widgets/framework.dart:5871:14)
#41     _InactiveElements._unmount (package:flutter/src/widgets/framework.dart:2113:13)
#42     _InactiveElements._unmount.<anonymous closure> (package:flutter/src/widgets/framework.dart:2115:7)
#43     ComponentElement.visitChildren (package:flutter/src/widgets/framework.dart:5871:14)
#44     _InactiveElements._unmount (package:flutter/src/widgets/framework.dart:2113:13)
#45     _InactiveElements._unmount.<anonymous closure> (package:flutter/src/widgets/framework.dart:2115:7)
#46     ComponentElement.visitChildren (package:flutter/src/widgets/framework.dart:5871:14)
#47     _InactiveElements._unmount (package:flutter/src/widgets/framework.dart:2113:13)
#48     _InactiveElements._unmount.<anonymous closure> (package:flutter/src/widgets/framework.dart:2115:7)
#49     ComponentElement.visitChildren (package:flutter/src/widgets/framework.dart:5871:14)
#50     _InactiveElements._unmount (package:flutter/src/widgets/framework.dart:2113:13)
#51     _InactiveElements._unmount.<anonymous closure> (package:flutter/src/widgets/framework.dart:2115:7)
#52     ComponentElement.visitChildren (package:flutter/src/widgets/framework.dart:5871:14)
#53     _InactiveElements._unmount (package:flutter/src/widgets/framework.dart:2113:13)
#54     _InactiveElements._unmount.<anonymous closure> (package:flutter/src/widgets/framework.dart:2115:7)
#55     MultiChildRenderObjectElement.visitChildren (package:flutter/src/widgets/framework.dart:7223:16)
#56     _InactiveElements._unmount (package:flutter/src/widgets/framework.dart:2113:13)
#57     _InactiveElements._unmount.<anonymous closure> (package:flutter/src/widgets/framework.dart:2115:7)
#58     ComponentElement.visitChildren (package:flutter/src/widgets/framework.dart:5871:14)
#59     _InactiveElements._unmount (package:flutter/src/widgets/framework.dart:2113:13)
#60     _InactiveElements._unmount.<anonymous closure> (package:flutter/src/widgets/framework.dart:2115:7)
#61     ComponentElement.visitChildren (package:flutter/src/widgets/framework.dart:5871:14)
#62     _InactiveElements._unmount (package:flutter/src/widgets/framework.dart:2113:13)
#63     _InactiveElements._unmount.<anonymous closure> (package:flutter/src/widgets/framework.dart:2115:7)
#64     ComponentElement.visitChildren (package:flutter/src/widgets/framework.dart:5871:14)
#65     _InactiveElements._unmount (package:flutter/src/widgets/framework.dart:2113:13)
#66     _InactiveElements._unmount.<anonymous closure> (package:flutter/src/widgets/framework.dart:2115:7)
#67     ComponentElement.visitChildren (package:flutter/src/widgets/framework.dart:5871:14)
#68     _InactiveElements._unmount (package:flutter/src/widgets/framework.dart:2113:13)
#69     _InactiveElements._unmount.<anonymous closure> (package:flutter/src/widgets/framework.dart:2115:7)
#70     ComponentElement.visitChildren (package:flutter/src/widgets/framework.dart:5871:14)
#71     _InactiveElements._unmount (package:flutter/src/widgets/framework.dart:2113:13)
#72     _InactiveElements._unmount.<anonymous closure> (package:flutter/src/widgets/framework.dart:2115:7)
#73     SingleChildRenderObjectElement.visitChildren (package:flutter/src/widgets/framework.dart:7101:14)
#74     _InactiveElements._unmount (package:flutter/src/widgets/framework.dart:2113:13)
#75     _InactiveElements._unmount.<anonymous closure> (package:flutter/src/widgets/framework.dart:2115:7)
#76     ComponentElement.visitChildren (package:flutter/src/widgets/framework.dart:5871:14)
#77     _InactiveElements._unmount (package:flutter/src/widgets/framework.dart:2113:13)
#78     _InactiveElements._unmount.<anonymous closure> (package:flutter/src/widgets/framework.dart:2115:7)
#79     SingleChildRenderObjectElement.visitChildren (package:flutter/src/widgets/framework.dart:7101:14)
#80     _InactiveElements._unmount (package:flutter/src/widgets/framework.dart:2113:13)
#81     _InactiveElements._unmount.<anonymous closure> (package:flutter/src/widgets/framework.dart:2115:7)
#82     ComponentElement.visitChildren (package:flutter/src/widgets/framework.dart:5871:14)
#83     _InactiveElements._unmount (package:flutter/src/widgets/framework.dart:2113:13)
#84     _InactiveElements._unmount.<anonymous closure> (package:flutter/src/widgets/framework.dart:2115:7)
#85     ComponentElement.visitChildren (package:flutter/src/widgets/framework.dart:5871:14)
#86     _InactiveElements._unmount (package:flutter/src/widgets/framework.dart:2113:13)
#87     _InactiveElements._unmount.<anonymous closure> (package:flutter/src/widgets/framework.dart:2115:7)
#88     ComponentElement.visitChildren (package:flutter/src/widgets/framework.dart:5871:14)
#89     _InactiveElements._unmount (package:flutter/src/widgets/framework.dart:2113:13)
#90     _InactiveElements._unmount.<anonymous closure> (package:flutter/src/widgets/framework.dart:2115:7)
#91     ComponentElement.visitChildren (package:flutter/src/widgets/framework.dart:5871:14)
#92     _InactiveElements._unmount (package:flutter/src/widgets/framework.dart:2113:13)
#93     _InactiveElements._unmount.<anonymous closure> (package:flutter/src/widgets/framework.dart:2115:7)
#94     ComponentElement.visitChildren (package:flutter/src/widgets/framework.dart:5871:14)
#95     _InactiveElements._unmount (package:flutter/src/widgets/framework.dart:2113:13)
#96     _InactiveElements._unmount.<anonymous closure> (package:flutter/src/widgets/framework.dart:2115:7)
#97     ComponentElement.visitChildren (package:flutter/src/widgets/framework.dart:5871:14)
#98     _InactiveElements._unmount (package:flutter/src/widgets/framework.dart:2113:13)
#99     _InactiveElements._unmount.<anonymous closure> (package:flutter/src/widgets/framework.dart:2115:7)
#100    ComponentElement.visitChildren (package:flutter/src/widgets/framework.dart:5871:14)
#101    _InactiveElements._unmount (package:flutter/src/widgets/framework.dart:2113:13)
#102    _InactiveElements._unmount.<anonymous closure> (package:flutter/src/widgets/framework.dart:2115:7)
#103    ComponentElement.visitChildren (package:flutter/src/widgets/framework.dart:5871:14)
#104    _InactiveElements._unmount (package:flutter/src/widgets/framework.dart:2113:13)
#105    _InactiveElements._unmount.<anonymous closure> (package:flutter/src/widgets/framework.dart:2115:7)
#106    ComponentElement.visitChildren (package:flutter/src/widgets/framework.dart:5871:14)
#107    _InactiveElements._unmount (package:flutter/src/widgets/framework.dart:2113:13)
#108    _InactiveElements._unmount.<anonymous closure> (package:flutter/src/widgets/framework.dart:2115:7)
#109    SingleChildRenderObjectElement.visitChildren (package:flutter/src/widgets/framework.dart:7101:14)
#110    _InactiveElements._unmount (package:flutter/src/widgets/framework.dart:2113:13)
#111    _InactiveElements._unmount.<anonymous closure> (package:flutter/src/widgets/framework.dart:2115:7)
#112    ComponentElement.visitChildren (package:flutter/src/widgets/framework.dart:5871:14)
#113    _InactiveElements._unmount (package:flutter/src/widgets/framework.dart:2113:13)
#114    _InactiveElements._unmount.<anonymous closure> (package:flutter/src/widgets/framework.dart:2115:7)
#115    SingleChildRenderObjectElement.visitChildren (package:flutter/src/widgets/framework.dart:7101:14)
#116    _InactiveElements._unmount (package:flutter/src/widgets/framework.dart:2113:13)
#117    _InactiveElements._unmount.<anonymous closure> (package:flutter/src/widgets/framework.dart:2115:7)
#118    SingleChildRenderObjectElement.visitChildren (package:flutter/src/widgets/framework.dart:7101:14)
#119    _InactiveElements._unmount (package:flutter/src/widgets/framework.dart:2113:13)
#120    _InactiveElements._unmount.<anonymous closure> (package:flutter/src/widgets/framework.dart:2115:7)
#121    ComponentElement.visitChildren (package:flutter/src/widgets/framework.dart:5871:14)
#122    _InactiveElements._unmount (package:flutter/src/widgets/framework.dart:2113:13)
#123    _InactiveElements._unmount.<anonymous closure> (package:flutter/src/widgets/framework.dart:2115:7)
#124    SingleChildRenderObjectElement.visitChildren (package:flutter/src/widgets/framework.dart:7101:14)
#125    _InactiveElements._unmount (package:flutter/src/widgets/framework.dart:2113:13)
#126    _InactiveElements._unmount.<anonymous closure> (package:flutter/src/widgets/framework.dart:2115:7)
#127    ComponentElement.visitChildren (package:flutter/src/widgets/framework.dart:5871:14)
#128    _InactiveElements._unmount (package:flutter/src/widgets/framework.dart:2113:13)
#129    _InactiveElements._unmount.<anonymous closure> (package:flutter/src/widgets/framework.dart:2115:7)
#130    SingleChildRenderObjectElement.visitChildren (package:flutter/src/widgets/framework.dart:7101:14)
#131    _InactiveElements._unmount (package:flutter/src/widgets/framework.dart:2113:13)
#132    _InactiveElements._unmount.<anonymous closure> (package:flutter/src/widgets/framework.dart:2115:7)
#133    SingleChildRenderObjectElement.visitChildren (package:flutter/src/widgets/framework.dart:7101:14)
#134    _InactiveElements._unmount (package:flutter/src/widgets/framework.dart:2113:13)
#135    _InactiveElements._unmount.<anonymous closure> (package:flutter/src/widgets/framework.dart:2115:7)
#136    ComponentElement.visitChildren (package:flutter/src/widgets/framework.dart:5871:14)
#137    _InactiveElements._unmount (package:flutter/src/widgets/framework.dart:2113:13)
#138    _InactiveElements._unmount.<anonymous closure> (package:flutter/src/widgets/framework.dart:2115:7)
#139    SingleChildRenderObjectElement.visitChildren (package:flutter/src/widgets/framework.dart:7101:14)
#140    _InactiveElements._unmount (package:flutter/src/widgets/framework.dart:2113:13)
#141    _InactiveElements._unmount.<anonymous closure> (package:flutter/src/widgets/framework.dart:2115:7)
#142    ComponentElement.visitChildren (package:flutter/src/widgets/framework.dart:5871:14)
#143    _InactiveElements._unmount (package:flutter/src/widgets/framework.dart:2113:13)
#144    _InactiveElements._unmount.<anonymous closure> (package:flutter/src/widgets/framework.dart:2115:7)
#145    SingleChildRenderObjectElement.visitChildren (package:flutter/src/widgets/framework.dart:7101:14)
#146    _InactiveElements._unmount (package:flutter/src/widgets/framework.dart:2113:13)
#147    _InactiveElements._unmount.<anonymous closure> (package:flutter/src/widgets/framework.dart:2115:7)
#148    SingleChildRenderObjectElement.visitChildren (package:flutter/src/widgets/framework.dart:7101:14)
#149    _InactiveElements._unmount (package:flutter/src/widgets/framework.dart:2113:13)
#150    _InactiveElements._unmount.<anonymous closure> (package:flutter/src/widgets/framework.dart:2115:7)
#151    ComponentElement.visitChildren (package:flutter/src/widgets/framework.dart:5871:14)
#152    _InactiveElements._unmount (package:flutter/src/widgets/framework.dart:2113:13)
#153    _InactiveElements._unmount.<anonymous closure> (package:flutter/src/widgets/framework.dart:2115:7)
#154    SingleChildRenderObjectElement.visitChildren (package:flutter/src/widgets/framework.dart:7101:14)
#155    _InactiveElements._unmount (package:flutter/src/widgets/framework.dart:2113:13)
#156    _InactiveElements._unmount.<anonymous closure> (package:flutter/src/widgets/framework.dart:2115:7)
#157    SingleChildRenderObjectElement.visitChildren (package:flutter/src/widgets/framework.dart:7101:14)
#158    _InactiveElements._unmount (package:flutter/src/widgets/framework.dart:2113:13)
#159    _InactiveElements._unmount.<anonymous closure> (package:flutter/src/widgets/framework.dart:2115:7)
#160    SingleChildRenderObjectElement.visitChildren (package:flutter/src/widgets/framework.dart:7101:14)
#161    _InactiveElements._unmount (package:flutter/src/widgets/framework.dart:2113:13)
#162    _InactiveElements._unmount.<anonymous closure> (package:flutter/src/widgets/framework.dart:2115:7)
#163    ComponentElement.visitChildren (package:flutter/src/widgets/framework.dart:5871:14)
#164    _InactiveElements._unmount (package:flutter/src/widgets/framework.dart:2113:13)
#165    _InactiveElements._unmount.<anonymous closure> (package:flutter/src/widgets/framework.dart:2115:7)
#166    SingleChildRenderObjectElement.visitChildren (package:flutter/src/widgets/framework.dart:7101:14)
#167    _InactiveElements._unmount (package:flutter/src/widgets/framework.dart:2113:13)
#168    _InactiveElements._unmount.<anonymous closure> (package:flutter/src/widgets/framework.dart:2115:7)
#169    ComponentElement.visitChildren (package:flutter/src/widgets/framework.dart:5871:14)
#170    _InactiveElements._unmount (package:flutter/src/widgets/framework.dart:2113:13)
#171    _InactiveElements._unmount.<anonymous closure> (package:flutter/src/widgets/framework.dart:2115:7)
#172    ComponentElement.visitChildren (package:flutter/src/widgets/framework.dart:5871:14)
#173    _InactiveElements._unmount (package:flutter/src/widgets/framework.dart:2113:13)
#174    _InactiveElements._unmount.<anonymous closure> (package:flutter/src/widgets/framework.dart:2115:7)
#175    ComponentElement.visitChildren (package:flutter/src/widgets/framework.dart:5871:14)
#176    _InactiveElements._unmount (package:flutter/src/widgets/framework.dart:2113:13)
#177    _InactiveElements._unmount.<anonymous closure> (package:flutter/src/widgets/framework.dart:2115:7)
#178    ComponentElement.visitChildren (package:flutter/src/widgets/framework.dart:5871:14)
#179    _InactiveElements._unmount (package:flutter/src/widgets/framework.dart:2113:13)
#180    _InactiveElements._unmount.<anonymous closure> (package:flutter/src/widgets/framework.dart:2115:7)
#181    ComponentElement.visitChildren (package:flutter/src/widgets/framework.dart:5871:14)
#182    _InactiveElements._unmount (package:flutter/src/widgets/framework.dart:2113:13)
#183    _InactiveElements._unmount.<anonymous closure> (package:flutter/src/widgets/framework.dart:2115:7)
#184    SingleChildRenderObjectElement.visitChildren (package:flutter/src/widgets/framework.dart:7101:14)
#185    _InactiveElements._unmount (package:flutter/src/widgets/framework.dart:2113:13)
#186    _InactiveElements._unmount.<anonymous closure> (package:flutter/src/widgets/framework.dart:2115:7)
#187    ComponentElement.visitChildren (package:flutter/src/widgets/framework.dart:5871:14)
#188    _InactiveElements._unmount (package:flutter/src/widgets/framework.dart:2113:13)
#189    _InactiveElements._unmount.<anonymous closure> (package:flutter/src/widgets/framework.dart:2115:7)
#190    SingleChildRenderObjectElement.visitChildren (package:flutter/src/widgets/framework.dart:7101:14)
#191    _InactiveElements._unmount (package:flutter/src/widgets/framework.dart:2113:13)
#192    _InactiveElements._unmount.<anonymous closure> (package:flutter/src/widgets/framework.dart:2115:7)
#193    ComponentElement.visitChildren (package:flutter/src/widgets/framework.dart:5871:14)
#194    _InactiveElements._unmount (package:flutter/src/widgets/framework.dart:2113:13)
#195    _InactiveElements._unmount.<anonymous closure> (package:flutter/src/widgets/framework.dart:2115:7)
#196    ComponentElement.visitChildren (package:flutter/src/widgets/framework.dart:5871:14)
#197    _InactiveElements._unmount (package:flutter/src/widgets/framework.dart:2113:13)
#198    _InactiveElements._unmount.<anonymous closure> (package:flutter/src/widgets/framework.dart:2115:7)
#199    ComponentElement.visitChildren (package:flutter/src/widgets/framework.dart:5871:14)
#200    _InactiveElements._unmount (package:flutter/src/widgets/framework.dart:2113:13)
#201    _InactiveElements._unmount.<anonymous closure> (package:flutter/src/widgets/framework.dart:2115:7)
#202    ComponentElement.visitChildren (package:flutter/src/widgets/framework.dart:5871:14)
#203    _InactiveElements._unmount (package:flutter/src/widgets/framework.dart:2113:13)
#204    _InactiveElements._unmount.<anonymous closure> (package:flutter/src/widgets/framework.dart:2115:7)
#205    ComponentElement.visitChildren (package:flutter/src/widgets/framework.dart:5871:14)
#206    _InactiveElements._unmount (package:flutter/src/widgets/framework.dart:2113:13)
#207    _InactiveElements._unmount.<anonymous closure> (package:flutter/src/widgets/framework.dart:2115:7)
#208    ComponentElement.visitChildren (package:flutter/src/widgets/framework.dart:5871:14)
#209    _InactiveElements._unmount (package:flutter/src/widgets/framework.dart:2113:13)
#210    _InactiveElements._unmount.<anonymous closure> (package:flutter/src/widgets/framework.dart:2115:7)
#211    SingleChildRenderObjectElement.visitChildren (package:flutter/src/widgets/framework.dart:7101:14)
#212    _InactiveElements._unmount (package:flutter/src/widgets/framework.dart:2113:13)
#213    _InactiveElements._unmount.<anonymous closure> (package:flutter/src/widgets/framework.dart:2115:7)
#214    ComponentElement.visitChildren (package:flutter/src/widgets/framework.dart:5871:14)
#215    _InactiveElements._unmount (package:flutter/src/widgets/framework.dart:2113:13)
#216    _InactiveElements._unmount.<anonymous closure> (package:flutter/src/widgets/framework.dart:2115:7)
#217    ComponentElement.visitChildren (package:flutter/src/widgets/framework.dart:5871:14)
#218    _InactiveElements._unmount (package:flutter/src/widgets/framework.dart:2113:13)
#219    _InactiveElements._unmount.<anonymous closure> (package:flutter/src/widgets/framework.dart:2115:7)
#220    ComponentElement.visitChildren (package:flutter/src/widgets/framework.dart:5871:14)
#221    _InactiveElements._unmount (package:flutter/src/widgets/framework.dart:2113:13)
#222    _InactiveElements._unmount.<anonymous closure> (package:flutter/src/widgets/framework.dart:2115:7)
#223    ComponentElement.visitChildren (package:flutter/src/widgets/framework.dart:5871:14)
#224    _InactiveElements._unmount (package:flutter/src/widgets/framework.dart:2113:13)
#225    _InactiveElements._unmount.<anonymous closure> (package:flutter/src/widgets/framework.dart:2115:7)
#226    ComponentElement.visitChildren (package:flutter/src/widgets/framework.dart:5871:14)
#227    _InactiveElements._unmount (package:flutter/src/widgets/framework.dart:2113:13)
#228    _InactiveElements._unmount.<anonymous closure> (package:flutter/src/widgets/framework.dart:2115:7)
#229    SingleChildRenderObjectElement.visitChildren (package:flutter/src/widgets/framework.dart:7101:14)
#230    _InactiveElements._unmount (package:flutter/src/widgets/framework.dart:2113:13)
#231    _InactiveElements._unmount.<anonymous closure> (package:flutter/src/widgets/framework.dart:2115:7)
#232    ComponentElement.visitChildren (package:flutter/src/widgets/framework.dart:5871:14)
#233    _InactiveElements._unmount (package:flutter/src/widgets/framework.dart:2113:13)
#234    _InactiveElements._unmount.<anonymous closure> (package:flutter/src/widgets/framework.dart:2115:7)
#235    ComponentElement.visitChildren (package:flutter/src/widgets/framework.dart:5871:14)
#236    _InactiveElements._unmount (package:flutter/src/widgets/framework.dart:2113:13)
#237    _InactiveElements._unmount.<anonymous closure> (package:flutter/src/widgets/framework.dart:2115:7)
#238    ComponentElement.visitChildren (package:flutter/src/widgets/framework.dart:5871:14)
#239    _InactiveElements._unmount (package:flutter/src/widgets/framework.dart:2113:13)
#240    _InactiveElements._unmount.<anonymous closure> (package:flutter/src/widgets/framework.dart:2115:7)
#241    ComponentElement.visitChildren (package:flutter/src/widgets/framework.dart:5871:14)
#242    _InactiveElements._unmount (package:flutter/src/widgets/framework.dart:2113:13)
#243    _InactiveElements._unmount.<anonymous closure> (package:flutter/src/widgets/framework.dart:2115:7)
#244    ComponentElement.visitChildren (package:flutter/src/widgets/framework.dart:5871:14)
#245    _InactiveElements._unmount (package:flutter/src/widgets/framework.dart:2113:13)
#246    _InactiveElements._unmount.<anonymous closure> (package:flutter/src/widgets/framework.dart:2115:7)
#247    MultiChildRenderObjectElement.visitChildren (package:flutter/src/widgets/framework.dart:7223:16)
#248    _InactiveElements._unmount (package:flutter/src/widgets/framework.dart:2113:13)
#249    _InactiveElements._unmount.<anonymous closure> (package:flutter/src/widgets/framework.dart:2115:7)
#250    ComponentElement.visitChildren (package:flutter/src/widgets/framework.dart:5871:14)
#251    _InactiveElements._unmount (package:flutter/src/widgets/framework.dart:2113:13)
#252    _InactiveElements._unmount.<anonymous closure> (package:flutter/src/widgets/framework.dart:2115:7)
#253    ComponentElement.visitChildren (package:flutter/src/widgets/framework.dart:5871:14)
#254    _InactiveElements._unmount (package:flutter/src/widgets/framework.dart:2113:13)
#255    _InactiveElements._unmount.<anonymous closure> (package:flutter/src/widgets/framework.dart:2115:7)
#256    ComponentElement.visitChildren (package:flutter/src/widgets/framework.dart:5871:14)
#257    _InactiveElements._unmount (package:flutter/src/widgets/framework.dart:2113:13)
#258    _InactiveElements._unmount.<anonymous closure> (package:flutter/src/widgets/framework.dart:2115:7)
#259    ComponentElement.visitChildren (package:flutter/src/widgets/framework.dart:5871:14)
#260    _InactiveElements._unmount (package:flutter/src/widgets/framework.dart:2113:13)
#261    _InactiveElements._unmount.<anonymous closure> (package:flutter/src/widgets/framework.dart:2115:7)
#262    ComponentElement.visitChildren (package:flutter/src/widgets/framework.dart:5871:14)
#263    _InactiveElements._unmount (package:flutter/src/widgets/framework.dart:2113:13)
#264    _InactiveElements._unmount.<anonymous closure> (package:flutter/src/widgets/framework.dart:2115:7)
#265    ComponentElement.visitChildren (package:flutter/src/widgets/framework.dart:5871:14)
#266    _InactiveElements._unmount (package:flutter/src/widgets/framework.dart:2113:13)
#267    _InactiveElements._unmount.<anonymous closure> (package:flutter/src/widgets/framework.dart:2115:7)
#268    ComponentElement.visitChildren (package:flutter/src/widgets/framework.dart:5871:14)
#269    _InactiveElements._unmount (package:flutter/src/widgets/framework.dart:2113:13)
#270    _InactiveElements._unmount.<anonymous closure> (package:flutter/src/widgets/framework.dart:2115:7)
#271    SingleChildRenderObjectElement.visitChildren (package:flutter/src/widgets/framework.dart:7101:14)
#272    _InactiveElements._unmount (package:flutter/src/widgets/framework.dart:2113:13)
#273    _InactiveElements._unmount.<anonymous closure> (package:flutter/src/widgets/framework.dart:2115:7)
#274    SingleChildRenderObjectElement.visitChildren (package:flutter/src/widgets/framework.dart:7101:14)
#275    _InactiveElements._unmount (package:flutter/src/widgets/framework.dart:2113:13)
#276    _InactiveElements._unmount.<anonymous closure> (package:flutter/src/widgets/framework.dart:2115:7)
#277    ComponentElement.visitChildren (package:flutter/src/widgets/framework.dart:5871:14)
#278    _InactiveElements._unmount (package:flutter/src/widgets/framework.dart:2113:13)
#279    _InactiveElements._unmount.<anonymous closure> (package:flutter/src/widgets/framework.dart:2115:7)
#280    ComponentElement.visitChildren (package:flutter/src/widgets/framework.dart:5871:14)
#281    _InactiveElements._unmount (package:flutter/src/widgets/framework.dart:2113:13)
#282    _InactiveElements._unmount.<anonymous closure> (package:flutter/src/widgets/framework.dart:2115:7)
#283    ComponentElement.visitChildren (package:flutter/src/widgets/framework.dart:5871:14)
#284    _InactiveElements._unmount (package:flutter/src/widgets/framework.dart:2113:13)
#285    _InactiveElements._unmount.<anonymous closure> (package:flutter/src/widgets/framework.dart:2115:7)
#286    ComponentElement.visitChildren (package:flutter/src/widgets/framework.dart:5871:14)
#287    _InactiveElements._unmount (package:flutter/src/widgets/framework.dart:2113:13)
#288    _InactiveElements._unmount.<anonymous closure> (package:flutter/src/widgets/framework.dart:2115:7)
#289    SingleChildRenderObjectElement.visitChildren (package:flutter/src/widgets/framework.dart:7101:14)
#290    _InactiveElements._unmount (package:flutter/src/widgets/framework.dart:2113:13)
#291    _InactiveElements._unmount.<anonymous closure> (package:flutter/src/widgets/framework.dart:2115:7)
#292    ComponentElement.visitChildren (package:flutter/src/widgets/framework.dart:5871:14)
#293    _InactiveElements._unmount (package:flutter/src/widgets/framework.dart:2113:13)
#294    _InactiveElements._unmount.<anonymous closure> (package:flutter/src/widgets/framework.dart:2115:7)
#295    ComponentElement.visitChildren (package:flutter/src/widgets/framework.dart:5871:14)
#296    _InactiveElements._unmount (package:flutter/src/widgets/framework.dart:2113:13)
#297    _InactiveElements._unmount.<anonymous closure> (package:flutter/src/widgets/framework.dart:2115:7)
#298    ComponentElement.visitChildren (package:flutter/src/widgets/framework.dart:5871:14)
#299    _InactiveElements._unmount (package:flutter/src/widgets/framework.dart:2113:13)
#300    _InactiveElements._unmount.<anonymous closure> (package:flutter/src/widgets/framework.dart:2115:7)
#301    ComponentElement.visitChildren (package:flutter/src/widgets/framework.dart:5871:14)
#302    _InactiveElements._unmount (package:flutter/src/widgets/framework.dart:2113:13)
#303    _InactiveElements._unmount.<anonymous closure> (package:flutter/src/widgets/framework.dart:2115:7)
#304    ComponentElement.visitChildren (package:flutter/src/widgets/framework.dart:5871:14)
#305    _InactiveElements._unmount (package:flutter/src/widgets/framework.dart:2113:13)
#306    _InactiveElements._unmount.<anonymous closure> (package:flutter/src/widgets/framework.dart:2115:7)
#307    ComponentElement.visitChildren (package:flutter/src/widgets/framework.dart:5871:14)
#308    _InactiveElements._unmount (package:flutter/src/widgets/framework.dart:2113:13)
#309    _InactiveElements._unmount.<anonymous closure> (package:flutter/src/widgets/framework.dart:2115:7)
#310    ComponentElement.visitChildren (package:flutter/src/widgets/framework.dart:5871:14)
#311    _InactiveElements._unmount (package:flutter/src/widgets/framework.dart:2113:13)
#312    _InactiveElements._unmount.<anonymous closure> (package:flutter/src/widgets/framework.dart:2115:7)
#313    ComponentElement.visitChildren (package:flutter/src/widgets/framework.dart:5871:14)
#314    _InactiveElements._unmount (package:flutter/src/widgets/framework.dart:2113:13)
#315    _InactiveElements._unmount.<anonymous closure> (package:flutter/src/widgets/framework.dart:2115:7)
#316    ComponentElement.visitChildren (package:flutter/src/widgets/framework.dart:5871:14)
#317    _InactiveElements._unmount (package:flutter/src/widgets/framework.dart:2113:13)
#318    _InactiveElements._unmount.<anonymous closure> (package:flutter/src/widgets/framework.dart:2115:7)
#319    ComponentElement.visitChildren (package:flutter/src/widgets/framework.dart:5871:14)
#320    _InactiveElements._unmount (package:flutter/src/widgets/framework.dart:2113:13)
#321    _InactiveElements._unmount.<anonymous closure> (package:flutter/src/widgets/framework.dart:2115:7)
#322    ComponentElement.visitChildren (package:flutter/src/widgets/framework.dart:5871:14)
#323    _InactiveElements._unmount (package:flutter/src/widgets/framework.dart:2113:13)
#324    _InactiveElements._unmount.<anonymous closure> (package:flutter/src/widgets/framework.dart:2115:7)
#325    ComponentElement.visitChildren (package:flutter/src/widgets/framework.dart:5871:14)
#326    _InactiveElements._unmount (package:flutter/src/widgets/framework.dart:2113:13)
#327    _InactiveElements._unmount.<anonymous closure> (package:flutter/src/widgets/framework.dart:2115:7)
#328    ComponentElement.visitChildren (package:flutter/src/widgets/framework.dart:5871:14)
#329    _InactiveElements._unmount (package:flutter/src/widgets/framework.dart:2113:13)
#330    _InactiveElements._unmount.<anonymous closure> (package:flutter/src/widgets/framework.dart:2115:7)
#331    ComponentElement.visitChildren (package:flutter/src/widgets/framework.dart:5871:14)
#332    _InactiveElements._unmount (package:flutter/src/widgets/framework.dart:2113:13)
#333    _InactiveElements._unmount.<anonymous closure> (package:flutter/src/widgets/framework.dart:2115:7)
#334    ComponentElement.visitChildren (package:flutter/src/widgets/framework.dart:5871:14)
#335    _InactiveElements._unmount (package:flutter/src/widgets/framework.dart:2113:13)
#336    _InactiveElements._unmount.<anonymous closure> (package:flutter/src/widgets/framework.dart:2115:7)
#337    SingleChildRenderObjectElement.visitChildren (package:flutter/src/widgets/framework.dart:7101:14)
#338    _InactiveElements._unmount (package:flutter/src/widgets/framework.dart:2113:13)
#339    _InactiveElements._unmount.<anonymous closure> (package:flutter/src/widgets/framework.dart:2115:7)
#340    ComponentElement.visitChildren (package:flutter/src/widgets/framework.dart:5871:14)
#341    _InactiveElements._unmount (package:flutter/src/widgets/framework.dart:2113:13)
#342    _InactiveElements._unmount.<anonymous closure> (package:flutter/src/widgets/framework.dart:2115:7)
#343    ComponentElement.visitChildren (package:flutter/src/widgets/framework.dart:5871:14)
#344    _InactiveElements._unmount (package:flutter/src/widgets/framework.dart:2113:13)
#345    _InactiveElements._unmount.<anonymous closure> (package:flutter/src/widgets/framework.dart:2115:7)
#346    ComponentElement.visitChildren (package:flutter/src/widgets/framework.dart:5871:14)
#347    _InactiveElements._unmount (package:flutter/src/widgets/framework.dart:2113:13)
#348    _InactiveElements._unmount.<anonymous closure> (package:flutter/src/widgets/framework.dart:2115:7)
#349    ComponentElement.visitChildren (package:flutter/src/widgets/framework.dart:5871:14)
#350    _InactiveElements._unmount (package:flutter/src/widgets/framework.dart:2113:13)
#351    _InactiveElements._unmount.<anonymous closure> (package:flutter/src/widgets/framework.dart:2115:7)
#352    ComponentElement.visitChildren (package:flutter/src/widgets/framework.dart:5871:14)
#353    _InactiveElements._unmount (package:flutter/src/widgets/framework.dart:2113:13)
#354    _InactiveElements._unmount.<anonymous closure> (package:flutter/src/widgets/framework.dart:2115:7)
#355    SingleChildRenderObjectElement.visitChildren (package:flutter/src/widgets/framework.dart:7101:14)
#356    _InactiveElements._unmount (package:flutter/src/widgets/framework.dart:2113:13)
#357    _InactiveElements._unmount.<anonymous closure> (package:flutter/src/widgets/framework.dart:2115:7)
#358    ComponentElement.visitChildren (package:flutter/src/widgets/framework.dart:5871:14)
#359    _InactiveElements._unmount (package:flutter/src/widgets/framework.dart:2113:13)
#360    _InactiveElements._unmount.<anonymous closure> (package:flutter/src/widgets/framework.dart:2115:7)
#361    ComponentElement.visitChildren (package:flutter/src/widgets/framework.dart:5871:14)
#362    _InactiveElements._unmount (package:flutter/src/widgets/framework.dart:2113:13)
#363    _InactiveElements._unmount.<anonymous closure> (package:flutter/src/widgets/framework.dart:2115:7)
#364    SingleChildRenderObjectElement.visitChildren (package:flutter/src/widgets/framework.dart:7101:14)
#365    _InactiveElements._unmount (package:flutter/src/widgets/framework.dart:2113:13)
#366    _InactiveElements._unmount.<anonymous closure> (package:flutter/src/widgets/framework.dart:2115:7)
#367    ComponentElement.visitChildren (package:flutter/src/widgets/framework.dart:5871:14)
#368    _InactiveElements._unmount (package:flutter/src/widgets/framework.dart:2113:13)
#369    _InactiveElements._unmount.<anonymous closure> (package:flutter/src/widgets/framework.dart:2115:7)
#370    ComponentElement.visitChildren (package:flutter/src/widgets/framework.dart:5871:14)
#371    _InactiveElements._unmount (package:flutter/src/widgets/framework.dart:2113:13)
#372    _InactiveElements._unmount.<anonymous closure> (package:flutter/src/widgets/framework.dart:2115:7)
#373    ComponentElement.visitChildren (package:flutter/src/widgets/framework.dart:5871:14)
#374    _InactiveElements._unmount (package:flutter/src/widgets/framework.dart:2113:13)
#375    _InactiveElements._unmount.<anonymous closure> (package:flutter/src/widgets/framework.dart:2115:7)
#376    ComponentElement.visitChildren (package:flutter/src/widgets/framework.dart:5871:14)
#377    _InactiveElements._unmount (package:flutter/src/widgets/framework.dart:2113:13)
#378    _InactiveElements._unmount.<anonymous closure> (package:flutter/src/widgets/framework.dart:2115:7)
#379    ComponentElement.visitChildren (package:flutter/src/widgets/framework.dart:5871:14)
#380    _InactiveElements._unmount (package:flutter/src/widgets/framework.dart:2113:13)
#381    _InactiveElements._unmount.<anonymous closure> (package:flutter/src/widgets/framework.dart:2115:7)
#382    SingleChildRenderObjectElement.visitChildren (package:flutter/src/widgets/framework.dart:7101:14)
#383    _InactiveElements._unmount (package:flutter/src/widgets/framework.dart:2113:13)
#384    _InactiveElements._unmount.<anonymous closure> (package:flutter/src/widgets/framework.dart:2115:7)
#385    ComponentElement.visitChildren (package:flutter/src/widgets/framework.dart:5871:14)
#386    _InactiveElements._unmount (package:flutter/src/widgets/framework.dart:2113:13)
#387    _InactiveElements._unmount.<anonymous closure> (package:flutter/src/widgets/framework.dart:2115:7)
#388    ComponentElement.visitChildren (package:flutter/src/widgets/framework.dart:5871:14)
#389    _InactiveElements._unmount (package:flutter/src/widgets/framework.dart:2113:13)
#390    _InactiveElements._unmount.<anonymous closure> (package:flutter/src/widgets/framework.dart:2115:7)
#391    ComponentElement.visitChildren (package:flutter/src/widgets/framework.dart:5871:14)
#392    _InactiveElements._unmount (package:flutter/src/widgets/framework.dart:2113:13)
#393    _InactiveElements._unmount.<anonymous closure> (package:flutter/src/widgets/framework.dart:2115:7)
#394    ComponentElement.visitChildren (package:flutter/src/widgets/framework.dart:5871:14)
#395    _InactiveElements._unmount (package:flutter/src/widgets/framework.dart:2113:13)
#396    _InactiveElements._unmount.<anonymous closure> (package:flutter/src/widgets/framework.dart:2115:7)
#397    ComponentElement.visitChildren (package:flutter/src/widgets/framework.dart:5871:14)
#398    _InactiveElements._unmount (package:flutter/src/widgets/framework.dart:2113:13)
#399    _InactiveElements._unmount.<anonymous closure> (package:flutter/src/widgets/framework.dart:2115:7)
#400    SingleChildRenderObjectElement.visitChildren (package:flutter/src/widgets/framework.dart:7101:14)
#401    _InactiveElements._unmount (package:flutter/src/widgets/framework.dart:2113:13)
#402    _InactiveElements._unmount.<anonymous closure> (package:flutter/src/widgets/framework.dart:2115:7)
#403    ComponentElement.visitChildren (package:flutter/src/widgets/framework.dart:5871:14)
#404    _InactiveElements._unmount (package:flutter/src/widgets/framework.dart:2113:13)
#405    _InactiveElements._unmount.<anonymous closure> (package:flutter/src/widgets/framework.dart:2115:7)
#406    ComponentElement.visitChildren (package:flutter/src/widgets/framework.dart:5871:14)
#407    _InactiveElements._unmount (package:flutter/src/widgets/framework.dart:2113:13)
#408    _InactiveElements._unmount.<anonymous closure> (package:flutter/src/widgets/framework.dart:2115:7)
#409    ComponentElement.visitChildren (package:flutter/src/widgets/framework.dart:5871:14)
#410    _InactiveElements._unmount (package:flutter/src/widgets/framework.dart:2113:13)
#411    _InactiveElements._unmount.<anonymous closure> (package:flutter/src/widgets/framework.dart:2115:7)
#412    ComponentElement.visitChildren (package:flutter/src/widgets/framework.dart:5871:14)
#413    _InactiveElements._unmount (package:flutter/src/widgets/framework.dart:2113:13)
#414    _InactiveElements._unmount.<anonymous closure> (package:flutter/src/widgets/framework.dart:2115:7)
#415    SingleChildRenderObjectElement.visitChildren (package:flutter/src/widgets/framework.dart:7101:14)
#416    _InactiveElements._unmount (package:flutter/src/widgets/framework.dart:2113:13)
#417    _InactiveElements._unmount.<anonymous closure> (package:flutter/src/widgets/framework.dart:2115:7)
#418    ComponentElement.visitChildren (package:flutter/src/widgets/framework.dart:5871:14)
#419    _InactiveElements._unmount (package:flutter/src/widgets/framework.dart:2113:13)
#420    _InactiveElements._unmount.<anonymous closure> (package:flutter/src/widgets/framework.dart:2115:7)
#421    ComponentElement.visitChildren (package:flutter/src/widgets/framework.dart:5871:14)
#422    _InactiveElements._unmount (package:flutter/src/widgets/framework.dart:2113:13)
#423    _InactiveElements._unmount.<anonymous closure> (package:flutter/src/widgets/framework.dart:2115:7)
#424    ComponentElement.visitChildren (package:flutter/src/widgets/framework.dart:5871:14)
#425    _InactiveElements._unmount (package:flutter/src/widgets/framework.dart:2113:13)
#426    _InactiveElements._unmount.<anonymous closure> (package:flutter/src/widgets/framework.dart:2115:7)
#427    ComponentElement.visitChildren (package:flutter/src/widgets/framework.dart:5871:14)
#428    _InactiveElements._unmount (package:flutter/src/widgets/framework.dart:2113:13)
#429    _InactiveElements._unmount.<anonymous closure> (package:flutter/src/widgets/framework.dart:2115:7)
#430    ComponentElement.visitChildren (package:flutter/src/widgets/framework.dart:5871:14)
#431    _InactiveElements._unmount (package:flutter/src/widgets/framework.dart:2113:13)
#432    _InactiveElements._unmount.<anonymous closure> (package:flutter/src/widgets/framework.dart:2115:7)
#433    ComponentElement.visitChildren (package:flutter/src/widgets/framework.dart:5871:14)
#434    _InactiveElements._unmount (package:flutter/src/widgets/framework.dart:2113:13)
#435    _InactiveElements._unmount.<anonymous closure> (package:flutter/src/widgets/framework.dart:2115:7)
#436    ComponentElement.visitChildren (package:flutter/src/widgets/framework.dart:5871:14)
#437    _InactiveElements._unmount (package:flutter/src/widgets/framework.dart:2113:13)
#438    _InactiveElements._unmount.<anonymous closure> (package:flutter/src/widgets/framework.dart:2115:7)
#439    ComponentElement.visitChildren (package:flutter/src/widgets/framework.dart:5871:14)
#440    _InactiveElements._unmount (package:flutter/src/widgets/framework.dart:2113:13)
#441    _InactiveElements._unmount.<anonymous closure> (package:flutter/src/widgets/framework.dart:2115:7)
#442    ComponentElement.visitChildren (package:flutter/src/widgets/framework.dart:5871:14)
#443    _InactiveElements._unmount (package:flutter/src/widgets/framework.dart:2113:13)
#444    _InactiveElements._unmount.<anonymous closure> (package:flutter/src/widgets/framework.dart:2115:7)
#445    ComponentElement.visitChildren (package:flutter/src/widgets/framework.dart:5871:14)
#446    _InactiveElements._unmount (package:flutter/src/widgets/framework.dart:2113:13)
#447    _InactiveElements._unmount.<anonymous closure> (package:flutter/src/widgets/framework.dart:2115:7)
#448    ComponentElement.visitChildren (package:flutter/src/widgets/framework.dart:5871:14)
#449    _InactiveElements._unmount (package:flutter/src/widgets/framework.dart:2113:13)
#450    _InactiveElements._unmount.<anonymous closure> (package:flutter/src/widgets/framework.dart:2115:7)
#451    ComponentElement.visitChildren (package:flutter/src/widgets/framework.dart:5871:14)
#452    _InactiveElements._unmount (package:flutter/src/widgets/framework.dart:2113:13)
#453    _InactiveElements._unmount.<anonymous closure> (package:flutter/src/widgets/framework.dart:2115:7)
#454    ComponentElement.visitChildren (package:flutter/src/widgets/framework.dart:5871:14)
#455    _InactiveElements._unmount (package:flutter/src/widgets/framework.dart:2113:13)
#456    _InactiveElements._unmount.<anonymous closure> (package:flutter/src/widgets/framework.dart:2115:7)
#457    ComponentElement.visitChildren (package:flutter/src/widgets/framework.dart:5871:14)
#458    _InactiveElements._unmount (package:flutter/src/widgets/framework.dart:2113:13)
#459    _InactiveElements._unmount.<anonymous closure> (package:flutter/src/widgets/framework.dart:2115:7)
#460    ComponentElement.visitChildren (package:flutter/src/widgets/framework.dart:5871:14)
#461    _InactiveElements._unmount (package:flutter/src/widgets/framework.dart:2113:13)
#462    ListIterable.forEach (dart:_internal/iterable.dart:49:13)
#463    _InactiveElements._unmountAll (package:flutter/src/widgets/framework.dart:2126:25)
#464    BuildOwner.lockState (package:flutter/src/widgets/framework.dart:3020:15)
#465    BuildOwner.finalizeTree (package:flutter/src/widgets/framework.dart:3344:7)
#466    AutomatedTestWidgetsFlutterBinding.drawFrame (package:flutter_test/src/binding.dart:2153:19)
#467    RendererBinding._handlePersistentFrameCallback (package:flutter/src/rendering/binding.dart:495:5)
#468    SchedulerBinding._invokeFrameCallback (package:flutter/src/scheduler/binding.dart:1430:15)
#469    SchedulerBinding.handleDrawFrame (package:flutter/src/scheduler/binding.dart:1345:9)
#470    AutomatedTestWidgetsFlutterBinding.scheduleWarmUpFrame (package:flutter_test/src/binding.dart:2057:5)
#471    _runWidget (package:flutter/src/widgets/binding.dart:1683:7)
#472    runApp (package:flutter/src/widgets/binding.dart:1616:3)
#473    TestWidgetsFlutterBinding._runTestBody (package:flutter_test/src/binding.dart:1689:7)
<asynchronous suspension>
<asynchronous suspension>
(elided 12 frames from dart:async and package:stack_trace)

Timer (duration: 0:00:00.000000, periodic: false), created:
#0      new FakeTimer._ (package:fake_async/fake_async.dart:342:62)
#1      FakeAsync._createTimer (package:fake_async/fake_async.dart:260:29)
#2      FakeAsync.run.<anonymous closure> (package:fake_async/fake_async.dart:185:15)
#6      StreamQueryStore.markAsClosed (package:drift/src/runtime/executor/stream_queries.dart:156:11)
#7      QueryStream._onCancelOrPause (package:drift/src/runtime/executor/stream_queries.dart:305:14)
#8      QueryStream._stream.<anonymous closure>.<anonymous closure> (package:drift/src/runtime/executor/stream_queries.dart:238:9)
#17     _StreamBuilderBaseState._unsubscribe (package:flutter/src/widgets/async.dart:156:22)
#18     _StreamBuilderBaseState.dispose (package:flutter/src/widgets/async.dart:127:5)
#19     StatefulElement.unmount (package:flutter/src/widgets/framework.dart:6030:11)
#20     _InactiveElements._unmount (package:flutter/src/widgets/framework.dart:2117:13)
#21     _InactiveElements._unmount.<anonymous closure> (package:flutter/src/widgets/framework.dart:2115:7)
#22     SingleChildRenderObjectElement.visitChildren (package:flutter/src/widgets/framework.dart:7101:14)
#23     _InactiveElements._unmount (package:flutter/src/widgets/framework.dart:2113:13)
#24     _InactiveElements._unmount.<anonymous closure> (package:flutter/src/widgets/framework.dart:2115:7)
#25     SingleChildRenderObjectElement.visitChildren (package:flutter/src/widgets/framework.dart:7101:14)
#26     _InactiveElements._unmount (package:flutter/src/widgets/framework.dart:2113:13)
#27     _InactiveElements._unmount.<anonymous closure> (package:flutter/src/widgets/framework.dart:2115:7)
#28     ComponentElement.visitChildren (package:flutter/src/widgets/framework.dart:5871:14)
#29     _InactiveElements._unmount (package:flutter/src/widgets/framework.dart:2113:13)
#30     _InactiveElements._unmount.<anonymous closure> (package:flutter/src/widgets/framework.dart:2115:7)
#31     SingleChildRenderObjectElement.visitChildren (package:flutter/src/widgets/framework.dart:7101:14)
#32     _InactiveElements._unmount (package:flutter/src/widgets/framework.dart:2113:13)
#33     _InactiveElements._unmount.<anonymous closure> (package:flutter/src/widgets/framework.dart:2115:7)
#34     ComponentElement.visitChildren (package:flutter/src/widgets/framework.dart:5871:14)
#35     _InactiveElements._unmount (package:flutter/src/widgets/framework.dart:2113:13)
#36     _InactiveElements._unmount.<anonymous closure> (package:flutter/src/widgets/framework.dart:2115:7)
#37     ComponentElement.visitChildren (package:flutter/src/widgets/framework.dart:5871:14)
#38     _InactiveElements._unmount (package:flutter/src/widgets/framework.dart:2113:13)
#39     _InactiveElements._unmount.<anonymous closure> (package:flutter/src/widgets/framework.dart:2115:7)
#40     ComponentElement.visitChildren (package:flutter/src/widgets/framework.dart:5871:14)
#41     _InactiveElements._unmount (package:flutter/src/widgets/framework.dart:2113:13)
#42     _InactiveElements._unmount.<anonymous closure> (package:flutter/src/widgets/framework.dart:2115:7)
#43     ComponentElement.visitChildren (package:flutter/src/widgets/framework.dart:5871:14)
#44     _InactiveElements._unmount (package:flutter/src/widgets/framework.dart:2113:13)
#45     _InactiveElements._unmount.<anonymous closure> (package:flutter/src/widgets/framework.dart:2115:7)
#46     ComponentElement.visitChildren (package:flutter/src/widgets/framework.dart:5871:14)
#47     _InactiveElements._unmount (package:flutter/src/widgets/framework.dart:2113:13)
#48     _InactiveElements._unmount.<anonymous closure> (package:flutter/src/widgets/framework.dart:2115:7)
#49     ComponentElement.visitChildren (package:flutter/src/widgets/framework.dart:5871:14)
#50     _InactiveElements._unmount (package:flutter/src/widgets/framework.dart:2113:13)
#51     _InactiveElements._unmount.<anonymous closure> (package:flutter/src/widgets/framework.dart:2115:7)
#52     MultiChildRenderObjectElement.visitChildren (package:flutter/src/widgets/framework.dart:7223:16)
#53     _InactiveElements._unmount (package:flutter/src/widgets/framework.dart:2113:13)
#54     _InactiveElements._unmount.<anonymous closure> (package:flutter/src/widgets/framework.dart:2115:7)
#55     ComponentElement.visitChildren (package:flutter/src/widgets/framework.dart:5871:14)
#56     _InactiveElements._unmount (package:flutter/src/widgets/framework.dart:2113:13)
#57     _InactiveElements._unmount.<anonymous closure> (package:flutter/src/widgets/framework.dart:2115:7)
#58     ComponentElement.visitChildren (package:flutter/src/widgets/framework.dart:5871:14)
#59     _InactiveElements._unmount (package:flutter/src/widgets/framework.dart:2113:13)
#60     _InactiveElements._unmount.<anonymous closure> (package:flutter/src/widgets/framework.dart:2115:7)
#61     ComponentElement.visitChildren (package:flutter/src/widgets/framework.dart:5871:14)
#62     _InactiveElements._unmount (package:flutter/src/widgets/framework.dart:2113:13)
#63     _InactiveElements._unmount.<anonymous closure> (package:flutter/src/widgets/framework.dart:2115:7)
#64     ComponentElement.visitChildren (package:flutter/src/widgets/framework.dart:5871:14)
#65     _InactiveElements._unmount (package:flutter/src/widgets/framework.dart:2113:13)
#66     _InactiveElements._unmount.<anonymous closure> (package:flutter/src/widgets/framework.dart:2115:7)
#67     ComponentElement.visitChildren (package:flutter/src/widgets/framework.dart:5871:14)
#68     _InactiveElements._unmount (package:flutter/src/widgets/framework.dart:2113:13)
#69     _InactiveElements._unmount.<anonymous closure> (package:flutter/src/widgets/framework.dart:2115:7)
#70     SingleChildRenderObjectElement.visitChildren (package:flutter/src/widgets/framework.dart:7101:14)
#71     _InactiveElements._unmount (package:flutter/src/widgets/framework.dart:2113:13)
#72     _InactiveElements._unmount.<anonymous closure> (package:flutter/src/widgets/framework.dart:2115:7)
#73     ComponentElement.visitChildren (package:flutter/src/widgets/framework.dart:5871:14)
#74     _InactiveElements._unmount (package:flutter/src/widgets/framework.dart:2113:13)
#75     _InactiveElements._unmount.<anonymous closure> (package:flutter/src/widgets/framework.dart:2115:7)
#76     SingleChildRenderObjectElement.visitChildren (package:flutter/src/widgets/framework.dart:7101:14)
#77     _InactiveElements._unmount (package:flutter/src/widgets/framework.dart:2113:13)
#78     _InactiveElements._unmount.<anonymous closure> (package:flutter/src/widgets/framework.dart:2115:7)
#79     ComponentElement.visitChildren (package:flutter/src/widgets/framework.dart:5871:14)
#80     _InactiveElements._unmount (package:flutter/src/widgets/framework.dart:2113:13)
#81     _InactiveElements._unmount.<anonymous closure> (package:flutter/src/widgets/framework.dart:2115:7)
#82     ComponentElement.visitChildren (package:flutter/src/widgets/framework.dart:5871:14)
#83     _InactiveElements._unmount (package:flutter/src/widgets/framework.dart:2113:13)
#84     _InactiveElements._unmount.<anonymous closure> (package:flutter/src/widgets/framework.dart:2115:7)
#85     ComponentElement.visitChildren (package:flutter/src/widgets/framework.dart:5871:14)
#86     _InactiveElements._unmount (package:flutter/src/widgets/framework.dart:2113:13)
#87     _InactiveElements._unmount.<anonymous closure> (package:flutter/src/widgets/framework.dart:2115:7)
#88     ComponentElement.visitChildren (package:flutter/src/widgets/framework.dart:5871:14)
#89     _InactiveElements._unmount (package:flutter/src/widgets/framework.dart:2113:13)
#90     _InactiveElements._unmount.<anonymous closure> (package:flutter/src/widgets/framework.dart:2115:7)
#91     ComponentElement.visitChildren (package:flutter/src/widgets/framework.dart:5871:14)
#92     _InactiveElements._unmount (package:flutter/src/widgets/framework.dart:2113:13)
#93     _InactiveElements._unmount.<anonymous closure> (package:flutter/src/widgets/framework.dart:2115:7)
#94     ComponentElement.visitChildren (package:flutter/src/widgets/framework.dart:5871:14)
#95     _InactiveElements._unmount (package:flutter/src/widgets/framework.dart:2113:13)
#96     _InactiveElements._unmount.<anonymous closure> (package:flutter/src/widgets/framework.dart:2115:7)
#97     ComponentElement.visitChildren (package:flutter/src/widgets/framework.dart:5871:14)
#98     _InactiveElements._unmount (package:flutter/src/widgets/framework.dart:2113:13)
#99     _InactiveElements._unmount.<anonymous closure> (package:flutter/src/widgets/framework.dart:2115:7)
#100    ComponentElement.visitChildren (package:flutter/src/widgets/framework.dart:5871:14)
#101    _InactiveElements._unmount (package:flutter/src/widgets/framework.dart:2113:13)
#102    _InactiveElements._unmount.<anonymous closure> (package:flutter/src/widgets/framework.dart:2115:7)
#103    ComponentElement.visitChildren (package:flutter/src/widgets/framework.dart:5871:14)
#104    _InactiveElements._unmount (package:flutter/src/widgets/framework.dart:2113:13)
#105    _InactiveElements._unmount.<anonymous closure> (package:flutter/src/widgets/framework.dart:2115:7)
#106    SingleChildRenderObjectElement.visitChildren (package:flutter/src/widgets/framework.dart:7101:14)
#107    _InactiveElements._unmount (package:flutter/src/widgets/framework.dart:2113:13)
#108    _InactiveElements._unmount.<anonymous closure> (package:flutter/src/widgets/framework.dart:2115:7)
#109    ComponentElement.visitChildren (package:flutter/src/widgets/framework.dart:5871:14)
#110    _InactiveElements._unmount (package:flutter/src/widgets/framework.dart:2113:13)
#111    _InactiveElements._unmount.<anonymous closure> (package:flutter/src/widgets/framework.dart:2115:7)
#112    SingleChildRenderObjectElement.visitChildren (package:flutter/src/widgets/framework.dart:7101:14)
#113    _InactiveElements._unmount (package:flutter/src/widgets/framework.dart:2113:13)
#114    _InactiveElements._unmount.<anonymous closure> (package:flutter/src/widgets/framework.dart:2115:7)
#115    SingleChildRenderObjectElement.visitChildren (package:flutter/src/widgets/framework.dart:7101:14)
#116    _InactiveElements._unmount (package:flutter/src/widgets/framework.dart:2113:13)
#117    _InactiveElements._unmount.<anonymous closure> (package:flutter/src/widgets/framework.dart:2115:7)
#118    ComponentElement.visitChildren (package:flutter/src/widgets/framework.dart:5871:14)
#119    _InactiveElements._unmount (package:flutter/src/widgets/framework.dart:2113:13)
#120    _InactiveElements._unmount.<anonymous closure> (package:flutter/src/widgets/framework.dart:2115:7)
#121    SingleChildRenderObjectElement.visitChildren (package:flutter/src/widgets/framework.dart:7101:14)
#122    _InactiveElements._unmount (package:flutter/src/widgets/framework.dart:2113:13)
#123    _InactiveElements._unmount.<anonymous closure> (package:flutter/src/widgets/framework.dart:2115:7)
#124    ComponentElement.visitChildren (package:flutter/src/widgets/framework.dart:5871:14)
#125    _InactiveElements._unmount (package:flutter/src/widgets/framework.dart:2113:13)
#126    _InactiveElements._unmount.<anonymous closure> (package:flutter/src/widgets/framework.dart:2115:7)
#127    SingleChildRenderObjectElement.visitChildren (package:flutter/src/widgets/framework.dart:7101:14)
#128    _InactiveElements._unmount (package:flutter/src/widgets/framework.dart:2113:13)
#129    _InactiveElements._unmount.<anonymous closure> (package:flutter/src/widgets/framework.dart:2115:7)
#130    SingleChildRenderObjectElement.visitChildren (package:flutter/src/widgets/framework.dart:7101:14)
#131    _InactiveElements._unmount (package:flutter/src/widgets/framework.dart:2113:13)
#132    _InactiveElements._unmount.<anonymous closure> (package:flutter/src/widgets/framework.dart:2115:7)
#133    ComponentElement.visitChildren (package:flutter/src/widgets/framework.dart:5871:14)
#134    _InactiveElements._unmount (package:flutter/src/widgets/framework.dart:2113:13)
#135    _InactiveElements._unmount.<anonymous closure> (package:flutter/src/widgets/framework.dart:2115:7)
#136    SingleChildRenderObjectElement.visitChildren (package:flutter/src/widgets/framework.dart:7101:14)
#137    _InactiveElements._unmount (package:flutter/src/widgets/framework.dart:2113:13)
#138    _InactiveElements._unmount.<anonymous closure> (package:flutter/src/widgets/framework.dart:2115:7)
#139    ComponentElement.visitChildren (package:flutter/src/widgets/framework.dart:5871:14)
#140    _InactiveElements._unmount (package:flutter/src/widgets/framework.dart:2113:13)
#141    _InactiveElements._unmount.<anonymous closure> (package:flutter/src/widgets/framework.dart:2115:7)
#142    SingleChildRenderObjectElement.visitChildren (package:flutter/src/widgets/framework.dart:7101:14)
#143    _InactiveElements._unmount (package:flutter/src/widgets/framework.dart:2113:13)
#144    _InactiveElements._unmount.<anonymous closure> (package:flutter/src/widgets/framework.dart:2115:7)
#145    SingleChildRenderObjectElement.visitChildren (package:flutter/src/widgets/framework.dart:7101:14)
#146    _InactiveElements._unmount (package:flutter/src/widgets/framework.dart:2113:13)
#147    _InactiveElements._unmount.<anonymous closure> (package:flutter/src/widgets/framework.dart:2115:7)
#148    ComponentElement.visitChildren (package:flutter/src/widgets/framework.dart:5871:14)
#149    _InactiveElements._unmount (package:flutter/src/widgets/framework.dart:2113:13)
#150    _InactiveElements._unmount.<anonymous closure> (package:flutter/src/widgets/framework.dart:2115:7)
#151    SingleChildRenderObjectElement.visitChildren (package:flutter/src/widgets/framework.dart:7101:14)
#152    _InactiveElements._unmount (package:flutter/src/widgets/framework.dart:2113:13)
#153    _InactiveElements._unmount.<anonymous closure> (package:flutter/src/widgets/framework.dart:2115:7)
#154    SingleChildRenderObjectElement.visitChildren (package:flutter/src/widgets/framework.dart:7101:14)
#155    _InactiveElements._unmount (package:flutter/src/widgets/framework.dart:2113:13)
#156    _InactiveElements._unmount.<anonymous closure> (package:flutter/src/widgets/framework.dart:2115:7)
#157    SingleChildRenderObjectElement.visitChildren (package:flutter/src/widgets/framework.dart:7101:14)
#158    _InactiveElements._unmount (package:flutter/src/widgets/framework.dart:2113:13)
#159    _InactiveElements._unmount.<anonymous closure> (package:flutter/src/widgets/framework.dart:2115:7)
#160    ComponentElement.visitChildren (package:flutter/src/widgets/framework.dart:5871:14)
#161    _InactiveElements._unmount (package:flutter/src/widgets/framework.dart:2113:13)
#162    _InactiveElements._unmount.<anonymous closure> (package:flutter/src/widgets/framework.dart:2115:7)
#163    SingleChildRenderObjectElement.visitChildren (package:flutter/src/widgets/framework.dart:7101:14)
#164    _InactiveElements._unmount (package:flutter/src/widgets/framework.dart:2113:13)
#165    _InactiveElements._unmount.<anonymous closure> (package:flutter/src/widgets/framework.dart:2115:7)
#166    ComponentElement.visitChildren (package:flutter/src/widgets/framework.dart:5871:14)
#167    _InactiveElements._unmount (package:flutter/src/widgets/framework.dart:2113:13)
#168    _InactiveElements._unmount.<anonymous closure> (package:flutter/src/widgets/framework.dart:2115:7)
#169    ComponentElement.visitChildren (package:flutter/src/widgets/framework.dart:5871:14)
#170    _InactiveElements._unmount (package:flutter/src/widgets/framework.dart:2113:13)
#171    _InactiveElements._unmount.<anonymous closure> (package:flutter/src/widgets/framework.dart:2115:7)
#172    ComponentElement.visitChildren (package:flutter/src/widgets/framework.dart:5871:14)
#173    _InactiveElements._unmount (package:flutter/src/widgets/framework.dart:2113:13)
#174    _InactiveElements._unmount.<anonymous closure> (package:flutter/src/widgets/framework.dart:2115:7)
#175    ComponentElement.visitChildren (package:flutter/src/widgets/framework.dart:5871:14)
#176    _InactiveElements._unmount (package:flutter/src/widgets/framework.dart:2113:13)
#177    _InactiveElements._unmount.<anonymous closure> (package:flutter/src/widgets/framework.dart:2115:7)
#178    ComponentElement.visitChildren (package:flutter/src/widgets/framework.dart:5871:14)
#179    _InactiveElements._unmount (package:flutter/src/widgets/framework.dart:2113:13)
#180    _InactiveElements._unmount.<anonymous closure> (package:flutter/src/widgets/framework.dart:2115:7)
#181    SingleChildRenderObjectElement.visitChildren (package:flutter/src/widgets/framework.dart:7101:14)
#182    _InactiveElements._unmount (package:flutter/src/widgets/framework.dart:2113:13)
#183    _InactiveElements._unmount.<anonymous closure> (package:flutter/src/widgets/framework.dart:2115:7)
#184    ComponentElement.visitChildren (package:flutter/src/widgets/framework.dart:5871:14)
#185    _InactiveElements._unmount (package:flutter/src/widgets/framework.dart:2113:13)
#186    _InactiveElements._unmount.<anonymous closure> (package:flutter/src/widgets/framework.dart:2115:7)
#187    SingleChildRenderObjectElement.visitChildren (package:flutter/src/widgets/framework.dart:7101:14)
#188    _InactiveElements._unmount (package:flutter/src/widgets/framework.dart:2113:13)
#189    _InactiveElements._unmount.<anonymous closure> (package:flutter/src/widgets/framework.dart:2115:7)
#190    ComponentElement.visitChildren (package:flutter/src/widgets/framework.dart:5871:14)
#191    _InactiveElements._unmount (package:flutter/src/widgets/framework.dart:2113:13)
#192    _InactiveElements._unmount.<anonymous closure> (package:flutter/src/widgets/framework.dart:2115:7)
#193    ComponentElement.visitChildren (package:flutter/src/widgets/framework.dart:5871:14)
#194    _InactiveElements._unmount (package:flutter/src/widgets/framework.dart:2113:13)
#195    _InactiveElements._unmount.<anonymous closure> (package:flutter/src/widgets/framework.dart:2115:7)
#196    ComponentElement.visitChildren (package:flutter/src/widgets/framework.dart:5871:14)
#197    _InactiveElements._unmount (package:flutter/src/widgets/framework.dart:2113:13)
#198    _InactiveElements._unmount.<anonymous closure> (package:flutter/src/widgets/framework.dart:2115:7)
#199    ComponentElement.visitChildren (package:flutter/src/widgets/framework.dart:5871:14)
#200    _InactiveElements._unmount (package:flutter/src/widgets/framework.dart:2113:13)
#201    _InactiveElements._unmount.<anonymous closure> (package:flutter/src/widgets/framework.dart:2115:7)
#202    ComponentElement.visitChildren (package:flutter/src/widgets/framework.dart:5871:14)
#203    _InactiveElements._unmount (package:flutter/src/widgets/framework.dart:2113:13)
#204    _InactiveElements._unmount.<anonymous closure> (package:flutter/src/widgets/framework.dart:2115:7)
#205    ComponentElement.visitChildren (package:flutter/src/widgets/framework.dart:5871:14)
#206    _InactiveElements._unmount (package:flutter/src/widgets/framework.dart:2113:13)
#207    _InactiveElements._unmount.<anonymous closure> (package:flutter/src/widgets/framework.dart:2115:7)
#208    SingleChildRenderObjectElement.visitChildren (package:flutter/src/widgets/framework.dart:7101:14)
#209    _InactiveElements._unmount (package:flutter/src/widgets/framework.dart:2113:13)
#210    _InactiveElements._unmount.<anonymous closure> (package:flutter/src/widgets/framework.dart:2115:7)
#211    ComponentElement.visitChildren (package:flutter/src/widgets/framework.dart:5871:14)
#212    _InactiveElements._unmount (package:flutter/src/widgets/framework.dart:2113:13)
#213    _InactiveElements._unmount.<anonymous closure> (package:flutter/src/widgets/framework.dart:2115:7)
#214    ComponentElement.visitChildren (package:flutter/src/widgets/framework.dart:5871:14)
#215    _InactiveElements._unmount (package:flutter/src/widgets/framework.dart:2113:13)
#216    _InactiveElements._unmount.<anonymous closure> (package:flutter/src/widgets/framework.dart:2115:7)
#217    ComponentElement.visitChildren (package:flutter/src/widgets/framework.dart:5871:14)
#218    _InactiveElements._unmount (package:flutter/src/widgets/framework.dart:2113:13)
#219    _InactiveElements._unmount.<anonymous closure> (package:flutter/src/widgets/framework.dart:2115:7)
#220    ComponentElement.visitChildren (package:flutter/src/widgets/framework.dart:5871:14)
#221    _InactiveElements._unmount (package:flutter/src/widgets/framework.dart:2113:13)
#222    _InactiveElements._unmount.<anonymous closure> (package:flutter/src/widgets/framework.dart:2115:7)
#223    ComponentElement.visitChildren (package:flutter/src/widgets/framework.dart:5871:14)
#224    _InactiveElements._unmount (package:flutter/src/widgets/framework.dart:2113:13)
#225    _InactiveElements._unmount.<anonymous closure> (package:flutter/src/widgets/framework.dart:2115:7)
#226    SingleChildRenderObjectElement.visitChildren (package:flutter/src/widgets/framework.dart:7101:14)
#227    _InactiveElements._unmount (package:flutter/src/widgets/framework.dart:2113:13)
#228    _InactiveElements._unmount.<anonymous closure> (package:flutter/src/widgets/framework.dart:2115:7)
#229    ComponentElement.visitChildren (package:flutter/src/widgets/framework.dart:5871:14)
#230    _InactiveElements._unmount (package:flutter/src/widgets/framework.dart:2113:13)
#231    _InactiveElements._unmount.<anonymous closure> (package:flutter/src/widgets/framework.dart:2115:7)
#232    ComponentElement.visitChildren (package:flutter/src/widgets/framework.dart:5871:14)
#233    _InactiveElements._unmount (package:flutter/src/widgets/framework.dart:2113:13)
#234    _InactiveElements._unmount.<anonymous closure> (package:flutter/src/widgets/framework.dart:2115:7)
#235    ComponentElement.visitChildren (package:flutter/src/widgets/framework.dart:5871:14)
#236    _InactiveElements._unmount (package:flutter/src/widgets/framework.dart:2113:13)
#237    _InactiveElements._unmount.<anonymous closure> (package:flutter/src/widgets/framework.dart:2115:7)
#238    ComponentElement.visitChildren (package:flutter/src/widgets/framework.dart:5871:14)
#239    _InactiveElements._unmount (package:flutter/src/widgets/framework.dart:2113:13)
#240    _InactiveElements._unmount.<anonymous closure> (package:flutter/src/widgets/framework.dart:2115:7)
#241    ComponentElement.visitChildren (package:flutter/src/widgets/framework.dart:5871:14)
#242    _InactiveElements._unmount (package:flutter/src/widgets/framework.dart:2113:13)
#243    _InactiveElements._unmount.<anonymous closure> (package:flutter/src/widgets/framework.dart:2115:7)
#244    MultiChildRenderObjectElement.visitChildren (package:flutter/src/widgets/framework.dart:7223:16)
#245    _InactiveElements._unmount (package:flutter/src/widgets/framework.dart:2113:13)
#246    _InactiveElements._unmount.<anonymous closure> (package:flutter/src/widgets/framework.dart:2115:7)
#247    ComponentElement.visitChildren (package:flutter/src/widgets/framework.dart:5871:14)
#248    _InactiveElements._unmount (package:flutter/src/widgets/framework.dart:2113:13)
#249    _InactiveElements._unmount.<anonymous closure> (package:flutter/src/widgets/framework.dart:2115:7)
#250    ComponentElement.visitChildren (package:flutter/src/widgets/framework.dart:5871:14)
#251    _InactiveElements._unmount (package:flutter/src/widgets/framework.dart:2113:13)
#252    _InactiveElements._unmount.<anonymous closure> (package:flutter/src/widgets/framework.dart:2115:7)
#253    ComponentElement.visitChildren (package:flutter/src/widgets/framework.dart:5871:14)
#254    _InactiveElements._unmount (package:flutter/src/widgets/framework.dart:2113:13)
#255    _InactiveElements._unmount.<anonymous closure> (package:flutter/src/widgets/framework.dart:2115:7)
#256    ComponentElement.visitChildren (package:flutter/src/widgets/framework.dart:5871:14)
#257    _InactiveElements._unmount (package:flutter/src/widgets/framework.dart:2113:13)
#258    _InactiveElements._unmount.<anonymous closure> (package:flutter/src/widgets/framework.dart:2115:7)
#259    ComponentElement.visitChildren (package:flutter/src/widgets/framework.dart:5871:14)
#260    _InactiveElements._unmount (package:flutter/src/widgets/framework.dart:2113:13)
#261    _InactiveElements._unmount.<anonymous closure> (package:flutter/src/widgets/framework.dart:2115:7)
#262    ComponentElement.visitChildren (package:flutter/src/widgets/framework.dart:5871:14)
#263    _InactiveElements._unmount (package:flutter/src/widgets/framework.dart:2113:13)
#264    _InactiveElements._unmount.<anonymous closure> (package:flutter/src/widgets/framework.dart:2115:7)
#265    ComponentElement.visitChildren (package:flutter/src/widgets/framework.dart:5871:14)
#266    _InactiveElements._unmount (package:flutter/src/widgets/framework.dart:2113:13)
#267    _InactiveElements._unmount.<anonymous closure> (package:flutter/src/widgets/framework.dart:2115:7)
#268    SingleChildRenderObjectElement.visitChildren (package:flutter/src/widgets/framework.dart:7101:14)
#269    _InactiveElements._unmount (package:flutter/src/widgets/framework.dart:2113:13)
#270    _InactiveElements._unmount.<anonymous closure> (package:flutter/src/widgets/framework.dart:2115:7)
#271    SingleChildRenderObjectElement.visitChildren (package:flutter/src/widgets/framework.dart:7101:14)
#272    _InactiveElements._unmount (package:flutter/src/widgets/framework.dart:2113:13)
#273    _InactiveElements._unmount.<anonymous closure> (package:flutter/src/widgets/framework.dart:2115:7)
#274    ComponentElement.visitChildren (package:flutter/src/widgets/framework.dart:5871:14)
#275    _InactiveElements._unmount (package:flutter/src/widgets/framework.dart:2113:13)
#276    _InactiveElements._unmount.<anonymous closure> (package:flutter/src/widgets/framework.dart:2115:7)
#277    ComponentElement.visitChildren (package:flutter/src/widgets/framework.dart:5871:14)
#278    _InactiveElements._unmount (package:flutter/src/widgets/framework.dart:2113:13)
#279    _InactiveElements._unmount.<anonymous closure> (package:flutter/src/widgets/framework.dart:2115:7)
#280    ComponentElement.visitChildren (package:flutter/src/widgets/framework.dart:5871:14)
#281    _InactiveElements._unmount (package:flutter/src/widgets/framework.dart:2113:13)
#282    _InactiveElements._unmount.<anonymous closure> (package:flutter/src/widgets/framework.dart:2115:7)
#283    ComponentElement.visitChildren (package:flutter/src/widgets/framework.dart:5871:14)
#284    _InactiveElements._unmount (package:flutter/src/widgets/framework.dart:2113:13)
#285    _InactiveElements._unmount.<anonymous closure> (package:flutter/src/widgets/framework.dart:2115:7)
#286    SingleChildRenderObjectElement.visitChildren (package:flutter/src/widgets/framework.dart:7101:14)
#287    _InactiveElements._unmount (package:flutter/src/widgets/framework.dart:2113:13)
#288    _InactiveElements._unmount.<anonymous closure> (package:flutter/src/widgets/framework.dart:2115:7)
#289    ComponentElement.visitChildren (package:flutter/src/widgets/framework.dart:5871:14)
#290    _InactiveElements._unmount (package:flutter/src/widgets/framework.dart:2113:13)
#291    _InactiveElements._unmount.<anonymous closure> (package:flutter/src/widgets/framework.dart:2115:7)
#292    ComponentElement.visitChildren (package:flutter/src/widgets/framework.dart:5871:14)
#293    _InactiveElements._unmount (package:flutter/src/widgets/framework.dart:2113:13)
#294    _InactiveElements._unmount.<anonymous closure> (package:flutter/src/widgets/framework.dart:2115:7)
#295    ComponentElement.visitChildren (package:flutter/src/widgets/framework.dart:5871:14)
#296    _InactiveElements._unmount (package:flutter/src/widgets/framework.dart:2113:13)
#297    _InactiveElements._unmount.<anonymous closure> (package:flutter/src/widgets/framework.dart:2115:7)
#298    ComponentElement.visitChildren (package:flutter/src/widgets/framework.dart:5871:14)
#299    _InactiveElements._unmount (package:flutter/src/widgets/framework.dart:2113:13)
#300    _InactiveElements._unmount.<anonymous closure> (package:flutter/src/widgets/framework.dart:2115:7)
#301    ComponentElement.visitChildren (package:flutter/src/widgets/framework.dart:5871:14)
#302    _InactiveElements._unmount (package:flutter/src/widgets/framework.dart:2113:13)
#303    _InactiveElements._unmount.<anonymous closure> (package:flutter/src/widgets/framework.dart:2115:7)
#304    ComponentElement.visitChildren (package:flutter/src/widgets/framework.dart:5871:14)
#305    _InactiveElements._unmount (package:flutter/src/widgets/framework.dart:2113:13)
#306    _InactiveElements._unmount.<anonymous closure> (package:flutter/src/widgets/framework.dart:2115:7)
#307    ComponentElement.visitChildren (package:flutter/src/widgets/framework.dart:5871:14)
#308    _InactiveElements._unmount (package:flutter/src/widgets/framework.dart:2113:13)
#309    _InactiveElements._unmount.<anonymous closure> (package:flutter/src/widgets/framework.dart:2115:7)
#310    ComponentElement.visitChildren (package:flutter/src/widgets/framework.dart:5871:14)
#311    _InactiveElements._unmount (package:flutter/src/widgets/framework.dart:2113:13)
#312    _InactiveElements._unmount.<anonymous closure> (package:flutter/src/widgets/framework.dart:2115:7)
#313    ComponentElement.visitChildren (package:flutter/src/widgets/framework.dart:5871:14)
#314    _InactiveElements._unmount (package:flutter/src/widgets/framework.dart:2113:13)
#315    _InactiveElements._unmount.<anonymous closure> (package:flutter/src/widgets/framework.dart:2115:7)
#316    ComponentElement.visitChildren (package:flutter/src/widgets/framework.dart:5871:14)
#317    _InactiveElements._unmount (package:flutter/src/widgets/framework.dart:2113:13)
#318    _InactiveElements._unmount.<anonymous closure> (package:flutter/src/widgets/framework.dart:2115:7)
#319    ComponentElement.visitChildren (package:flutter/src/widgets/framework.dart:5871:14)
#320    _InactiveElements._unmount (package:flutter/src/widgets/framework.dart:2113:13)
#321    _InactiveElements._unmount.<anonymous closure> (package:flutter/src/widgets/framework.dart:2115:7)
#322    ComponentElement.visitChildren (package:flutter/src/widgets/framework.dart:5871:14)
#323    _InactiveElements._unmount (package:flutter/src/widgets/framework.dart:2113:13)
#324    _InactiveElements._unmount.<anonymous closure> (package:flutter/src/widgets/framework.dart:2115:7)
#325    ComponentElement.visitChildren (package:flutter/src/widgets/framework.dart:5871:14)
#326    _InactiveElements._unmount (package:flutter/src/widgets/framework.dart:2113:13)
#327    _InactiveElements._unmount.<anonymous closure> (package:flutter/src/widgets/framework.dart:2115:7)
#328    ComponentElement.visitChildren (package:flutter/src/widgets/framework.dart:5871:14)
#329    _InactiveElements._unmount (package:flutter/src/widgets/framework.dart:2113:13)
#330    _InactiveElements._unmount.<anonymous closure> (package:flutter/src/widgets/framework.dart:2115:7)
#331    ComponentElement.visitChildren (package:flutter/src/widgets/framework.dart:5871:14)
#332    _InactiveElements._unmount (package:flutter/src/widgets/framework.dart:2113:13)
#333    _InactiveElements._unmount.<anonymous closure> (package:flutter/src/widgets/framework.dart:2115:7)
#334    SingleChildRenderObjectElement.visitChildren (package:flutter/src/widgets/framework.dart:7101:14)
#335    _InactiveElements._unmount (package:flutter/src/widgets/framework.dart:2113:13)
#336    _InactiveElements._unmount.<anonymous closure> (package:flutter/src/widgets/framework.dart:2115:7)
#337    ComponentElement.visitChildren (package:flutter/src/widgets/framework.dart:5871:14)
#338    _InactiveElements._unmount (package:flutter/src/widgets/framework.dart:2113:13)
#339    _InactiveElements._unmount.<anonymous closure> (package:flutter/src/widgets/framework.dart:2115:7)
#340    ComponentElement.visitChildren (package:flutter/src/widgets/framework.dart:5871:14)
#341    _InactiveElements._unmount (package:flutter/src/widgets/framework.dart:2113:13)
#342    _InactiveElements._unmount.<anonymous closure> (package:flutter/src/widgets/framework.dart:2115:7)
#343    ComponentElement.visitChildren (package:flutter/src/widgets/framework.dart:5871:14)
#344    _InactiveElements._unmount (package:flutter/src/widgets/framework.dart:2113:13)
#345    _InactiveElements._unmount.<anonymous closure> (package:flutter/src/widgets/framework.dart:2115:7)
#346    ComponentElement.visitChildren (package:flutter/src/widgets/framework.dart:5871:14)
#347    _InactiveElements._unmount (package:flutter/src/widgets/framework.dart:2113:13)
#348    _InactiveElements._unmount.<anonymous closure> (package:flutter/src/widgets/framework.dart:2115:7)
#349    ComponentElement.visitChildren (package:flutter/src/widgets/framework.dart:5871:14)
#350    _InactiveElements._unmount (package:flutter/src/widgets/framework.dart:2113:13)
#351    _InactiveElements._unmount.<anonymous closure> (package:flutter/src/widgets/framework.dart:2115:7)
#352    SingleChildRenderObjectElement.visitChildren (package:flutter/src/widgets/framework.dart:7101:14)
#353    _InactiveElements._unmount (package:flutter/src/widgets/framework.dart:2113:13)
#354    _InactiveElements._unmount.<anonymous closure> (package:flutter/src/widgets/framework.dart:2115:7)
#355    ComponentElement.visitChildren (package:flutter/src/widgets/framework.dart:5871:14)
#356    _InactiveElements._unmount (package:flutter/src/widgets/framework.dart:2113:13)
#357    _InactiveElements._unmount.<anonymous closure> (package:flutter/src/widgets/framework.dart:2115:7)
#358    ComponentElement.visitChildren (package:flutter/src/widgets/framework.dart:5871:14)
#359    _InactiveElements._unmount (package:flutter/src/widgets/framework.dart:2113:13)
#360    _InactiveElements._unmount.<anonymous closure> (package:flutter/src/widgets/framework.dart:2115:7)
#361    SingleChildRenderObjectElement.visitChildren (package:flutter/src/widgets/framework.dart:7101:14)
#362    _InactiveElements._unmount (package:flutter/src/widgets/framework.dart:2113:13)
#363    _InactiveElements._unmount.<anonymous closure> (package:flutter/src/widgets/framework.dart:2115:7)
#364    ComponentElement.visitChildren (package:flutter/src/widgets/framework.dart:5871:14)
#365    _InactiveElements._unmount (package:flutter/src/widgets/framework.dart:2113:13)
#366    _InactiveElements._unmount.<anonymous closure> (package:flutter/src/widgets/framework.dart:2115:7)
#367    ComponentElement.visitChildren (package:flutter/src/widgets/framework.dart:5871:14)
#368    _InactiveElements._unmount (package:flutter/src/widgets/framework.dart:2113:13)
#369    _InactiveElements._unmount.<anonymous closure> (package:flutter/src/widgets/framework.dart:2115:7)
#370    ComponentElement.visitChildren (package:flutter/src/widgets/framework.dart:5871:14)
#371    _InactiveElements._unmount (package:flutter/src/widgets/framework.dart:2113:13)
#372    _InactiveElements._unmount.<anonymous closure> (package:flutter/src/widgets/framework.dart:2115:7)
#373    ComponentElement.visitChildren (package:flutter/src/widgets/framework.dart:5871:14)
#374    _InactiveElements._unmount (package:flutter/src/widgets/framework.dart:2113:13)
#375    _InactiveElements._unmount.<anonymous closure> (package:flutter/src/widgets/framework.dart:2115:7)
#376    ComponentElement.visitChildren (package:flutter/src/widgets/framework.dart:5871:14)
#377    _InactiveElements._unmount (package:flutter/src/widgets/framework.dart:2113:13)
#378    _InactiveElements._unmount.<anonymous closure> (package:flutter/src/widgets/framework.dart:2115:7)
#379    SingleChildRenderObjectElement.visitChildren (package:flutter/src/widgets/framework.dart:7101:14)
#380    _InactiveElements._unmount (package:flutter/src/widgets/framework.dart:2113:13)
#381    _InactiveElements._unmount.<anonymous closure> (package:flutter/src/widgets/framework.dart:2115:7)
#382    ComponentElement.visitChildren (package:flutter/src/widgets/framework.dart:5871:14)
#383    _InactiveElements._unmount (package:flutter/src/widgets/framework.dart:2113:13)
#384    _InactiveElements._unmount.<anonymous closure> (package:flutter/src/widgets/framework.dart:2115:7)
#385    ComponentElement.visitChildren (package:flutter/src/widgets/framework.dart:5871:14)
#386    _InactiveElements._unmount (package:flutter/src/widgets/framework.dart:2113:13)
#387    _InactiveElements._unmount.<anonymous closure> (package:flutter/src/widgets/framework.dart:2115:7)
#388    ComponentElement.visitChildren (package:flutter/src/widgets/framework.dart:5871:14)
#389    _InactiveElements._unmount (package:flutter/src/widgets/framework.dart:2113:13)
#390    _InactiveElements._unmount.<anonymous closure> (package:flutter/src/widgets/framework.dart:2115:7)
#391    ComponentElement.visitChildren (package:flutter/src/widgets/framework.dart:5871:14)
#392    _InactiveElements._unmount (package:flutter/src/widgets/framework.dart:2113:13)
#393    _InactiveElements._unmount.<anonymous closure> (package:flutter/src/widgets/framework.dart:2115:7)
#394    ComponentElement.visitChildren (package:flutter/src/widgets/framework.dart:5871:14)
#395    _InactiveElements._unmount (package:flutter/src/widgets/framework.dart:2113:13)
#396    _InactiveElements._unmount.<anonymous closure> (package:flutter/src/widgets/framework.dart:2115:7)
#397    SingleChildRenderObjectElement.visitChildren (package:flutter/src/widgets/framework.dart:7101:14)
#398    _InactiveElements._unmount (package:flutter/src/widgets/framework.dart:2113:13)
#399    _InactiveElements._unmount.<anonymous closure> (package:flutter/src/widgets/framework.dart:2115:7)
#400    ComponentElement.visitChildren (package:flutter/src/widgets/framework.dart:5871:14)
#401    _InactiveElements._unmount (package:flutter/src/widgets/framework.dart:2113:13)
#402    _InactiveElements._unmount.<anonymous closure> (package:flutter/src/widgets/framework.dart:2115:7)
#403    ComponentElement.visitChildren (package:flutter/src/widgets/framework.dart:5871:14)
#404    _InactiveElements._unmount (package:flutter/src/widgets/framework.dart:2113:13)
#405    _InactiveElements._unmount.<anonymous closure> (package:flutter/src/widgets/framework.dart:2115:7)
#406    ComponentElement.visitChildren (package:flutter/src/widgets/framework.dart:5871:14)
#407    _InactiveElements._unmount (package:flutter/src/widgets/framework.dart:2113:13)
#408    _InactiveElements._unmount.<anonymous closure> (package:flutter/src/widgets/framework.dart:2115:7)
#409    ComponentElement.visitChildren (package:flutter/src/widgets/framework.dart:5871:14)
#410    _InactiveElements._unmount (package:flutter/src/widgets/framework.dart:2113:13)
#411    _InactiveElements._unmount.<anonymous closure> (package:flutter/src/widgets/framework.dart:2115:7)
#412    SingleChildRenderObjectElement.visitChildren (package:flutter/src/widgets/framework.dart:7101:14)
#413    _InactiveElements._unmount (package:flutter/src/widgets/framework.dart:2113:13)
#414    _InactiveElements._unmount.<anonymous closure> (package:flutter/src/widgets/framework.dart:2115:7)
#415    ComponentElement.visitChildren (package:flutter/src/widgets/framework.dart:5871:14)
#416    _InactiveElements._unmount (package:flutter/src/widgets/framework.dart:2113:13)
#417    _InactiveElements._unmount.<anonymous closure> (package:flutter/src/widgets/framework.dart:2115:7)
#418    ComponentElement.visitChildren (package:flutter/src/widgets/framework.dart:5871:14)
#419    _InactiveElements._unmount (package:flutter/src/widgets/framework.dart:2113:13)
#420    _InactiveElements._unmount.<anonymous closure> (package:flutter/src/widgets/framework.dart:2115:7)
#421    ComponentElement.visitChildren (package:flutter/src/widgets/framework.dart:5871:14)
#422    _InactiveElements._unmount (package:flutter/src/widgets/framework.dart:2113:13)
#423    _InactiveElements._unmount.<anonymous closure> (package:flutter/src/widgets/framework.dart:2115:7)
#424    ComponentElement.visitChildren (package:flutter/src/widgets/framework.dart:5871:14)
#425    _InactiveElements._unmount (package:flutter/src/widgets/framework.dart:2113:13)
#426    _InactiveElements._unmount.<anonymous closure> (package:flutter/src/widgets/framework.dart:2115:7)
#427    ComponentElement.visitChildren (package:flutter/src/widgets/framework.dart:5871:14)
#428    _InactiveElements._unmount (package:flutter/src/widgets/framework.dart:2113:13)
#429    _InactiveElements._unmount.<anonymous closure> (package:flutter/src/widgets/framework.dart:2115:7)
#430    ComponentElement.visitChildren (package:flutter/src/widgets/framework.dart:5871:14)
#431    _InactiveElements._unmount (package:flutter/src/widgets/framework.dart:2113:13)
#432    _InactiveElements._unmount.<anonymous closure> (package:flutter/src/widgets/framework.dart:2115:7)
#433    ComponentElement.visitChildren (package:flutter/src/widgets/framework.dart:5871:14)
#434    _InactiveElements._unmount (package:flutter/src/widgets/framework.dart:2113:13)
#435    _InactiveElements._unmount.<anonymous closure> (package:flutter/src/widgets/framework.dart:2115:7)
#436    ComponentElement.visitChildren (package:flutter/src/widgets/framework.dart:5871:14)
#437    _InactiveElements._unmount (package:flutter/src/widgets/framework.dart:2113:13)
#438    _InactiveElements._unmount.<anonymous closure> (package:flutter/src/widgets/framework.dart:2115:7)
#439    ComponentElement.visitChildren (package:flutter/src/widgets/framework.dart:5871:14)
#440    _InactiveElements._unmount (package:flutter/src/widgets/framework.dart:2113:13)
#441    _InactiveElements._unmount.<anonymous closure> (package:flutter/src/widgets/framework.dart:2115:7)
#442    ComponentElement.visitChildren (package:flutter/src/widgets/framework.dart:5871:14)
#443    _InactiveElements._unmount (package:flutter/src/widgets/framework.dart:2113:13)
#444    _InactiveElements._unmount.<anonymous closure> (package:flutter/src/widgets/framework.dart:2115:7)
#445    ComponentElement.visitChildren (package:flutter/src/widgets/framework.dart:5871:14)
#446    _InactiveElements._unmount (package:flutter/src/widgets/framework.dart:2113:13)
#447    _InactiveElements._unmount.<anonymous closure> (package:flutter/src/widgets/framework.dart:2115:7)
#448    ComponentElement.visitChildren (package:flutter/src/widgets/framework.dart:5871:14)
#449    _InactiveElements._unmount (package:flutter/src/widgets/framework.dart:2113:13)
#450    _InactiveElements._unmount.<anonymous closure> (package:flutter/src/widgets/framework.dart:2115:7)
#451    ComponentElement.visitChildren (package:flutter/src/widgets/framework.dart:5871:14)
#452    _InactiveElements._unmount (package:flutter/src/widgets/framework.dart:2113:13)
#453    _InactiveElements._unmount.<anonymous closure> (package:flutter/src/widgets/framework.dart:2115:7)
#454    ComponentElement.visitChildren (package:flutter/src/widgets/framework.dart:5871:14)
#455    _InactiveElements._unmount (package:flutter/src/widgets/framework.dart:2113:13)
#456    _InactiveElements._unmount.<anonymous closure> (package:flutter/src/widgets/framework.dart:2115:7)
#457    ComponentElement.visitChildren (package:flutter/src/widgets/framework.dart:5871:14)
#458    _InactiveElements._unmount (package:flutter/src/widgets/framework.dart:2113:13)
#459    ListIterable.forEach (dart:_internal/iterable.dart:49:13)
#460    _InactiveElements._unmountAll (package:flutter/src/widgets/framework.dart:2126:25)
#461    BuildOwner.lockState (package:flutter/src/widgets/framework.dart:3020:15)
#462    BuildOwner.finalizeTree (package:flutter/src/widgets/framework.dart:3344:7)
#463    AutomatedTestWidgetsFlutterBinding.drawFrame (package:flutter_test/src/binding.dart:2153:19)
#464    RendererBinding._handlePersistentFrameCallback (package:flutter/src/rendering/binding.dart:495:5)
#465    SchedulerBinding._invokeFrameCallback (package:flutter/src/scheduler/binding.dart:1430:15)
#466    SchedulerBinding.handleDrawFrame (package:flutter/src/scheduler/binding.dart:1345:9)
#467    AutomatedTestWidgetsFlutterBinding.scheduleWarmUpFrame (package:flutter_test/src/binding.dart:2057:5)
#468    _runWidget (package:flutter/src/widgets/binding.dart:1683:7)
#469    runApp (package:flutter/src/widgets/binding.dart:1616:3)
#470    TestWidgetsFlutterBinding._runTestBody (package:flutter_test/src/binding.dart:1689:7)
<asynchronous suspension>
<asynchronous suspension>
(elided 12 frames from dart:async and package:stack_trace)

โ•โ•โ•ก EXCEPTION CAUGHT BY FLUTTER TEST FRAMEWORK โ•โ•โ•โ•โ•โ•โ•โ•โ•โ•โ•โ•โ•โ•โ•โ•โ•โ•โ•โ•โ•โ•โ•โ•โ•โ•โ•โ•โ•โ•โ•โ•โ•โ•โ•โ•โ•โ•โ•โ•โ•โ•โ•โ•โ•โ•โ•โ•โ•โ•โ•โ•โ•
The following assertion was thrown running a test:
A Timer is still pending even after the widget tree was disposed.
'package:flutter_test/src/binding.dart':
Failed assertion: line 2242 pos 12: '!timersPending'

When the exception was thrown, this was the stack:
#2      AutomatedTestWidgetsFlutterBinding._verifyInvariants (package:flutter_test/src/binding.dart:2242:12)
#3      TestWidgetsFlutterBinding._runTestBody (package:flutter_test/src/binding.dart:1703:7)
<asynchronous suspension>
<asynchronous suspension>
(elided 3 frames from class _AssertionError and package:stack_trace)

The test description was:
  theme switching works
โ•โ•โ•โ•โ•โ•โ•โ•โ•โ•โ•โ•โ•โ•โ•โ•โ•โ•โ•โ•โ•โ•โ•โ•โ•โ•โ•โ•โ•โ•โ•โ•โ•โ•โ•โ•โ•โ•โ•โ•โ•โ•โ•โ•โ•โ•โ•โ•โ•โ•โ•โ•โ•โ•โ•โ•โ•โ•โ•โ•โ•โ•โ•โ•โ•โ•โ•โ•โ•โ•โ•โ•โ•โ•โ•โ•โ•โ•โ•โ•โ•โ•โ•โ•โ•โ•โ•โ•โ•โ•โ•โ•โ•โ•โ•โ•โ•โ•โ•โ•
00:46 +37 -7: C:/Users/E320/Downloads/Project/LosCheck-main/test/widget_test.dart: loads saved customer records from local storage
00:46 +37 -7: C:/Users/E320/Downloads/Project/LosCheck-main/test/integration_test.dart: Integration Tests theme switching works [E]
  Test failed. See exception logs above.
  The test description was: theme switching works
  
00:46 +37 -7: C:/Users/E320/Downloads/Project/LosCheck-main/test/widget_test.dart: loads saved customer records from local storage
Pending timers:
Timer (duration: 0:00:00.000000, periodic: false), created:
#0      new FakeTimer._ (package:fake_async/fake_async.dart:342:62)
#1      FakeAsync._createTimer (package:fake_async/fake_async.dart:260:29)
#2      FakeAsync.run.<anonymous closure> (package:fake_async/fake_async.dart:185:15)
#6      StreamQueryStore.markAsClosed (package:drift/src/runtime/executor/stream_queries.dart:156:11)
#7      QueryStream._onCancelOrPause (package:drift/src/runtime/executor/stream_queries.dart:305:14)
#8      QueryStream._stream.<anonymous closure>.<anonymous closure> (package:drift/src/runtime/executor/stream_queries.dart:238:9)
#17     _StreamBuilderBaseState._unsubscribe (package:flutter/src/widgets/async.dart:156:22)
#18     _StreamBuilderBaseState.dispose (package:flutter/src/widgets/async.dart:127:5)
#19     StatefulElement.unmount (package:flutter/src/widgets/framework.dart:6030:11)
#20     _InactiveElements._unmount (package:flutter/src/widgets/framework.dart:2117:13)
#21     _InactiveElements._unmount.<anonymous closure> (package:flutter/src/widgets/framework.dart:2115:7)
#22     ComponentElement.visitChildren (package:flutter/src/widgets/framework.dart:5871:14)
#23     _InactiveElements._unmount (package:flutter/src/widgets/framework.dart:2113:13)
#24     _InactiveElements._unmount.<anonymous closure> (package:flutter/src/widgets/framework.dart:2115:7)
#25     SingleChildRenderObjectElement.visitChildren (package:flutter/src/widgets/framework.dart:7101:14)
#26     _InactiveElements._unmount (package:flutter/src/widgets/framework.dart:2113:13)
#27     _InactiveElements._unmount.<anonymous closure> (package:flutter/src/widgets/framework.dart:2115:7)
#28     SingleChildRenderObjectElement.visitChildren (package:flutter/src/widgets/framework.dart:7101:14)
#29     _InactiveElements._unmount (package:flutter/src/widgets/framework.dart:2113:13)
#30     _InactiveElements._unmount.<anonymous closure> (package:flutter/src/widgets/framework.dart:2115:7)
#31     ComponentElement.visitChildren (package:flutter/src/widgets/framework.dart:5871:14)
#32     _InactiveElements._unmount (package:flutter/src/widgets/framework.dart:2113:13)
#33     _InactiveElements._unmount.<anonymous closure> (package:flutter/src/widgets/framework.dart:2115:7)
#34     SingleChildRenderObjectElement.visitChildren (package:flutter/src/widgets/framework.dart:7101:14)
#35     _InactiveElements._unmount (package:flutter/src/widgets/framework.dart:2113:13)
#36     _InactiveElements._unmount.<anonymous closure> (package:flutter/src/widgets/framework.dart:2115:7)
#37     ComponentElement.visitChildren (package:flutter/src/widgets/framework.dart:5871:14)
#38     _InactiveElements._unmount (package:flutter/src/widgets/framework.dart:2113:13)
#39     _InactiveElements._unmount.<anonymous closure> (package:flutter/src/widgets/framework.dart:2115:7)
#40     ComponentElement.visitChildren (package:flutter/src/widgets/framework.dart:5871:14)
#41     _InactiveElements._unmount (package:flutter/src/widgets/framework.dart:2113:13)
#42     _InactiveElements._unmount.<anonymous closure> (package:flutter/src/widgets/framework.dart:2115:7)
#43     ComponentElement.visitChildren (package:flutter/src/widgets/framework.dart:5871:14)
#44     _InactiveElements._unmount (package:flutter/src/widgets/framework.dart:2113:13)
#45     _InactiveElements._unmount.<anonymous closure> (package:flutter/src/widgets/framework.dart:2115:7)
#46     ComponentElement.visitChildren (package:flutter/src/widgets/framework.dart:5871:14)
#47     _InactiveElements._unmount (package:flutter/src/widgets/framework.dart:2113:13)
#48     _InactiveElements._unmount.<anonymous closure> (package:flutter/src/widgets/framework.dart:2115:7)
#49     ComponentElement.visitChildren (package:flutter/src/widgets/framework.dart:5871:14)
#50     _InactiveElements._unmount (package:flutter/src/widgets/framework.dart:2113:13)
#51     _InactiveElements._unmount.<anonymous closure> (package:flutter/src/widgets/framework.dart:2115:7)
#52     ComponentElement.visitChildren (package:flutter/src/widgets/framework.dart:5871:14)
#53     _InactiveElements._unmount (package:flutter/src/widgets/framework.dart:2113:13)
#54     _InactiveElements._unmount.<anonymous closure> (package:flutter/src/widgets/framework.dart:2115:7)
#55     MultiChildRenderObjectElement.visitChildren (package:flutter/src/widgets/framework.dart:7223:16)
#56     _InactiveElements._unmount (package:flutter/src/widgets/framework.dart:2113:13)
#57     _InactiveElements._unmount.<anonymous closure> (package:flutter/src/widgets/framework.dart:2115:7)
#58     ComponentElement.visitChildren (package:flutter/src/widgets/framework.dart:5871:14)
#59     _InactiveElements._unmount (package:flutter/src/widgets/framework.dart:2113:13)
#60     _InactiveElements._unmount.<anonymous closure> (package:flutter/src/widgets/framework.dart:2115:7)
#61     ComponentElement.visitChildren (package:flutter/src/widgets/framework.dart:5871:14)
#62     _InactiveElements._unmount (package:flutter/src/widgets/framework.dart:2113:13)
#63     _InactiveElements._unmount.<anonymous closure> (package:flutter/src/widgets/framework.dart:2115:7)
#64     ComponentElement.visitChildren (package:flutter/src/widgets/framework.dart:5871:14)
#65     _InactiveElements._unmount (package:flutter/src/widgets/framework.dart:2113:13)
#66     _InactiveElements._unmount.<anonymous closure> (package:flutter/src/widgets/framework.dart:2115:7)
#67     ComponentElement.visitChildren (package:flutter/src/widgets/framework.dart:5871:14)
#68     _InactiveElements._unmount (package:flutter/src/widgets/framework.dart:2113:13)
#69     _InactiveElements._unmount.<anonymous closure> (package:flutter/src/widgets/framework.dart:2115:7)
#70     ComponentElement.visitChildren (package:flutter/src/widgets/framework.dart:5871:14)
#71     _InactiveElements._unmount (package:flutter/src/widgets/framework.dart:2113:13)
#72     _InactiveElements._unmount.<anonymous closure> (package:flutter/src/widgets/framework.dart:2115:7)
#73     SingleChildRenderObjectElement.visitChildren (package:flutter/src/widgets/framework.dart:7101:14)
#74     _InactiveElements._unmount (package:flutter/src/widgets/framework.dart:2113:13)
#75     _InactiveElements._unmount.<anonymous closure> (package:flutter/src/widgets/framework.dart:2115:7)
#76     ComponentElement.visitChildren (package:flutter/src/widgets/framework.dart:5871:14)
#77     _InactiveElements._unmount (package:flutter/src/widgets/framework.dart:2113:13)
#78     _InactiveElements._unmount.<anonymous closure> (package:flutter/src/widgets/framework.dart:2115:7)
#79     SingleChildRenderObjectElement.visitChildren (package:flutter/src/widgets/framework.dart:7101:14)
#80     _InactiveElements._unmount (package:flutter/src/widgets/framework.dart:2113:13)
#81     _InactiveElements._unmount.<anonymous closure> (package:flutter/src/widgets/framework.dart:2115:7)
#82     ComponentElement.visitChildren (package:flutter/src/widgets/framework.dart:5871:14)
#83     _InactiveElements._unmount (package:flutter/src/widgets/framework.dart:2113:13)
#84     _InactiveElements._unmount.<anonymous closure> (package:flutter/src/widgets/framework.dart:2115:7)
#85     ComponentElement.visitChildren (package:flutter/src/widgets/framework.dart:5871:14)
#86     _InactiveElements._unmount (package:flutter/src/widgets/framework.dart:2113:13)
#87     _InactiveElements._unmount.<anonymous closure> (package:flutter/src/widgets/framework.dart:2115:7)
#88     ComponentElement.visitChildren (package:flutter/src/widgets/framework.dart:5871:14)
#89     _InactiveElements._unmount (package:flutter/src/widgets/framework.dart:2113:13)
#90     _InactiveElements._unmount.<anonymous closure> (package:flutter/src/widgets/framework.dart:2115:7)
#91     ComponentElement.visitChildren (package:flutter/src/widgets/framework.dart:5871:14)
#92     _InactiveElements._unmount (package:flutter/src/widgets/framework.dart:2113:13)
#93     _InactiveElements._unmount.<anonymous closure> (package:flutter/src/widgets/framework.dart:2115:7)
#94     ComponentElement.visitChildren (package:flutter/src/widgets/framework.dart:5871:14)
#95     _InactiveElements._unmount (package:flutter/src/widgets/framework.dart:2113:13)
#96     _InactiveElements._unmount.<anonymous closure> (package:flutter/src/widgets/framework.dart:2115:7)
#97     ComponentElement.visitChildren (package:flutter/src/widgets/framework.dart:5871:14)
#98     _InactiveElements._unmount (package:flutter/src/widgets/framework.dart:2113:13)
#99     _InactiveElements._unmount.<anonymous closure> (package:flutter/src/widgets/framework.dart:2115:7)
#100    ComponentElement.visitChildren (package:flutter/src/widgets/framework.dart:5871:14)
#101    _InactiveElements._unmount (package:flutter/src/widgets/framework.dart:2113:13)
#102    _InactiveElements._unmount.<anonymous closure> (package:flutter/src/widgets/framework.dart:2115:7)
#103    ComponentElement.visitChildren (package:flutter/src/widgets/framework.dart:5871:14)
#104    _InactiveElements._unmount (package:flutter/src/widgets/framework.dart:2113:13)
#105    _InactiveElements._unmount.<anonymous closure> (package:flutter/src/widgets/framework.dart:2115:7)
#106    ComponentElement.visitChildren (package:flutter/src/widgets/framework.dart:5871:14)
#107    _InactiveElements._unmount (package:flutter/src/widgets/framework.dart:2113:13)
#108    _InactiveElements._unmount.<anonymous closure> (package:flutter/src/widgets/framework.dart:2115:7)
#109    SingleChildRenderObjectElement.visitChildren (package:flutter/src/widgets/framework.dart:7101:14)
#110    _InactiveElements._unmount (package:flutter/src/widgets/framework.dart:2113:13)
#111    _InactiveElements._unmount.<anonymous closure> (package:flutter/src/widgets/framework.dart:2115:7)
#112    ComponentElement.visitChildren (package:flutter/src/widgets/framework.dart:5871:14)
#113    _InactiveElements._unmount (package:flutter/src/widgets/framework.dart:2113:13)
#114    _InactiveElements._unmount.<anonymous closure> (package:flutter/src/widgets/framework.dart:2115:7)
#115    SingleChildRenderObjectElement.visitChildren (package:flutter/src/widgets/framework.dart:7101:14)
#116    _InactiveElements._unmount (package:flutter/src/widgets/framework.dart:2113:13)
#117    _InactiveElements._unmount.<anonymous closure> (package:flutter/src/widgets/framework.dart:2115:7)
#118    SingleChildRenderObjectElement.visitChildren (package:flutter/src/widgets/framework.dart:7101:14)
#119    _InactiveElements._unmount (package:flutter/src/widgets/framework.dart:2113:13)
#120    _InactiveElements._unmount.<anonymous closure> (package:flutter/src/widgets/framework.dart:2115:7)
#121    ComponentElement.visitChildren (package:flutter/src/widgets/framework.dart:5871:14)
#122    _InactiveElements._unmount (package:flutter/src/widgets/framework.dart:2113:13)
#123    _InactiveElements._unmount.<anonymous closure> (package:flutter/src/widgets/framework.dart:2115:7)
#124    SingleChildRenderObjectElement.visitChildren (package:flutter/src/widgets/framework.dart:7101:14)
#125    _InactiveElements._unmount (package:flutter/src/widgets/framework.dart:2113:13)
#126    _InactiveElements._unmount.<anonymous closure> (package:flutter/src/widgets/framework.dart:2115:7)
#127    ComponentElement.visitChildren (package:flutter/src/widgets/framework.dart:5871:14)
#128    _InactiveElements._unmount (package:flutter/src/widgets/framework.dart:2113:13)
#129    _InactiveElements._unmount.<anonymous closure> (package:flutter/src/widgets/framework.dart:2115:7)
#130    SingleChildRenderObjectElement.visitChildren (package:flutter/src/widgets/framework.dart:7101:14)
#131    _InactiveElements._unmount (package:flutter/src/widgets/framework.dart:2113:13)
#132    _InactiveElements._unmount.<anonymous closure> (package:flutter/src/widgets/framework.dart:2115:7)
#133    SingleChildRenderObjectElement.visitChildren (package:flutter/src/widgets/framework.dart:7101:14)
#134    _InactiveElements._unmount (package:flutter/src/widgets/framework.dart:2113:13)
#135    _InactiveElements._unmount.<anonymous closure> (package:flutter/src/widgets/framework.dart:2115:7)
#136    ComponentElement.visitChildren (package:flutter/src/widgets/framework.dart:5871:14)
#137    _InactiveElements._unmount (package:flutter/src/widgets/framework.dart:2113:13)
#138    _InactiveElements._unmount.<anonymous closure> (package:flutter/src/widgets/framework.dart:2115:7)
#139    SingleChildRenderObjectElement.visitChildren (package:flutter/src/widgets/framework.dart:7101:14)
#140    _InactiveElements._unmount (package:flutter/src/widgets/framework.dart:2113:13)
#141    _InactiveElements._unmount.<anonymous closure> (package:flutter/src/widgets/framework.dart:2115:7)
#142    ComponentElement.visitChildren (package:flutter/src/widgets/framework.dart:5871:14)
#143    _InactiveElements._unmount (package:flutter/src/widgets/framework.dart:2113:13)
#144    _InactiveElements._unmount.<anonymous closure> (package:flutter/src/widgets/framework.dart:2115:7)
#145    SingleChildRenderObjectElement.visitChildren (package:flutter/src/widgets/framework.dart:7101:14)
#146    _InactiveElements._unmount (package:flutter/src/widgets/framework.dart:2113:13)
#147    _InactiveElements._unmount.<anonymous closure> (package:flutter/src/widgets/framework.dart:2115:7)
#148    SingleChildRenderObjectElement.visitChildren (package:flutter/src/widgets/framework.dart:7101:14)
#149    _InactiveElements._unmount (package:flutter/src/widgets/framework.dart:2113:13)
#150    _InactiveElements._unmount.<anonymous closure> (package:flutter/src/widgets/framework.dart:2115:7)
#151    ComponentElement.visitChildren (package:flutter/src/widgets/framework.dart:5871:14)
#152    _InactiveElements._unmount (package:flutter/src/widgets/framework.dart:2113:13)
#153    _InactiveElements._unmount.<anonymous closure> (package:flutter/src/widgets/framework.dart:2115:7)
#154    SingleChildRenderObjectElement.visitChildren (package:flutter/src/widgets/framework.dart:7101:14)
#155    _InactiveElements._unmount (package:flutter/src/widgets/framework.dart:2113:13)
#156    _InactiveElements._unmount.<anonymous closure> (package:flutter/src/widgets/framework.dart:2115:7)
#157    SingleChildRenderObjectElement.visitChildren (package:flutter/src/widgets/framework.dart:7101:14)
#158    _InactiveElements._unmount (package:flutter/src/widgets/framework.dart:2113:13)
#159    _InactiveElements._unmount.<anonymous closure> (package:flutter/src/widgets/framework.dart:2115:7)
#160    SingleChildRenderObjectElement.visitChildren (package:flutter/src/widgets/framework.dart:7101:14)
#161    _InactiveElements._unmount (package:flutter/src/widgets/framework.dart:2113:13)
#162    _InactiveElements._unmount.<anonymous closure> (package:flutter/src/widgets/framework.dart:2115:7)
#163    ComponentElement.visitChildren (package:flutter/src/widgets/framework.dart:5871:14)
#164    _InactiveElements._unmount (package:flutter/src/widgets/framework.dart:2113:13)
#165    _InactiveElements._unmount.<anonymous closure> (package:flutter/src/widgets/framework.dart:2115:7)
#166    SingleChildRenderObjectElement.visitChildren (package:flutter/src/widgets/framework.dart:7101:14)
#167    _InactiveElements._unmount (package:flutter/src/widgets/framework.dart:2113:13)
#168    _InactiveElements._unmount.<anonymous closure> (package:flutter/src/widgets/framework.dart:2115:7)
#169    ComponentElement.visitChildren (package:flutter/src/widgets/framework.dart:5871:14)
#170    _InactiveElements._unmount (package:flutter/src/widgets/framework.dart:2113:13)
#171    _InactiveElements._unmount.<anonymous closure> (package:flutter/src/widgets/framework.dart:2115:7)
#172    ComponentElement.visitChildren (package:flutter/src/widgets/framework.dart:5871:14)
#173    _InactiveElements._unmount (package:flutter/src/widgets/framework.dart:2113:13)
#174    _InactiveElements._unmount.<anonymous closure> (package:flutter/src/widgets/framework.dart:2115:7)
#175    ComponentElement.visitChildren (package:flutter/src/widgets/framework.dart:5871:14)
#176    _InactiveElements._unmount (package:flutter/src/widgets/framework.dart:2113:13)
#177    _InactiveElements._unmount.<anonymous closure> (package:flutter/src/widgets/framework.dart:2115:7)
#178    ComponentElement.visitChildren (package:flutter/src/widgets/framework.dart:5871:14)
#179    _InactiveElements._unmount (package:flutter/src/widgets/framework.dart:2113:13)
#180    _InactiveElements._unmount.<anonymous closure> (package:flutter/src/widgets/framework.dart:2115:7)
#181    ComponentElement.visitChildren (package:flutter/src/widgets/framework.dart:5871:14)
#182    _InactiveElements._unmount (package:flutter/src/widgets/framework.dart:2113:13)
#183    _InactiveElements._unmount.<anonymous closure> (package:flutter/src/widgets/framework.dart:2115:7)
#184    SingleChildRenderObjectElement.visitChildren (package:flutter/src/widgets/framework.dart:7101:14)
#185    _InactiveElements._unmount (package:flutter/src/widgets/framework.dart:2113:13)
#186    _InactiveElements._unmount.<anonymous closure> (package:flutter/src/widgets/framework.dart:2115:7)
#187    ComponentElement.visitChildren (package:flutter/src/widgets/framework.dart:5871:14)
#188    _InactiveElements._unmount (package:flutter/src/widgets/framework.dart:2113:13)
#189    _InactiveElements._unmount.<anonymous closure> (package:flutter/src/widgets/framework.dart:2115:7)
#190    SingleChildRenderObjectElement.visitChildren (package:flutter/src/widgets/framework.dart:7101:14)
#191    _InactiveElements._unmount (package:flutter/src/widgets/framework.dart:2113:13)
#192    _InactiveElements._unmount.<anonymous closure> (package:flutter/src/widgets/framework.dart:2115:7)
#193    ComponentElement.visitChildren (package:flutter/src/widgets/framework.dart:5871:14)
#194    _InactiveElements._unmount (package:flutter/src/widgets/framework.dart:2113:13)
#195    _InactiveElements._unmount.<anonymous closure> (package:flutter/src/widgets/framework.dart:2115:7)
#196    ComponentElement.visitChildren (package:flutter/src/widgets/framework.dart:5871:14)
#197    _InactiveElements._unmount (package:flutter/src/widgets/framework.dart:2113:13)
#198    _InactiveElements._unmount.<anonymous closure> (package:flutter/src/widgets/framework.dart:2115:7)
#199    ComponentElement.visitChildren (package:flutter/src/widgets/framework.dart:5871:14)
#200    _InactiveElements._unmount (package:flutter/src/widgets/framework.dart:2113:13)
#201    _InactiveElements._unmount.<anonymous closure> (package:flutter/src/widgets/framework.dart:2115:7)
#202    ComponentElement.visitChildren (package:flutter/src/widgets/framework.dart:5871:14)
#203    _InactiveElements._unmount (package:flutter/src/widgets/framework.dart:2113:13)
#204    _InactiveElements._unmount.<anonymous closure> (package:flutter/src/widgets/framework.dart:2115:7)
#205    ComponentElement.visitChildren (package:flutter/src/widgets/framework.dart:5871:14)
#206    _InactiveElements._unmount (package:flutter/src/widgets/framework.dart:2113:13)
#207    _InactiveElements._unmount.<anonymous closure> (package:flutter/src/widgets/framework.dart:2115:7)
#208    ComponentElement.visitChildren (package:flutter/src/widgets/framework.dart:5871:14)
#209    _InactiveElements._unmount (package:flutter/src/widgets/framework.dart:2113:13)
#210    _InactiveElements._unmount.<anonymous closure> (package:flutter/src/widgets/framework.dart:2115:7)
#211    SingleChildRenderObjectElement.visitChildren (package:flutter/src/widgets/framework.dart:7101:14)
#212    _InactiveElements._unmount (package:flutter/src/widgets/framework.dart:2113:13)
#213    _InactiveElements._unmount.<anonymous closure> (package:flutter/src/widgets/framework.dart:2115:7)
#214    ComponentElement.visitChildren (package:flutter/src/widgets/framework.dart:5871:14)
#215    _InactiveElements._unmount (package:flutter/src/widgets/framework.dart:2113:13)
#216    _InactiveElements._unmount.<anonymous closure> (package:flutter/src/widgets/framework.dart:2115:7)
#217    ComponentElement.visitChildren (package:flutter/src/widgets/framework.dart:5871:14)
#218    _InactiveElements._unmount (package:flutter/src/widgets/framework.dart:2113:13)
#219    _InactiveElements._unmount.<anonymous closure> (package:flutter/src/widgets/framework.dart:2115:7)
#220    ComponentElement.visitChildren (package:flutter/src/widgets/framework.dart:5871:14)
#221    _InactiveElements._unmount (package:flutter/src/widgets/framework.dart:2113:13)
#222    _InactiveElements._unmount.<anonymous closure> (package:flutter/src/widgets/framework.dart:2115:7)
#223    ComponentElement.visitChildren (package:flutter/src/widgets/framework.dart:5871:14)
#224    _InactiveElements._unmount (package:flutter/src/widgets/framework.dart:2113:13)
#225    _InactiveElements._unmount.<anonymous closure> (package:flutter/src/widgets/framework.dart:2115:7)
#226    ComponentElement.visitChildren (package:flutter/src/widgets/framework.dart:5871:14)
#227    _InactiveElements._unmount (package:flutter/src/widgets/framework.dart:2113:13)
#228    _InactiveElements._unmount.<anonymous closure> (package:flutter/src/widgets/framework.dart:2115:7)
#229    SingleChildRenderObjectElement.visitChildren (package:flutter/src/widgets/framework.dart:7101:14)
#230    _InactiveElements._unmount (package:flutter/src/widgets/framework.dart:2113:13)
#231    _InactiveElements._unmount.<anonymous closure> (package:flutter/src/widgets/framework.dart:2115:7)
#232    ComponentElement.visitChildren (package:flutter/src/widgets/framework.dart:5871:14)
#233    _InactiveElements._unmount (package:flutter/src/widgets/framework.dart:2113:13)
#234    _InactiveElements._unmount.<anonymous closure> (package:flutter/src/widgets/framework.dart:2115:7)
#235    ComponentElement.visitChildren (package:flutter/src/widgets/framework.dart:5871:14)
#236    _InactiveElements._unmount (package:flutter/src/widgets/framework.dart:2113:13)
#237    _InactiveElements._unmount.<anonymous closure> (package:flutter/src/widgets/framework.dart:2115:7)
#238    ComponentElement.visitChildren (package:flutter/src/widgets/framework.dart:5871:14)
#239    _InactiveElements._unmount (package:flutter/src/widgets/framework.dart:2113:13)
#240    _InactiveElements._unmount.<anonymous closure> (package:flutter/src/widgets/framework.dart:2115:7)
#241    ComponentElement.visitChildren (package:flutter/src/widgets/framework.dart:5871:14)
#242    _InactiveElements._unmount (package:flutter/src/widgets/framework.dart:2113:13)
#243    _InactiveElements._unmount.<anonymous closure> (package:flutter/src/widgets/framework.dart:2115:7)
#244    ComponentElement.visitChildren (package:flutter/src/widgets/framework.dart:5871:14)
#245    _InactiveElements._unmount (package:flutter/src/widgets/framework.dart:2113:13)
#246    _InactiveElements._unmount.<anonymous closure> (package:flutter/src/widgets/framework.dart:2115:7)
#247    MultiChildRenderObjectElement.visitChildren (package:flutter/src/widgets/framework.dart:7223:16)
#248    _InactiveElements._unmount (package:flutter/src/widgets/framework.dart:2113:13)
#249    _InactiveElements._unmount.<anonymous closure> (package:flutter/src/widgets/framework.dart:2115:7)
#250    ComponentElement.visitChildren (package:flutter/src/widgets/framework.dart:5871:14)
#251    _InactiveElements._unmount (package:flutter/src/widgets/framework.dart:2113:13)
#252    _InactiveElements._unmount.<anonymous closure> (package:flutter/src/widgets/framework.dart:2115:7)
#253    ComponentElement.visitChildren (package:flutter/src/widgets/framework.dart:5871:14)
#254    _InactiveElements._unmount (package:flutter/src/widgets/framework.dart:2113:13)
#255    _InactiveElements._unmount.<anonymous closure> (package:flutter/src/widgets/framework.dart:2115:7)
#256    ComponentElement.visitChildren (package:flutter/src/widgets/framework.dart:5871:14)
#257    _InactiveElements._unmount (package:flutter/src/widgets/framework.dart:2113:13)
#258    _InactiveElements._unmount.<anonymous closure> (package:flutter/src/widgets/framework.dart:2115:7)
#259    ComponentElement.visitChildren (package:flutter/src/widgets/framework.dart:5871:14)
#260    _InactiveElements._unmount (package:flutter/src/widgets/framework.dart:2113:13)
#261    _InactiveElements._unmount.<anonymous closure> (package:flutter/src/widgets/framework.dart:2115:7)
#262    ComponentElement.visitChildren (package:flutter/src/widgets/framework.dart:5871:14)
#263    _InactiveElements._unmount (package:flutter/src/widgets/framework.dart:2113:13)
#264    _InactiveElements._unmount.<anonymous closure> (package:flutter/src/widgets/framework.dart:2115:7)
#265    ComponentElement.visitChildren (package:flutter/src/widgets/framework.dart:5871:14)
#266    _InactiveElements._unmount (package:flutter/src/widgets/framework.dart:2113:13)
#267    _InactiveElements._unmount.<anonymous closure> (package:flutter/src/widgets/framework.dart:2115:7)
#268    ComponentElement.visitChildren (package:flutter/src/widgets/framework.dart:5871:14)
#269    _InactiveElements._unmount (package:flutter/src/widgets/framework.dart:2113:13)
#270    _InactiveElements._unmount.<anonymous closure> (package:flutter/src/widgets/framework.dart:2115:7)
#271    SingleChildRenderObjectElement.visitChildren (package:flutter/src/widgets/framework.dart:7101:14)
#272    _InactiveElements._unmount (package:flutter/src/widgets/framework.dart:2113:13)
#273    _InactiveElements._unmount.<anonymous closure> (package:flutter/src/widgets/framework.dart:2115:7)
#274    SingleChildRenderObjectElement.visitChildren (package:flutter/src/widgets/framework.dart:7101:14)
#275    _InactiveElements._unmount (package:flutter/src/widgets/framework.dart:2113:13)
#276    _InactiveElements._unmount.<anonymous closure> (package:flutter/src/widgets/framework.dart:2115:7)
#277    ComponentElement.visitChildren (package:flutter/src/widgets/framework.dart:5871:14)
#278    _InactiveElements._unmount (package:flutter/src/widgets/framework.dart:2113:13)
#279    _InactiveElements._unmount.<anonymous closure> (package:flutter/src/widgets/framework.dart:2115:7)
#280    ComponentElement.visitChildren (package:flutter/src/widgets/framework.dart:5871:14)
#281    _InactiveElements._unmount (package:flutter/src/widgets/framework.dart:2113:13)
#282    _InactiveElements._unmount.<anonymous closure> (package:flutter/src/widgets/framework.dart:2115:7)
#283    ComponentElement.visitChildren (package:flutter/src/widgets/framework.dart:5871:14)
#284    _InactiveElements._unmount (package:flutter/src/widgets/framework.dart:2113:13)
#285    _InactiveElements._unmount.<anonymous closure> (package:flutter/src/widgets/framework.dart:2115:7)
#286    ComponentElement.visitChildren (package:flutter/src/widgets/framework.dart:5871:14)
#287    _InactiveElements._unmount (package:flutter/src/widgets/framework.dart:2113:13)
#288    _InactiveElements._unmount.<anonymous closure> (package:flutter/src/widgets/framework.dart:2115:7)
#289    SingleChildRenderObjectElement.visitChildren (package:flutter/src/widgets/framework.dart:7101:14)
#290    _InactiveElements._unmount (package:flutter/src/widgets/framework.dart:2113:13)
#291    _InactiveElements._unmount.<anonymous closure> (package:flutter/src/widgets/framework.dart:2115:7)
#292    ComponentElement.visitChildren (package:flutter/src/widgets/framework.dart:5871:14)
#293    _InactiveElements._unmount (package:flutter/src/widgets/framework.dart:2113:13)
#294    _InactiveElements._unmount.<anonymous closure> (package:flutter/src/widgets/framework.dart:2115:7)
#295    ComponentElement.visitChildren (package:flutter/src/widgets/framework.dart:5871:14)
#296    _InactiveElements._unmount (package:flutter/src/widgets/framework.dart:2113:13)
#297    _InactiveElements._unmount.<anonymous closure> (package:flutter/src/widgets/framework.dart:2115:7)
#298    ComponentElement.visitChildren (package:flutter/src/widgets/framework.dart:5871:14)
#299    _InactiveElements._unmount (package:flutter/src/widgets/framework.dart:2113:13)
#300    _InactiveElements._unmount.<anonymous closure> (package:flutter/src/widgets/framework.dart:2115:7)
#301    ComponentElement.visitChildren (package:flutter/src/widgets/framework.dart:5871:14)
#302    _InactiveElements._unmount (package:flutter/src/widgets/framework.dart:2113:13)
#303    _InactiveElements._unmount.<anonymous closure> (package:flutter/src/widgets/framework.dart:2115:7)
#304    ComponentElement.visitChildren (package:flutter/src/widgets/framework.dart:5871:14)
#305    _InactiveElements._unmount (package:flutter/src/widgets/framework.dart:2113:13)
#306    _InactiveElements._unmount.<anonymous closure> (package:flutter/src/widgets/framework.dart:2115:7)
#307    ComponentElement.visitChildren (package:flutter/src/widgets/framework.dart:5871:14)
#308    _InactiveElements._unmount (package:flutter/src/widgets/framework.dart:2113:13)
#309    _InactiveElements._unmount.<anonymous closure> (package:flutter/src/widgets/framework.dart:2115:7)
#310    ComponentElement.visitChildren (package:flutter/src/widgets/framework.dart:5871:14)
#311    _InactiveElements._unmount (package:flutter/src/widgets/framework.dart:2113:13)
#312    _InactiveElements._unmount.<anonymous closure> (package:flutter/src/widgets/framework.dart:2115:7)
#313    ComponentElement.visitChildren (package:flutter/src/widgets/framework.dart:5871:14)
#314    _InactiveElements._unmount (package:flutter/src/widgets/framework.dart:2113:13)
#315    _InactiveElements._unmount.<anonymous closure> (package:flutter/src/widgets/framework.dart:2115:7)
#316    ComponentElement.visitChildren (package:flutter/src/widgets/framework.dart:5871:14)
#317    _InactiveElements._unmount (package:flutter/src/widgets/framework.dart:2113:13)
#318    _InactiveElements._unmount.<anonymous closure> (package:flutter/src/widgets/framework.dart:2115:7)
#319    ComponentElement.visitChildren (package:flutter/src/widgets/framework.dart:5871:14)
#320    _InactiveElements._unmount (package:flutter/src/widgets/framework.dart:2113:13)
#321    _InactiveElements._unmount.<anonymous closure> (package:flutter/src/widgets/framework.dart:2115:7)
#322    ComponentElement.visitChildren (package:flutter/src/widgets/framework.dart:5871:14)
#323    _InactiveElements._unmount (package:flutter/src/widgets/framework.dart:2113:13)
#324    _InactiveElements._unmount.<anonymous closure> (package:flutter/src/widgets/framework.dart:2115:7)
#325    ComponentElement.visitChildren (package:flutter/src/widgets/framework.dart:5871:14)
#326    _InactiveElements._unmount (package:flutter/src/widgets/framework.dart:2113:13)
#327    _InactiveElements._unmount.<anonymous closure> (package:flutter/src/widgets/framework.dart:2115:7)
#328    ComponentElement.visitChildren (package:flutter/src/widgets/framework.dart:5871:14)
#329    _InactiveElements._unmount (package:flutter/src/widgets/framework.dart:2113:13)
#330    _InactiveElements._unmount.<anonymous closure> (package:flutter/src/widgets/framework.dart:2115:7)
#331    ComponentElement.visitChildren (package:flutter/src/widgets/framework.dart:5871:14)
#332    _InactiveElements._unmount (package:flutter/src/widgets/framework.dart:2113:13)
#333    _InactiveElements._unmount.<anonymous closure> (package:flutter/src/widgets/framework.dart:2115:7)
#334    ComponentElement.visitChildren (package:flutter/src/widgets/framework.dart:5871:14)
#335    _InactiveElements._unmount (package:flutter/src/widgets/framework.dart:2113:13)
#336    _InactiveElements._unmount.<anonymous closure> (package:flutter/src/widgets/framework.dart:2115:7)
#337    SingleChildRenderObjectElement.visitChildren (package:flutter/src/widgets/framework.dart:7101:14)
#338    _InactiveElements._unmount (package:flutter/src/widgets/framework.dart:2113:13)
#339    _InactiveElements._unmount.<anonymous closure> (package:flutter/src/widgets/framework.dart:2115:7)
#340    ComponentElement.visitChildren (package:flutter/src/widgets/framework.dart:5871:14)
#341    _InactiveElements._unmount (package:flutter/src/widgets/framework.dart:2113:13)
#342    _InactiveElements._unmount.<anonymous closure> (package:flutter/src/widgets/framework.dart:2115:7)
#343    ComponentElement.visitChildren (package:flutter/src/widgets/framework.dart:5871:14)
#344    _InactiveElements._unmount (package:flutter/src/widgets/framework.dart:2113:13)
#345    _InactiveElements._unmount.<anonymous closure> (package:flutter/src/widgets/framework.dart:2115:7)
#346    ComponentElement.visitChildren (package:flutter/src/widgets/framework.dart:5871:14)
#347    _InactiveElements._unmount (package:flutter/src/widgets/framework.dart:2113:13)
#348    _InactiveElements._unmount.<anonymous closure> (package:flutter/src/widgets/framework.dart:2115:7)
#349    ComponentElement.visitChildren (package:flutter/src/widgets/framework.dart:5871:14)
#350    _InactiveElements._unmount (package:flutter/src/widgets/framework.dart:2113:13)
#351    _InactiveElements._unmount.<anonymous closure> (package:flutter/src/widgets/framework.dart:2115:7)
#352    ComponentElement.visitChildren (package:flutter/src/widgets/framework.dart:5871:14)
#353    _InactiveElements._unmount (package:flutter/src/widgets/framework.dart:2113:13)
#354    _InactiveElements._unmount.<anonymous closure> (package:flutter/src/widgets/framework.dart:2115:7)
#355    SingleChildRenderObjectElement.visitChildren (package:flutter/src/widgets/framework.dart:7101:14)
#356    _InactiveElements._unmount (package:flutter/src/widgets/framework.dart:2113:13)
#357    _InactiveElements._unmount.<anonymous closure> (package:flutter/src/widgets/framework.dart:2115:7)
#358    ComponentElement.visitChildren (package:flutter/src/widgets/framework.dart:5871:14)
#359    _InactiveElements._unmount (package:flutter/src/widgets/framework.dart:2113:13)
#360    _InactiveElements._unmount.<anonymous closure> (package:flutter/src/widgets/framework.dart:2115:7)
#361    ComponentElement.visitChildren (package:flutter/src/widgets/framework.dart:5871:14)
#362    _InactiveElements._unmount (package:flutter/src/widgets/framework.dart:2113:13)
#363    _InactiveElements._unmount.<anonymous closure> (package:flutter/src/widgets/framework.dart:2115:7)
#364    SingleChildRenderObjectElement.visitChildren (package:flutter/src/widgets/framework.dart:7101:14)
#365    _InactiveElements._unmount (package:flutter/src/widgets/framework.dart:2113:13)
#366    _InactiveElements._unmount.<anonymous closure> (package:flutter/src/widgets/framework.dart:2115:7)
#367    ComponentElement.visitChildren (package:flutter/src/widgets/framework.dart:5871:14)
#368    _InactiveElements._unmount (package:flutter/src/widgets/framework.dart:2113:13)
#369    _InactiveElements._unmount.<anonymous closure> (package:flutter/src/widgets/framework.dart:2115:7)
#370    ComponentElement.visitChildren (package:flutter/src/widgets/framework.dart:5871:14)
#371    _InactiveElements._unmount (package:flutter/src/widgets/framework.dart:2113:13)
#372    _InactiveElements._unmount.<anonymous closure> (package:flutter/src/widgets/framework.dart:2115:7)
#373    ComponentElement.visitChildren (package:flutter/src/widgets/framework.dart:5871:14)
#374    _InactiveElements._unmount (package:flutter/src/widgets/framework.dart:2113:13)
#375    _InactiveElements._unmount.<anonymous closure> (package:flutter/src/widgets/framework.dart:2115:7)
#376    ComponentElement.visitChildren (package:flutter/src/widgets/framework.dart:5871:14)
#377    _InactiveElements._unmount (package:flutter/src/widgets/framework.dart:2113:13)
#378    _InactiveElements._unmount.<anonymous closure> (package:flutter/src/widgets/framework.dart:2115:7)
#379    ComponentElement.visitChildren (package:flutter/src/widgets/framework.dart:5871:14)
#380    _InactiveElements._unmount (package:flutter/src/widgets/framework.dart:2113:13)
#381    _InactiveElements._unmount.<anonymous closure> (package:flutter/src/widgets/framework.dart:2115:7)
#382    SingleChildRenderObjectElement.visitChildren (package:flutter/src/widgets/framework.dart:7101:14)
#383    _InactiveElements._unmount (package:flutter/src/widgets/framework.dart:2113:13)
#384    _InactiveElements._unmount.<anonymous closure> (package:flutter/src/widgets/framework.dart:2115:7)
#385    ComponentElement.visitChildren (package:flutter/src/widgets/framework.dart:5871:14)
#386    _InactiveElements._unmount (package:flutter/src/widgets/framework.dart:2113:13)
#387    _InactiveElements._unmount.<anonymous closure> (package:flutter/src/widgets/framework.dart:2115:7)
#388    ComponentElement.visitChildren (package:flutter/src/widgets/framework.dart:5871:14)
#389    _InactiveElements._unmount (package:flutter/src/widgets/framework.dart:2113:13)
#390    _InactiveElements._unmount.<anonymous closure> (package:flutter/src/widgets/framework.dart:2115:7)
#391    ComponentElement.visitChildren (package:flutter/src/widgets/framework.dart:5871:14)
#392    _InactiveElements._unmount (package:flutter/src/widgets/framework.dart:2113:13)
#393    _InactiveElements._unmount.<anonymous closure> (package:flutter/src/widgets/framework.dart:2115:7)
#394    ComponentElement.visitChildren (package:flutter/src/widgets/framework.dart:5871:14)
#395    _InactiveElements._unmount (package:flutter/src/widgets/framework.dart:2113:13)
#396    _InactiveElements._unmount.<anonymous closure> (package:flutter/src/widgets/framework.dart:2115:7)
#397    ComponentElement.visitChildren (package:flutter/src/widgets/framework.dart:5871:14)
#398    _InactiveElements._unmount (package:flutter/src/widgets/framework.dart:2113:13)
#399    _InactiveElements._unmount.<anonymous closure> (package:flutter/src/widgets/framework.dart:2115:7)
#400    SingleChildRenderObjectElement.visitChildren (package:flutter/src/widgets/framework.dart:7101:14)
#401    _InactiveElements._unmount (package:flutter/src/widgets/framework.dart:2113:13)
#402    _InactiveElements._unmount.<anonymous closure> (package:flutter/src/widgets/framework.dart:2115:7)
#403    ComponentElement.visitChildren (package:flutter/src/widgets/framework.dart:5871:14)
#404    _InactiveElements._unmount (package:flutter/src/widgets/framework.dart:2113:13)
#405    _InactiveElements._unmount.<anonymous closure> (package:flutter/src/widgets/framework.dart:2115:7)
#406    ComponentElement.visitChildren (package:flutter/src/widgets/framework.dart:5871:14)
#407    _InactiveElements._unmount (package:flutter/src/widgets/framework.dart:2113:13)
#408    _InactiveElements._unmount.<anonymous closure> (package:flutter/src/widgets/framework.dart:2115:7)
#409    ComponentElement.visitChildren (package:flutter/src/widgets/framework.dart:5871:14)
#410    _InactiveElements._unmount (package:flutter/src/widgets/framework.dart:2113:13)
#411    _InactiveElements._unmount.<anonymous closure> (package:flutter/src/widgets/framework.dart:2115:7)
#412    ComponentElement.visitChildren (package:flutter/src/widgets/framework.dart:5871:14)
#413    _InactiveElements._unmount (package:flutter/src/widgets/framework.dart:2113:13)
#414    _InactiveElements._unmount.<anonymous closure> (package:flutter/src/widgets/framework.dart:2115:7)
#415    SingleChildRenderObjectElement.visitChildren (package:flutter/src/widgets/framework.dart:7101:14)
#416    _InactiveElements._unmount (package:flutter/src/widgets/framework.dart:2113:13)
#417    _InactiveElements._unmount.<anonymous closure> (package:flutter/src/widgets/framework.dart:2115:7)
#418    ComponentElement.visitChildren (package:flutter/src/widgets/framework.dart:5871:14)
#419    _InactiveElements._unmount (package:flutter/src/widgets/framework.dart:2113:13)
#420    _InactiveElements._unmount.<anonymous closure> (package:flutter/src/widgets/framework.dart:2115:7)
#421    ComponentElement.visitChildren (package:flutter/src/widgets/framework.dart:5871:14)
#422    _InactiveElements._unmount (package:flutter/src/widgets/framework.dart:2113:13)
#423    _InactiveElements._unmount.<anonymous closure> (package:flutter/src/widgets/framework.dart:2115:7)
#424    ComponentElement.visitChildren (package:flutter/src/widgets/framework.dart:5871:14)
#425    _InactiveElements._unmount (package:flutter/src/widgets/framework.dart:2113:13)
#426    _InactiveElements._unmount.<anonymous closure> (package:flutter/src/widgets/framework.dart:2115:7)
#427    ComponentElement.visitChildren (package:flutter/src/widgets/framework.dart:5871:14)
#428    _InactiveElements._unmount (package:flutter/src/widgets/framework.dart:2113:13)
#429    _InactiveElements._unmount.<anonymous closure> (package:flutter/src/widgets/framework.dart:2115:7)
#430    ComponentElement.visitChildren (package:flutter/src/widgets/framework.dart:5871:14)
#431    _InactiveElements._unmount (package:flutter/src/widgets/framework.dart:2113:13)
#432    _InactiveElements._unmount.<anonymous closure> (package:flutter/src/widgets/framework.dart:2115:7)
#433    ComponentElement.visitChildren (package:flutter/src/widgets/framework.dart:5871:14)
#434    _InactiveElements._unmount (package:flutter/src/widgets/framework.dart:2113:13)
#435    _InactiveElements._unmount.<anonymous closure> (package:flutter/src/widgets/framework.dart:2115:7)
#436    ComponentElement.visitChildren (package:flutter/src/widgets/framework.dart:5871:14)
#437    _InactiveElements._unmount (package:flutter/src/widgets/framework.dart:2113:13)
#438    _InactiveElements._unmount.<anonymous closure> (package:flutter/src/widgets/framework.dart:2115:7)
#439    ComponentElement.visitChildren (package:flutter/src/widgets/framework.dart:5871:14)
#440    _InactiveElements._unmount (package:flutter/src/widgets/framework.dart:2113:13)
#441    _InactiveElements._unmount.<anonymous closure> (package:flutter/src/widgets/framework.dart:2115:7)
#442    ComponentElement.visitChildren (package:flutter/src/widgets/framework.dart:5871:14)
#443    _InactiveElements._unmount (package:flutter/src/widgets/framework.dart:2113:13)
#444    _InactiveElements._unmount.<anonymous closure> (package:flutter/src/widgets/framework.dart:2115:7)
#445    ComponentElement.visitChildren (package:flutter/src/widgets/framework.dart:5871:14)
#446    _InactiveElements._unmount (package:flutter/src/widgets/framework.dart:2113:13)
#447    _InactiveElements._unmount.<anonymous closure> (package:flutter/src/widgets/framework.dart:2115:7)
#448    ComponentElement.visitChildren (package:flutter/src/widgets/framework.dart:5871:14)
#449    _InactiveElements._unmount (package:flutter/src/widgets/framework.dart:2113:13)
#450    _InactiveElements._unmount.<anonymous closure> (package:flutter/src/widgets/framework.dart:2115:7)
#451    ComponentElement.visitChildren (package:flutter/src/widgets/framework.dart:5871:14)
#452    _InactiveElements._unmount (package:flutter/src/widgets/framework.dart:2113:13)
#453    _InactiveElements._unmount.<anonymous closure> (package:flutter/src/widgets/framework.dart:2115:7)
#454    ComponentElement.visitChildren (package:flutter/src/widgets/framework.dart:5871:14)
#455    _InactiveElements._unmount (package:flutter/src/widgets/framework.dart:2113:13)
#456    _InactiveElements._unmount.<anonymous closure> (package:flutter/src/widgets/framework.dart:2115:7)
#457    ComponentElement.visitChildren (package:flutter/src/widgets/framework.dart:5871:14)
#458    _InactiveElements._unmount (package:flutter/src/widgets/framework.dart:2113:13)
#459    _InactiveElements._unmount.<anonymous closure> (package:flutter/src/widgets/framework.dart:2115:7)
#460    ComponentElement.visitChildren (package:flutter/src/widgets/framework.dart:5871:14)
#461    _InactiveElements._unmount (package:flutter/src/widgets/framework.dart:2113:13)
#462    ListIterable.forEach (dart:_internal/iterable.dart:49:13)
#463    _InactiveElements._unmountAll (package:flutter/src/widgets/framework.dart:2126:25)
#464    BuildOwner.lockState (package:flutter/src/widgets/framework.dart:3020:15)
#465    BuildOwner.finalizeTree (package:flutter/src/widgets/framework.dart:3344:7)
#466    AutomatedTestWidgetsFlutterBinding.drawFrame (package:flutter_test/src/binding.dart:2153:19)
#467    RendererBinding._handlePersistentFrameCallback (package:flutter/src/rendering/binding.dart:495:5)
#468    SchedulerBinding._invokeFrameCallback (package:flutter/src/scheduler/binding.dart:1430:15)
#469    SchedulerBinding.handleDrawFrame (package:flutter/src/scheduler/binding.dart:1345:9)
#470    AutomatedTestWidgetsFlutterBinding.scheduleWarmUpFrame (package:flutter_test/src/binding.dart:2057:5)
#471    _runWidget (package:flutter/src/widgets/binding.dart:1683:7)
#472    runApp (package:flutter/src/widgets/binding.dart:1616:3)
#473    TestWidgetsFlutterBinding._runTestBody (package:flutter_test/src/binding.dart:1689:7)
<asynchronous suspension>
<asynchronous suspension>
(elided 12 frames from dart:async and package:stack_trace)

Timer (duration: 0:00:00.000000, periodic: false), created:
#0      new FakeTimer._ (package:fake_async/fake_async.dart:342:62)
#1      FakeAsync._createTimer (package:fake_async/fake_async.dart:260:29)
#2      FakeAsync.run.<anonymous closure> (package:fake_async/fake_async.dart:185:15)
#6      StreamQueryStore.markAsClosed (package:drift/src/runtime/executor/stream_queries.dart:156:11)
#7      QueryStream._onCancelOrPause (package:drift/src/runtime/executor/stream_queries.dart:305:14)
#8      QueryStream._stream.<anonymous closure>.<anonymous closure> (package:drift/src/runtime/executor/stream_queries.dart:238:9)
#17     _StreamBuilderBaseState._unsubscribe (package:flutter/src/widgets/async.dart:156:22)
#18     _StreamBuilderBaseState.dispose (package:flutter/src/widgets/async.dart:127:5)
#19     StatefulElement.unmount (package:flutter/src/widgets/framework.dart:6030:11)
#20     _InactiveElements._unmount (package:flutter/src/widgets/framework.dart:2117:13)
#21     _InactiveElements._unmount.<anonymous closure> (package:flutter/src/widgets/framework.dart:2115:7)
#22     SingleChildRenderObjectElement.visitChildren (package:flutter/src/widgets/framework.dart:7101:14)
#23     _InactiveElements._unmount (package:flutter/src/widgets/framework.dart:2113:13)
#24     _InactiveElements._unmount.<anonymous closure> (package:flutter/src/widgets/framework.dart:2115:7)
#25     SingleChildRenderObjectElement.visitChildren (package:flutter/src/widgets/framework.dart:7101:14)
#26     _InactiveElements._unmount (package:flutter/src/widgets/framework.dart:2113:13)
#27     _InactiveElements._unmount.<anonymous closure> (package:flutter/src/widgets/framework.dart:2115:7)
#28     ComponentElement.visitChildren (package:flutter/src/widgets/framework.dart:5871:14)
#29     _InactiveElements._unmount (package:flutter/src/widgets/framework.dart:2113:13)
#30     _InactiveElements._unmount.<anonymous closure> (package:flutter/src/widgets/framework.dart:2115:7)
#31     SingleChildRenderObjectElement.visitChildren (package:flutter/src/widgets/framework.dart:7101:14)
#32     _InactiveElements._unmount (package:flutter/src/widgets/framework.dart:2113:13)
#33     _InactiveElements._unmount.<anonymous closure> (package:flutter/src/widgets/framework.dart:2115:7)
#34     ComponentElement.visitChildren (package:flutter/src/widgets/framework.dart:5871:14)
#35     _InactiveElements._unmount (package:flutter/src/widgets/framework.dart:2113:13)
#36     _InactiveElements._unmount.<anonymous closure> (package:flutter/src/widgets/framework.dart:2115:7)
#37     ComponentElement.visitChildren (package:flutter/src/widgets/framework.dart:5871:14)
#38     _InactiveElements._unmount (package:flutter/src/widgets/framework.dart:2113:13)
#39     _InactiveElements._unmount.<anonymous closure> (package:flutter/src/widgets/framework.dart:2115:7)
#40     ComponentElement.visitChildren (package:flutter/src/widgets/framework.dart:5871:14)
#41     _InactiveElements._unmount (package:flutter/src/widgets/framework.dart:2113:13)
#42     _InactiveElements._unmount.<anonymous closure> (package:flutter/src/widgets/framework.dart:2115:7)
#43     ComponentElement.visitChildren (package:flutter/src/widgets/framework.dart:5871:14)
#44     _InactiveElements._unmount (package:flutter/src/widgets/framework.dart:2113:13)
#45     _InactiveElements._unmount.<anonymous closure> (package:flutter/src/widgets/framework.dart:2115:7)
#46     ComponentElement.visitChildren (package:flutter/src/widgets/framework.dart:5871:14)
#47     _InactiveElements._unmount (package:flutter/src/widgets/framework.dart:2113:13)
#48     _InactiveElements._unmount.<anonymous closure> (package:flutter/src/widgets/framework.dart:2115:7)
#49     ComponentElement.visitChildren (package:flutter/src/widgets/framework.dart:5871:14)
#50     _InactiveElements._unmount (package:flutter/src/widgets/framework.dart:2113:13)
#51     _InactiveElements._unmount.<anonymous closure> (package:flutter/src/widgets/framework.dart:2115:7)
#52     MultiChildRenderObjectElement.visitChildren (package:flutter/src/widgets/framework.dart:7223:16)
#53     _InactiveElements._unmount (package:flutter/src/widgets/framework.dart:2113:13)
#54     _InactiveElements._unmount.<anonymous closure> (package:flutter/src/widgets/framework.dart:2115:7)
#55     ComponentElement.visitChildren (package:flutter/src/widgets/framework.dart:5871:14)
#56     _InactiveElements._unmount (package:flutter/src/widgets/framework.dart:2113:13)
#57     _InactiveElements._unmount.<anonymous closure> (package:flutter/src/widgets/framework.dart:2115:7)
#58     ComponentElement.visitChildren (package:flutter/src/widgets/framework.dart:5871:14)
#59     _InactiveElements._unmount (package:flutter/src/widgets/framework.dart:2113:13)
#60     _InactiveElements._unmount.<anonymous closure> (package:flutter/src/widgets/framework.dart:2115:7)
#61     ComponentElement.visitChildren (package:flutter/src/widgets/framework.dart:5871:14)
#62     _InactiveElements._unmount (package:flutter/src/widgets/framework.dart:2113:13)
#63     _InactiveElements._unmount.<anonymous closure> (package:flutter/src/widgets/framework.dart:2115:7)
#64     ComponentElement.visitChildren (package:flutter/src/widgets/framework.dart:5871:14)
#65     _InactiveElements._unmount (package:flutter/src/widgets/framework.dart:2113:13)
#66     _InactiveElements._unmount.<anonymous closure> (package:flutter/src/widgets/framework.dart:2115:7)
#67     ComponentElement.visitChildren (package:flutter/src/widgets/framework.dart:5871:14)
#68     _InactiveElements._unmount (package:flutter/src/widgets/framework.dart:2113:13)
#69     _InactiveElements._unmount.<anonymous closure> (package:flutter/src/widgets/framework.dart:2115:7)
#70     SingleChildRenderObjectElement.visitChildren (package:flutter/src/widgets/framework.dart:7101:14)
#71     _InactiveElements._unmount (package:flutter/src/widgets/framework.dart:2113:13)
#72     _InactiveElements._unmount.<anonymous closure> (package:flutter/src/widgets/framework.dart:2115:7)
#73     ComponentElement.visitChildren (package:flutter/src/widgets/framework.dart:5871:14)
#74     _InactiveElements._unmount (package:flutter/src/widgets/framework.dart:2113:13)
#75     _InactiveElements._unmount.<anonymous closure> (package:flutter/src/widgets/framework.dart:2115:7)
#76     SingleChildRenderObjectElement.visitChildren (package:flutter/src/widgets/framework.dart:7101:14)
#77     _InactiveElements._unmount (package:flutter/src/widgets/framework.dart:2113:13)
#78     _InactiveElements._unmount.<anonymous closure> (package:flutter/src/widgets/framework.dart:2115:7)
#79     ComponentElement.visitChildren (package:flutter/src/widgets/framework.dart:5871:14)
#80     _InactiveElements._unmount (package:flutter/src/widgets/framework.dart:2113:13)
#81     _InactiveElements._unmount.<anonymous closure> (package:flutter/src/widgets/framework.dart:2115:7)
#82     ComponentElement.visitChildren (package:flutter/src/widgets/framework.dart:5871:14)
#83     _InactiveElements._unmount (package:flutter/src/widgets/framework.dart:2113:13)
#84     _InactiveElements._unmount.<anonymous closure> (package:flutter/src/widgets/framework.dart:2115:7)
#85     ComponentElement.visitChildren (package:flutter/src/widgets/framework.dart:5871:14)
#86     _InactiveElements._unmount (package:flutter/src/widgets/framework.dart:2113:13)
#87     _InactiveElements._unmount.<anonymous closure> (package:flutter/src/widgets/framework.dart:2115:7)
#88     ComponentElement.visitChildren (package:flutter/src/widgets/framework.dart:5871:14)
#89     _InactiveElements._unmount (package:flutter/src/widgets/framework.dart:2113:13)
#90     _InactiveElements._unmount.<anonymous closure> (package:flutter/src/widgets/framework.dart:2115:7)
#91     ComponentElement.visitChildren (package:flutter/src/widgets/framework.dart:5871:14)
#92     _InactiveElements._unmount (package:flutter/src/widgets/framework.dart:2113:13)
#93     _InactiveElements._unmount.<anonymous closure> (package:flutter/src/widgets/framework.dart:2115:7)
#94     ComponentElement.visitChildren (package:flutter/src/widgets/framework.dart:5871:14)
#95     _InactiveElements._unmount (package:flutter/src/widgets/framework.dart:2113:13)
#96     _InactiveElements._unmount.<anonymous closure> (package:flutter/src/widgets/framework.dart:2115:7)
#97     ComponentElement.visitChildren (package:flutter/src/widgets/framework.dart:5871:14)
#98     _InactiveElements._unmount (package:flutter/src/widgets/framework.dart:2113:13)
#99     _InactiveElements._unmount.<anonymous closure> (package:flutter/src/widgets/framework.dart:2115:7)
#100    ComponentElement.visitChildren (package:flutter/src/widgets/framework.dart:5871:14)
#101    _InactiveElements._unmount (package:flutter/src/widgets/framework.dart:2113:13)
#102    _InactiveElements._unmount.<anonymous closure> (package:flutter/src/widgets/framework.dart:2115:7)
#103    ComponentElement.visitChildren (package:flutter/src/widgets/framework.dart:5871:14)
#104    _InactiveElements._unmount (package:flutter/src/widgets/framework.dart:2113:13)
#105    _InactiveElements._unmount.<anonymous closure> (package:flutter/src/widgets/framework.dart:2115:7)
#106    SingleChildRenderObjectElement.visitChildren (package:flutter/src/widgets/framework.dart:7101:14)
#107    _InactiveElements._unmount (package:flutter/src/widgets/framework.dart:2113:13)
#108    _InactiveElements._unmount.<anonymous closure> (package:flutter/src/widgets/framework.dart:2115:7)
#109    ComponentElement.visitChildren (package:flutter/src/widgets/framework.dart:5871:14)
#110    _InactiveElements._unmount (package:flutter/src/widgets/framework.dart:2113:13)
#111    _InactiveElements._unmount.<anonymous closure> (package:flutter/src/widgets/framework.dart:2115:7)
#112    SingleChildRenderObjectElement.visitChildren (package:flutter/src/widgets/framework.dart:7101:14)
#113    _InactiveElements._unmount (package:flutter/src/widgets/framework.dart:2113:13)
#114    _InactiveElements._unmount.<anonymous closure> (package:flutter/src/widgets/framework.dart:2115:7)
#115    SingleChildRenderObjectElement.visitChildren (package:flutter/src/widgets/framework.dart:7101:14)
#116    _InactiveElements._unmount (package:flutter/src/widgets/framework.dart:2113:13)
#117    _InactiveElements._unmount.<anonymous closure> (package:flutter/src/widgets/framework.dart:2115:7)
#118    ComponentElement.visitChildren (package:flutter/src/widgets/framework.dart:5871:14)
#119    _InactiveElements._unmount (package:flutter/src/widgets/framework.dart:2113:13)
#120    _InactiveElements._unmount.<anonymous closure> (package:flutter/src/widgets/framework.dart:2115:7)
#121    SingleChildRenderObjectElement.visitChildren (package:flutter/src/widgets/framework.dart:7101:14)
#122    _InactiveElements._unmount (package:flutter/src/widgets/framework.dart:2113:13)
#123    _InactiveElements._unmount.<anonymous closure> (package:flutter/src/widgets/framework.dart:2115:7)
#124    ComponentElement.visitChildren (package:flutter/src/widgets/framework.dart:5871:14)
#125    _InactiveElements._unmount (package:flutter/src/widgets/framework.dart:2113:13)
#126    _InactiveElements._unmount.<anonymous closure> (package:flutter/src/widgets/framework.dart:2115:7)
#127    SingleChildRenderObjectElement.visitChildren (package:flutter/src/widgets/framework.dart:7101:14)
#128    _InactiveElements._unmount (package:flutter/src/widgets/framework.dart:2113:13)
#129    _InactiveElements._unmount.<anonymous closure> (package:flutter/src/widgets/framework.dart:2115:7)
#130    SingleChildRenderObjectElement.visitChildren (package:flutter/src/widgets/framework.dart:7101:14)
#131    _InactiveElements._unmount (package:flutter/src/widgets/framework.dart:2113:13)
#132    _InactiveElements._unmount.<anonymous closure> (package:flutter/src/widgets/framework.dart:2115:7)
#133    ComponentElement.visitChildren (package:flutter/src/widgets/framework.dart:5871:14)
#134    _InactiveElements._unmount (package:flutter/src/widgets/framework.dart:2113:13)
#135    _InactiveElements._unmount.<anonymous closure> (package:flutter/src/widgets/framework.dart:2115:7)
#136    SingleChildRenderObjectElement.visitChildren (package:flutter/src/widgets/framework.dart:7101:14)
#137    _InactiveElements._unmount (package:flutter/src/widgets/framework.dart:2113:13)
#138    _InactiveElements._unmount.<anonymous closure> (package:flutter/src/widgets/framework.dart:2115:7)
#139    ComponentElement.visitChildren (package:flutter/src/widgets/framework.dart:5871:14)
#140    _InactiveElements._unmount (package:flutter/src/widgets/framework.dart:2113:13)
#141    _InactiveElements._unmount.<anonymous closure> (package:flutter/src/widgets/framework.dart:2115:7)
#142    SingleChildRenderObjectElement.visitChildren (package:flutter/src/widgets/framework.dart:7101:14)
#143    _InactiveElements._unmount (package:flutter/src/widgets/framework.dart:2113:13)
#144    _InactiveElements._unmount.<anonymous closure> (package:flutter/src/widgets/framework.dart:2115:7)
#145    SingleChildRenderObjectElement.visitChildren (package:flutter/src/widgets/framework.dart:7101:14)
#146    _InactiveElements._unmount (package:flutter/src/widgets/framework.dart:2113:13)
#147    _InactiveElements._unmount.<anonymous closure> (package:flutter/src/widgets/framework.dart:2115:7)
#148    ComponentElement.visitChildren (package:flutter/src/widgets/framework.dart:5871:14)
#149    _InactiveElements._unmount (package:flutter/src/widgets/framework.dart:2113:13)
#150    _InactiveElements._unmount.<anonymous closure> (package:flutter/src/widgets/framework.dart:2115:7)
#151    SingleChildRenderObjectElement.visitChildren (package:flutter/src/widgets/framework.dart:7101:14)
#152    _InactiveElements._unmount (package:flutter/src/widgets/framework.dart:2113:13)
#153    _InactiveElements._unmount.<anonymous closure> (package:flutter/src/widgets/framework.dart:2115:7)
#154    SingleChildRenderObjectElement.visitChildren (package:flutter/src/widgets/framework.dart:7101:14)
#155    _InactiveElements._unmount (package:flutter/src/widgets/framework.dart:2113:13)
#156    _InactiveElements._unmount.<anonymous closure> (package:flutter/src/widgets/framework.dart:2115:7)
#157    SingleChildRenderObjectElement.visitChildren (package:flutter/src/widgets/framework.dart:7101:14)
#158    _InactiveElements._unmount (package:flutter/src/widgets/framework.dart:2113:13)
#159    _InactiveElements._unmount.<anonymous closure> (package:flutter/src/widgets/framework.dart:2115:7)
#160    ComponentElement.visitChildren (package:flutter/src/widgets/framework.dart:5871:14)
#161    _InactiveElements._unmount (package:flutter/src/widgets/framework.dart:2113:13)
#162    _InactiveElements._unmount.<anonymous closure> (package:flutter/src/widgets/framework.dart:2115:7)
#163    SingleChildRenderObjectElement.visitChildren (package:flutter/src/widgets/framework.dart:7101:14)
#164    _InactiveElements._unmount (package:flutter/src/widgets/framework.dart:2113:13)
#165    _InactiveElements._unmount.<anonymous closure> (package:flutter/src/widgets/framework.dart:2115:7)
#166    ComponentElement.visitChildren (package:flutter/src/widgets/framework.dart:5871:14)
#167    _InactiveElements._unmount (package:flutter/src/widgets/framework.dart:2113:13)
#168    _InactiveElements._unmount.<anonymous closure> (package:flutter/src/widgets/framework.dart:2115:7)
#169    ComponentElement.visitChildren (package:flutter/src/widgets/framework.dart:5871:14)
#170    _InactiveElements._unmount (package:flutter/src/widgets/framework.dart:2113:13)
#171    _InactiveElements._unmount.<anonymous closure> (package:flutter/src/widgets/framework.dart:2115:7)
#172    ComponentElement.visitChildren (package:flutter/src/widgets/framework.dart:5871:14)
#173    _InactiveElements._unmount (package:flutter/src/widgets/framework.dart:2113:13)
#174    _InactiveElements._unmount.<anonymous closure> (package:flutter/src/widgets/framework.dart:2115:7)
#175    ComponentElement.visitChildren (package:flutter/src/widgets/framework.dart:5871:14)
#176    _InactiveElements._unmount (package:flutter/src/widgets/framework.dart:2113:13)
#177    _InactiveElements._unmount.<anonymous closure> (package:flutter/src/widgets/framework.dart:2115:7)
#178    ComponentElement.visitChildren (package:flutter/src/widgets/framework.dart:5871:14)
#179    _InactiveElements._unmount (package:flutter/src/widgets/framework.dart:2113:13)
#180    _InactiveElements._unmount.<anonymous closure> (package:flutter/src/widgets/framework.dart:2115:7)
#181    SingleChildRenderObjectElement.visitChildren (package:flutter/src/widgets/framework.dart:7101:14)
#182    _InactiveElements._unmount (package:flutter/src/widgets/framework.dart:2113:13)
#183    _InactiveElements._unmount.<anonymous closure> (package:flutter/src/widgets/framework.dart:2115:7)
#184    ComponentElement.visitChildren (package:flutter/src/widgets/framework.dart:5871:14)
#185    _InactiveElements._unmount (package:flutter/src/widgets/framework.dart:2113:13)
#186    _InactiveElements._unmount.<anonymous closure> (package:flutter/src/widgets/framework.dart:2115:7)
#187    SingleChildRenderObjectElement.visitChildren (package:flutter/src/widgets/framework.dart:7101:14)
#188    _InactiveElements._unmount (package:flutter/src/widgets/framework.dart:2113:13)
#189    _InactiveElements._unmount.<anonymous closure> (package:flutter/src/widgets/framework.dart:2115:7)
#190    ComponentElement.visitChildren (package:flutter/src/widgets/framework.dart:5871:14)
#191    _InactiveElements._unmount (package:flutter/src/widgets/framework.dart:2113:13)
#192    _InactiveElements._unmount.<anonymous closure> (package:flutter/src/widgets/framework.dart:2115:7)
#193    ComponentElement.visitChildren (package:flutter/src/widgets/framework.dart:5871:14)
#194    _InactiveElements._unmount (package:flutter/src/widgets/framework.dart:2113:13)
#195    _InactiveElements._unmount.<anonymous closure> (package:flutter/src/widgets/framework.dart:2115:7)
#196    ComponentElement.visitChildren (package:flutter/src/widgets/framework.dart:5871:14)
#197    _InactiveElements._unmount (package:flutter/src/widgets/framework.dart:2113:13)
#198    _InactiveElements._unmount.<anonymous closure> (package:flutter/src/widgets/framework.dart:2115:7)
#199    ComponentElement.visitChildren (package:flutter/src/widgets/framework.dart:5871:14)
#200    _InactiveElements._unmount (package:flutter/src/widgets/framework.dart:2113:13)
#201    _InactiveElements._unmount.<anonymous closure> (package:flutter/src/widgets/framework.dart:2115:7)
#202    ComponentElement.visitChildren (package:flutter/src/widgets/framework.dart:5871:14)
#203    _InactiveElements._unmount (package:flutter/src/widgets/framework.dart:2113:13)
#204    _InactiveElements._unmount.<anonymous closure> (package:flutter/src/widgets/framework.dart:2115:7)
#205    ComponentElement.visitChildren (package:flutter/src/widgets/framework.dart:5871:14)
#206    _InactiveElements._unmount (package:flutter/src/widgets/framework.dart:2113:13)
#207    _InactiveElements._unmount.<anonymous closure> (package:flutter/src/widgets/framework.dart:2115:7)
#208    SingleChildRenderObjectElement.visitChildren (package:flutter/src/widgets/framework.dart:7101:14)
#209    _InactiveElements._unmount (package:flutter/src/widgets/framework.dart:2113:13)
#210    _InactiveElements._unmount.<anonymous closure> (package:flutter/src/widgets/framework.dart:2115:7)
#211    ComponentElement.visitChildren (package:flutter/src/widgets/framework.dart:5871:14)
#212    _InactiveElements._unmount (package:flutter/src/widgets/framework.dart:2113:13)
#213    _InactiveElements._unmount.<anonymous closure> (package:flutter/src/widgets/framework.dart:2115:7)
#214    ComponentElement.visitChildren (package:flutter/src/widgets/framework.dart:5871:14)
#215    _InactiveElements._unmount (package:flutter/src/widgets/framework.dart:2113:13)
#216    _InactiveElements._unmount.<anonymous closure> (package:flutter/src/widgets/framework.dart:2115:7)
#217    ComponentElement.visitChildren (package:flutter/src/widgets/framework.dart:5871:14)
#218    _InactiveElements._unmount (package:flutter/src/widgets/framework.dart:2113:13)
#219    _InactiveElements._unmount.<anonymous closure> (package:flutter/src/widgets/framework.dart:2115:7)
#220    ComponentElement.visitChildren (package:flutter/src/widgets/framework.dart:5871:14)
#221    _InactiveElements._unmount (package:flutter/src/widgets/framework.dart:2113:13)
#222    _InactiveElements._unmount.<anonymous closure> (package:flutter/src/widgets/framework.dart:2115:7)
#223    ComponentElement.visitChildren (package:flutter/src/widgets/framework.dart:5871:14)
#224    _InactiveElements._unmount (package:flutter/src/widgets/framework.dart:2113:13)
#225    _InactiveElements._unmount.<anonymous closure> (package:flutter/src/widgets/framework.dart:2115:7)
#226    SingleChildRenderObjectElement.visitChildren (package:flutter/src/widgets/framework.dart:7101:14)
#227    _InactiveElements._unmount (package:flutter/src/widgets/framework.dart:2113:13)
#228    _InactiveElements._unmount.<anonymous closure> (package:flutter/src/widgets/framework.dart:2115:7)
#229    ComponentElement.visitChildren (package:flutter/src/widgets/framework.dart:5871:14)
#230    _InactiveElements._unmount (package:flutter/src/widgets/framework.dart:2113:13)
#231    _InactiveElements._unmount.<anonymous closure> (package:flutter/src/widgets/framework.dart:2115:7)
#232    ComponentElement.visitChildren (package:flutter/src/widgets/framework.dart:5871:14)
#233    _InactiveElements._unmount (package:flutter/src/widgets/framework.dart:2113:13)
#234    _InactiveElements._unmount.<anonymous closure> (package:flutter/src/widgets/framework.dart:2115:7)
#235    ComponentElement.visitChildren (package:flutter/src/widgets/framework.dart:5871:14)
#236    _InactiveElements._unmount (package:flutter/src/widgets/framework.dart:2113:13)
#237    _InactiveElements._unmount.<anonymous closure> (package:flutter/src/widgets/framework.dart:2115:7)
#238    ComponentElement.visitChildren (package:flutter/src/widgets/framework.dart:5871:14)
#239    _InactiveElements._unmount (package:flutter/src/widgets/framework.dart:2113:13)
#240    _InactiveElements._unmount.<anonymous closure> (package:flutter/src/widgets/framework.dart:2115:7)
#241    ComponentElement.visitChildren (package:flutter/src/widgets/framework.dart:5871:14)
#242    _InactiveElements._unmount (package:flutter/src/widgets/framework.dart:2113:13)
#243    _InactiveElements._unmount.<anonymous closure> (package:flutter/src/widgets/framework.dart:2115:7)
#244    MultiChildRenderObjectElement.visitChildren (package:flutter/src/widgets/framework.dart:7223:16)
#245    _InactiveElements._unmount (package:flutter/src/widgets/framework.dart:2113:13)
#246    _InactiveElements._unmount.<anonymous closure> (package:flutter/src/widgets/framework.dart:2115:7)
#247    ComponentElement.visitChildren (package:flutter/src/widgets/framework.dart:5871:14)
#248    _InactiveElements._unmount (package:flutter/src/widgets/framework.dart:2113:13)
#249    _InactiveElements._unmount.<anonymous closure> (package:flutter/src/widgets/framework.dart:2115:7)
#250    ComponentElement.visitChildren (package:flutter/src/widgets/framework.dart:5871:14)
#251    _InactiveElements._unmount (package:flutter/src/widgets/framework.dart:2113:13)
#252    _InactiveElements._unmount.<anonymous closure> (package:flutter/src/widgets/framework.dart:2115:7)
#253    ComponentElement.visitChildren (package:flutter/src/widgets/framework.dart:5871:14)
#254    _InactiveElements._unmount (package:flutter/src/widgets/framework.dart:2113:13)
#255    _InactiveElements._unmount.<anonymous closure> (package:flutter/src/widgets/framework.dart:2115:7)
#256    ComponentElement.visitChildren (package:flutter/src/widgets/framework.dart:5871:14)
#257    _InactiveElements._unmount (package:flutter/src/widgets/framework.dart:2113:13)
#258    _InactiveElements._unmount.<anonymous closure> (package:flutter/src/widgets/framework.dart:2115:7)
#259    ComponentElement.visitChildren (package:flutter/src/widgets/framework.dart:5871:14)
#260    _InactiveElements._unmount (package:flutter/src/widgets/framework.dart:2113:13)
#261    _InactiveElements._unmount.<anonymous closure> (package:flutter/src/widgets/framework.dart:2115:7)
#262    ComponentElement.visitChildren (package:flutter/src/widgets/framework.dart:5871:14)
#263    _InactiveElements._unmount (package:flutter/src/widgets/framework.dart:2113:13)
#264    _InactiveElements._unmount.<anonymous closure> (package:flutter/src/widgets/framework.dart:2115:7)
#265    ComponentElement.visitChildren (package:flutter/src/widgets/framework.dart:5871:14)
#266    _InactiveElements._unmount (package:flutter/src/widgets/framework.dart:2113:13)
#267    _InactiveElements._unmount.<anonymous closure> (package:flutter/src/widgets/framework.dart:2115:7)
#268    SingleChildRenderObjectElement.visitChildren (package:flutter/src/widgets/framework.dart:7101:14)
#269    _InactiveElements._unmount (package:flutter/src/widgets/framework.dart:2113:13)
#270    _InactiveElements._unmount.<anonymous closure> (package:flutter/src/widgets/framework.dart:2115:7)
#271    SingleChildRenderObjectElement.visitChildren (package:flutter/src/widgets/framework.dart:7101:14)
#272    _InactiveElements._unmount (package:flutter/src/widgets/framework.dart:2113:13)
#273    _InactiveElements._unmount.<anonymous closure> (package:flutter/src/widgets/framework.dart:2115:7)
#274    ComponentElement.visitChildren (package:flutter/src/widgets/framework.dart:5871:14)
#275    _InactiveElements._unmount (package:flutter/src/widgets/framework.dart:2113:13)
#276    _InactiveElements._unmount.<anonymous closure> (package:flutter/src/widgets/framework.dart:2115:7)
#277    ComponentElement.visitChildren (package:flutter/src/widgets/framework.dart:5871:14)
#278    _InactiveElements._unmount (package:flutter/src/widgets/framework.dart:2113:13)
#279    _InactiveElements._unmount.<anonymous closure> (package:flutter/src/widgets/framework.dart:2115:7)
#280    ComponentElement.visitChildren (package:flutter/src/widgets/framework.dart:5871:14)
#281    _InactiveElements._unmount (package:flutter/src/widgets/framework.dart:2113:13)
#282    _InactiveElements._unmount.<anonymous closure> (package:flutter/src/widgets/framework.dart:2115:7)
#283    ComponentElement.visitChildren (package:flutter/src/widgets/framework.dart:5871:14)
#284    _InactiveElements._unmount (package:flutter/src/widgets/framework.dart:2113:13)
#285    _InactiveElements._unmount.<anonymous closure> (package:flutter/src/widgets/framework.dart:2115:7)
#286    SingleChildRenderObjectElement.visitChildren (package:flutter/src/widgets/framework.dart:7101:14)
#287    _InactiveElements._unmount (package:flutter/src/widgets/framework.dart:2113:13)
#288    _InactiveElements._unmount.<anonymous closure> (package:flutter/src/widgets/framework.dart:2115:7)
#289    ComponentElement.visitChildren (package:flutter/src/widgets/framework.dart:5871:14)
#290    _InactiveElements._unmount (package:flutter/src/widgets/framework.dart:2113:13)
#291    _InactiveElements._unmount.<anonymous closure> (package:flutter/src/widgets/framework.dart:2115:7)
#292    ComponentElement.visitChildren (package:flutter/src/widgets/framework.dart:5871:14)
#293    _InactiveElements._unmount (package:flutter/src/widgets/framework.dart:2113:13)
#294    _InactiveElements._unmount.<anonymous closure> (package:flutter/src/widgets/framework.dart:2115:7)
#295    ComponentElement.visitChildren (package:flutter/src/widgets/framework.dart:5871:14)
#296    _InactiveElements._unmount (package:flutter/src/widgets/framework.dart:2113:13)
#297    _InactiveElements._unmount.<anonymous closure> (package:flutter/src/widgets/framework.dart:2115:7)
#298    ComponentElement.visitChildren (package:flutter/src/widgets/framework.dart:5871:14)
#299    _InactiveElements._unmount (package:flutter/src/widgets/framework.dart:2113:13)
#300    _InactiveElements._unmount.<anonymous closure> (package:flutter/src/widgets/framework.dart:2115:7)
#301    ComponentElement.visitChildren (package:flutter/src/widgets/framework.dart:5871:14)
#302    _InactiveElements._unmount (package:flutter/src/widgets/framework.dart:2113:13)
#303    _InactiveElements._unmount.<anonymous closure> (package:flutter/src/widgets/framework.dart:2115:7)
#304    ComponentElement.visitChildren (package:flutter/src/widgets/framework.dart:5871:14)
#305    _InactiveElements._unmount (package:flutter/src/widgets/framework.dart:2113:13)
#306    _InactiveElements._unmount.<anonymous closure> (package:flutter/src/widgets/framework.dart:2115:7)
#307    ComponentElement.visitChildren (package:flutter/src/widgets/framework.dart:5871:14)
#308    _InactiveElements._unmount (package:flutter/src/widgets/framework.dart:2113:13)
#309    _InactiveElements._unmount.<anonymous closure> (package:flutter/src/widgets/framework.dart:2115:7)
#310    ComponentElement.visitChildren (package:flutter/src/widgets/framework.dart:5871:14)
#311    _InactiveElements._unmount (package:flutter/src/widgets/framework.dart:2113:13)
#312    _InactiveElements._unmount.<anonymous closure> (package:flutter/src/widgets/framework.dart:2115:7)
#313    ComponentElement.visitChildren (package:flutter/src/widgets/framework.dart:5871:14)
#314    _InactiveElements._unmount (package:flutter/src/widgets/framework.dart:2113:13)
#315    _InactiveElements._unmount.<anonymous closure> (package:flutter/src/widgets/framework.dart:2115:7)
#316    ComponentElement.visitChildren (package:flutter/src/widgets/framework.dart:5871:14)
#317    _InactiveElements._unmount (package:flutter/src/widgets/framework.dart:2113:13)
#318    _InactiveElements._unmount.<anonymous closure> (package:flutter/src/widgets/framework.dart:2115:7)
#319    ComponentElement.visitChildren (package:flutter/src/widgets/framework.dart:5871:14)
#320    _InactiveElements._unmount (package:flutter/src/widgets/framework.dart:2113:13)
#321    _InactiveElements._unmount.<anonymous closure> (package:flutter/src/widgets/framework.dart:2115:7)
#322    ComponentElement.visitChildren (package:flutter/src/widgets/framework.dart:5871:14)
#323    _InactiveElements._unmount (package:flutter/src/widgets/framework.dart:2113:13)
#324    _InactiveElements._unmount.<anonymous closure> (package:flutter/src/widgets/framework.dart:2115:7)
#325    ComponentElement.visitChildren (package:flutter/src/widgets/framework.dart:5871:14)
#326    _InactiveElements._unmount (package:flutter/src/widgets/framework.dart:2113:13)
#327    _InactiveElements._unmount.<anonymous closure> (package:flutter/src/widgets/framework.dart:2115:7)
#328    ComponentElement.visitChildren (package:flutter/src/widgets/framework.dart:5871:14)
#329    _InactiveElements._unmount (package:flutter/src/widgets/framework.dart:2113:13)
#330    _InactiveElements._unmount.<anonymous closure> (package:flutter/src/widgets/framework.dart:2115:7)
#331    ComponentElement.visitChildren (package:flutter/src/widgets/framework.dart:5871:14)
#332    _InactiveElements._unmount (package:flutter/src/widgets/framework.dart:2113:13)
#333    _InactiveElements._unmount.<anonymous closure> (package:flutter/src/widgets/framework.dart:2115:7)
#334    SingleChildRenderObjectElement.visitChildren (package:flutter/src/widgets/framework.dart:7101:14)
#335    _InactiveElements._unmount (package:flutter/src/widgets/framework.dart:2113:13)
#336    _InactiveElements._unmount.<anonymous closure> (package:flutter/src/widgets/framework.dart:2115:7)
#337    ComponentElement.visitChildren (package:flutter/src/widgets/framework.dart:5871:14)
#338    _InactiveElements._unmount (package:flutter/src/widgets/framework.dart:2113:13)
#339    _InactiveElements._unmount.<anonymous closure> (package:flutter/src/widgets/framework.dart:2115:7)
#340    ComponentElement.visitChildren (package:flutter/src/widgets/framework.dart:5871:14)
#341    _InactiveElements._unmount (package:flutter/src/widgets/framework.dart:2113:13)
#342    _InactiveElements._unmount.<anonymous closure> (package:flutter/src/widgets/framework.dart:2115:7)
#343    ComponentElement.visitChildren (package:flutter/src/widgets/framework.dart:5871:14)
#344    _InactiveElements._unmount (package:flutter/src/widgets/framework.dart:2113:13)
#345    _InactiveElements._unmount.<anonymous closure> (package:flutter/src/widgets/framework.dart:2115:7)
#346    ComponentElement.visitChildren (package:flutter/src/widgets/framework.dart:5871:14)
#347    _InactiveElements._unmount (package:flutter/src/widgets/framework.dart:2113:13)
#348    _InactiveElements._unmount.<anonymous closure> (package:flutter/src/widgets/framework.dart:2115:7)
#349    ComponentElement.visitChildren (package:flutter/src/widgets/framework.dart:5871:14)
#350    _InactiveElements._unmount (package:flutter/src/widgets/framework.dart:2113:13)
#351    _InactiveElements._unmount.<anonymous closure> (package:flutter/src/widgets/framework.dart:2115:7)
#352    SingleChildRenderObjectElement.visitChildren (package:flutter/src/widgets/framework.dart:7101:14)
#353    _InactiveElements._unmount (package:flutter/src/widgets/framework.dart:2113:13)
#354    _InactiveElements._unmount.<anonymous closure> (package:flutter/src/widgets/framework.dart:2115:7)
#355    ComponentElement.visitChildren (package:flutter/src/widgets/framework.dart:5871:14)
#356    _InactiveElements._unmount (package:flutter/src/widgets/framework.dart:2113:13)
#357    _InactiveElements._unmount.<anonymous closure> (package:flutter/src/widgets/framework.dart:2115:7)
#358    ComponentElement.visitChildren (package:flutter/src/widgets/framework.dart:5871:14)
#359    _InactiveElements._unmount (package:flutter/src/widgets/framework.dart:2113:13)
#360    _InactiveElements._unmount.<anonymous closure> (package:flutter/src/widgets/framework.dart:2115:7)
#361    SingleChildRenderObjectElement.visitChildren (package:flutter/src/widgets/framework.dart:7101:14)
#362    _InactiveElements._unmount (package:flutter/src/widgets/framework.dart:2113:13)
#363    _InactiveElements._unmount.<anonymous closure> (package:flutter/src/widgets/framework.dart:2115:7)
#364    ComponentElement.visitChildren (package:flutter/src/widgets/framework.dart:5871:14)
#365    _InactiveElements._unmount (package:flutter/src/widgets/framework.dart:2113:13)
#366    _InactiveElements._unmount.<anonymous closure> (package:flutter/src/widgets/framework.dart:2115:7)
#367    ComponentElement.visitChildren (package:flutter/src/widgets/framework.dart:5871:14)
#368    _InactiveElements._unmount (package:flutter/src/widgets/framework.dart:2113:13)
#369    _InactiveElements._unmount.<anonymous closure> (package:flutter/src/widgets/framework.dart:2115:7)
#370    ComponentElement.visitChildren (package:flutter/src/widgets/framework.dart:5871:14)
#371    _InactiveElements._unmount (package:flutter/src/widgets/framework.dart:2113:13)
#372    _InactiveElements._unmount.<anonymous closure> (package:flutter/src/widgets/framework.dart:2115:7)
#373    ComponentElement.visitChildren (package:flutter/src/widgets/framework.dart:5871:14)
#374    _InactiveElements._unmount (package:flutter/src/widgets/framework.dart:2113:13)
#375    _InactiveElements._unmount.<anonymous closure> (package:flutter/src/widgets/framework.dart:2115:7)
#376    ComponentElement.visitChildren (package:flutter/src/widgets/framework.dart:5871:14)
#377    _InactiveElements._unmount (package:flutter/src/widgets/framework.dart:2113:13)
#378    _InactiveElements._unmount.<anonymous closure> (package:flutter/src/widgets/framework.dart:2115:7)
#379    SingleChildRenderObjectElement.visitChildren (package:flutter/src/widgets/framework.dart:7101:14)
#380    _InactiveElements._unmount (package:flutter/src/widgets/framework.dart:2113:13)
#381    _InactiveElements._unmount.<anonymous closure> (package:flutter/src/widgets/framework.dart:2115:7)
#382    ComponentElement.visitChildren (package:flutter/src/widgets/framework.dart:5871:14)
#383    _InactiveElements._unmount (package:flutter/src/widgets/framework.dart:2113:13)
#384    _InactiveElements._unmount.<anonymous closure> (package:flutter/src/widgets/framework.dart:2115:7)
#385    ComponentElement.visitChildren (package:flutter/src/widgets/framework.dart:5871:14)
#386    _InactiveElements._unmount (package:flutter/src/widgets/framework.dart:2113:13)
#387    _InactiveElements._unmount.<anonymous closure> (package:flutter/src/widgets/framework.dart:2115:7)
#388    ComponentElement.visitChildren (package:flutter/src/widgets/framework.dart:5871:14)
#389    _InactiveElements._unmount (package:flutter/src/widgets/framework.dart:2113:13)
#390    _InactiveElements._unmount.<anonymous closure> (package:flutter/src/widgets/framework.dart:2115:7)
#391    ComponentElement.visitChildren (package:flutter/src/widgets/framework.dart:5871:14)
#392    _InactiveElements._unmount (package:flutter/src/widgets/framework.dart:2113:13)
#393    _InactiveElements._unmount.<anonymous closure> (package:flutter/src/widgets/framework.dart:2115:7)
#394    ComponentElement.visitChildren (package:flutter/src/widgets/framework.dart:5871:14)
#395    _InactiveElements._unmount (package:flutter/src/widgets/framework.dart:2113:13)
#396    _InactiveElements._unmount.<anonymous closure> (package:flutter/src/widgets/framework.dart:2115:7)
#397    SingleChildRenderObjectElement.visitChildren (package:flutter/src/widgets/framework.dart:7101:14)
#398    _InactiveElements._unmount (package:flutter/src/widgets/framework.dart:2113:13)
#399    _InactiveElements._unmount.<anonymous closure> (package:flutter/src/widgets/framework.dart:2115:7)
#400    ComponentElement.visitChildren (package:flutter/src/widgets/framework.dart:5871:14)
#401    _InactiveElements._unmount (package:flutter/src/widgets/framework.dart:2113:13)
#402    _InactiveElements._unmount.<anonymous closure> (package:flutter/src/widgets/framework.dart:2115:7)
#403    ComponentElement.visitChildren (package:flutter/src/widgets/framework.dart:5871:14)
#404    _InactiveElements._unmount (package:flutter/src/widgets/framework.dart:2113:13)
#405    _InactiveElements._unmount.<anonymous closure> (package:flutter/src/widgets/framework.dart:2115:7)
#406    ComponentElement.visitChildren (package:flutter/src/widgets/framework.dart:5871:14)
#407    _InactiveElements._unmount (package:flutter/src/widgets/framework.dart:2113:13)
#408    _InactiveElements._unmount.<anonymous closure> (package:flutter/src/widgets/framework.dart:2115:7)
#409    ComponentElement.visitChildren (package:flutter/src/widgets/framework.dart:5871:14)
#410    _InactiveElements._unmount (package:flutter/src/widgets/framework.dart:2113:13)
#411    _InactiveElements._unmount.<anonymous closure> (package:flutter/src/widgets/framework.dart:2115:7)
#412    SingleChildRenderObjectElement.visitChildren (package:flutter/src/widgets/framework.dart:7101:14)
#413    _InactiveElements._unmount (package:flutter/src/widgets/framework.dart:2113:13)
#414    _InactiveElements._unmount.<anonymous closure> (package:flutter/src/widgets/framework.dart:2115:7)
#415    ComponentElement.visitChildren (package:flutter/src/widgets/framework.dart:5871:14)
#416    _InactiveElements._unmount (package:flutter/src/widgets/framework.dart:2113:13)
#417    _InactiveElements._unmount.<anonymous closure> (package:flutter/src/widgets/framework.dart:2115:7)
#418    ComponentElement.visitChildren (package:flutter/src/widgets/framework.dart:5871:14)
#419    _InactiveElements._unmount (package:flutter/src/widgets/framework.dart:2113:13)
#420    _InactiveElements._unmount.<anonymous closure> (package:flutter/src/widgets/framework.dart:2115:7)
#421    ComponentElement.visitChildren (package:flutter/src/widgets/framework.dart:5871:14)
#422    _InactiveElements._unmount (package:flutter/src/widgets/framework.dart:2113:13)
#423    _InactiveElements._unmount.<anonymous closure> (package:flutter/src/widgets/framework.dart:2115:7)
#424    ComponentElement.visitChildren (package:flutter/src/widgets/framework.dart:5871:14)
#425    _InactiveElements._unmount (package:flutter/src/widgets/framework.dart:2113:13)
#426    _InactiveElements._unmount.<anonymous closure> (package:flutter/src/widgets/framework.dart:2115:7)
#427    ComponentElement.visitChildren (package:flutter/src/widgets/framework.dart:5871:14)
#428    _InactiveElements._unmount (package:flutter/src/widgets/framework.dart:2113:13)
#429    _InactiveElements._unmount.<anonymous closure> (package:flutter/src/widgets/framework.dart:2115:7)
#430    ComponentElement.visitChildren (package:flutter/src/widgets/framework.dart:5871:14)
#431    _InactiveElements._unmount (package:flutter/src/widgets/framework.dart:2113:13)
#432    _InactiveElements._unmount.<anonymous closure> (package:flutter/src/widgets/framework.dart:2115:7)
#433    ComponentElement.visitChildren (package:flutter/src/widgets/framework.dart:5871:14)
#434    _InactiveElements._unmount (package:flutter/src/widgets/framework.dart:2113:13)
#435    _InactiveElements._unmount.<anonymous closure> (package:flutter/src/widgets/framework.dart:2115:7)
#436    ComponentElement.visitChildren (package:flutter/src/widgets/framework.dart:5871:14)
#437    _InactiveElements._unmount (package:flutter/src/widgets/framework.dart:2113:13)
#438    _InactiveElements._unmount.<anonymous closure> (package:flutter/src/widgets/framework.dart:2115:7)
#439    ComponentElement.visitChildren (package:flutter/src/widgets/framework.dart:5871:14)
#440    _InactiveElements._unmount (package:flutter/src/widgets/framework.dart:2113:13)
#441    _InactiveElements._unmount.<anonymous closure> (package:flutter/src/widgets/framework.dart:2115:7)
#442    ComponentElement.visitChildren (package:flutter/src/widgets/framework.dart:5871:14)
#443    _InactiveElements._unmount (package:flutter/src/widgets/framework.dart:2113:13)
#444    _InactiveElements._unmount.<anonymous closure> (package:flutter/src/widgets/framework.dart:2115:7)
#445    ComponentElement.visitChildren (package:flutter/src/widgets/framework.dart:5871:14)
#446    _InactiveElements._unmount (package:flutter/src/widgets/framework.dart:2113:13)
#447    _InactiveElements._unmount.<anonymous closure> (package:flutter/src/widgets/framework.dart:2115:7)
#448    ComponentElement.visitChildren (package:flutter/src/widgets/framework.dart:5871:14)
#449    _InactiveElements._unmount (package:flutter/src/widgets/framework.dart:2113:13)
#450    _InactiveElements._unmount.<anonymous closure> (package:flutter/src/widgets/framework.dart:2115:7)
#451    ComponentElement.visitChildren (package:flutter/src/widgets/framework.dart:5871:14)
#452    _InactiveElements._unmount (package:flutter/src/widgets/framework.dart:2113:13)
#453    _InactiveElements._unmount.<anonymous closure> (package:flutter/src/widgets/framework.dart:2115:7)
#454    ComponentElement.visitChildren (package:flutter/src/widgets/framework.dart:5871:14)
#455    _InactiveElements._unmount (package:flutter/src/widgets/framework.dart:2113:13)
#456    _InactiveElements._unmount.<anonymous closure> (package:flutter/src/widgets/framework.dart:2115:7)
#457    ComponentElement.visitChildren (package:flutter/src/widgets/framework.dart:5871:14)
#458    _InactiveElements._unmount (package:flutter/src/widgets/framework.dart:2113:13)
#459    ListIterable.forEach (dart:_internal/iterable.dart:49:13)
#460    _InactiveElements._unmountAll (package:flutter/src/widgets/framework.dart:2126:25)
#461    BuildOwner.lockState (package:flutter/src/widgets/framework.dart:3020:15)
#462    BuildOwner.finalizeTree (package:flutter/src/widgets/framework.dart:3344:7)
#463    AutomatedTestWidgetsFlutterBinding.drawFrame (package:flutter_test/src/binding.dart:2153:19)
#464    RendererBinding._handlePersistentFrameCallback (package:flutter/src/rendering/binding.dart:495:5)
#465    SchedulerBinding._invokeFrameCallback (package:flutter/src/scheduler/binding.dart:1430:15)
#466    SchedulerBinding.handleDrawFrame (package:flutter/src/scheduler/binding.dart:1345:9)
#467    AutomatedTestWidgetsFlutterBinding.scheduleWarmUpFrame (package:flutter_test/src/binding.dart:2057:5)
#468    _runWidget (package:flutter/src/widgets/binding.dart:1683:7)
#469    runApp (package:flutter/src/widgets/binding.dart:1616:3)
#470    TestWidgetsFlutterBinding._runTestBody (package:flutter_test/src/binding.dart:1689:7)
<asynchronous suspension>
<asynchronous suspension>
(elided 12 frames from dart:async and package:stack_trace)

โ•โ•โ•ก EXCEPTION CAUGHT BY FLUTTER TEST FRAMEWORK โ•โ•โ•โ•โ•โ•โ•โ•โ•โ•โ•โ•โ•โ•โ•โ•โ•โ•โ•โ•โ•โ•โ•โ•โ•โ•โ•โ•โ•โ•โ•โ•โ•โ•โ•โ•โ•โ•โ•โ•โ•โ•โ•โ•โ•โ•โ•โ•โ•โ•โ•โ•โ•
The following assertion was thrown running a test:
A Timer is still pending even after the widget tree was disposed.
'package:flutter_test/src/binding.dart':
Failed assertion: line 2242 pos 12: '!timersPending'

When the exception was thrown, this was the stack:
#2      AutomatedTestWidgetsFlutterBinding._verifyInvariants (package:flutter_test/src/binding.dart:2242:12)
#3      TestWidgetsFlutterBinding._runTestBody (package:flutter_test/src/binding.dart:1703:7)
<asynchronous suspension>
<asynchronous suspension>
(elided 3 frames from class _AssertionError and package:stack_trace)

The test description was:
  loads saved customer records from local storage
โ•โ•โ•โ•โ•โ•โ•โ•โ•โ•โ•โ•โ•โ•โ•โ•โ•โ•โ•โ•โ•โ•โ•โ•โ•โ•โ•โ•โ•โ•โ•โ•โ•โ•โ•โ•โ•โ•โ•โ•โ•โ•โ•โ•โ•โ•โ•โ•โ•โ•โ•โ•โ•โ•โ•โ•โ•โ•โ•โ•โ•โ•โ•โ•โ•โ•โ•โ•โ•โ•โ•โ•โ•โ•โ•โ•โ•โ•โ•โ•โ•โ•โ•โ•โ•โ•โ•โ•โ•โ•โ•โ•โ•โ•โ•โ•โ•โ•โ•โ•
00:46 +37 -8: C:/Users/E320/Downloads/Project/LosCheck-main/test/customer_page_test.dart: CustomerPage Widget Tests filters customers by phone number
00:46 +37 -8: C:/Users/E320/Downloads/Project/LosCheck-main/test/widget_test.dart: loads saved customer records from local storage [E]
  Test failed. See exception logs above.
  The test description was: loads saved customer records from local storage
  
00:47 +38 -8: C:/Users/E320/Downloads/Project/LosCheck-main/test/customer_page_test.dart: CustomerPage Widget Tests filters customers by phone number
00:47 +39 -8: C:/Users/E320/Downloads/Project/LosCheck-main/test/customer_page_test.dart: CustomerPage Widget Tests filters customers by phone number
00:48 +39 -8: C:/Users/E320/Downloads/Project/LosCheck-main/test/widget_test.dart: filters saved customer records by phone number
Pending timers:
Timer (duration: 0:00:00.000000, periodic: false), created:
#0      new FakeTimer._ (package:fake_async/fake_async.dart:342:62)
#1      FakeAsync._createTimer (package:fake_async/fake_async.dart:260:29)
#2      FakeAsync.run.<anonymous closure> (package:fake_async/fake_async.dart:185:15)
#6      StreamQueryStore.markAsClosed (package:drift/src/runtime/executor/stream_queries.dart:156:11)
#7      QueryStream._onCancelOrPause (package:drift/src/runtime/executor/stream_queries.dart:305:14)
#8      QueryStream._stream.<anonymous closure>.<anonymous closure> (package:drift/src/runtime/executor/stream_queries.dart:238:9)
#17     _StreamBuilderBaseState._unsubscribe (package:flutter/src/widgets/async.dart:156:22)
#18     _StreamBuilderBaseState.dispose (package:flutter/src/widgets/async.dart:127:5)
#19     StatefulElement.unmount (package:flutter/src/widgets/framework.dart:6030:11)
#20     _InactiveElements._unmount (package:flutter/src/widgets/framework.dart:2117:13)
#21     _InactiveElements._unmount.<anonymous closure> (package:flutter/src/widgets/framework.dart:2115:7)
#22     ComponentElement.visitChildren (package:flutter/src/widgets/framework.dart:5871:14)
#23     _InactiveElements._unmount (package:flutter/src/widgets/framework.dart:2113:13)
#24     _InactiveElements._unmount.<anonymous closure> (package:flutter/src/widgets/framework.dart:2115:7)
#25     SingleChildRenderObjectElement.visitChildren (package:flutter/src/widgets/framework.dart:7101:14)
#26     _InactiveElements._unmount (package:flutter/src/widgets/framework.dart:2113:13)
#27     _InactiveElements._unmount.<anonymous closure> (package:flutter/src/widgets/framework.dart:2115:7)
#28     SingleChildRenderObjectElement.visitChildren (package:flutter/src/widgets/framework.dart:7101:14)
#29     _InactiveElements._unmount (package:flutter/src/widgets/framework.dart:2113:13)
#30     _InactiveElements._unmount.<anonymous closure> (package:flutter/src/widgets/framework.dart:2115:7)
#31     ComponentElement.visitChildren (package:flutter/src/widgets/framework.dart:5871:14)
#32     _InactiveElements._unmount (package:flutter/src/widgets/framework.dart:2113:13)
#33     _InactiveElements._unmount.<anonymous closure> (package:flutter/src/widgets/framework.dart:2115:7)
#34     SingleChildRenderObjectElement.visitChildren (package:flutter/src/widgets/framework.dart:7101:14)
#35     _InactiveElements._unmount (package:flutter/src/widgets/framework.dart:2113:13)
#36     _InactiveElements._unmount.<anonymous closure> (package:flutter/src/widgets/framework.dart:2115:7)
#37     ComponentElement.visitChildren (package:flutter/src/widgets/framework.dart:5871:14)
#38     _InactiveElements._unmount (package:flutter/src/widgets/framework.dart:2113:13)
#39     _InactiveElements._unmount.<anonymous closure> (package:flutter/src/widgets/framework.dart:2115:7)
#40     ComponentElement.visitChildren (package:flutter/src/widgets/framework.dart:5871:14)
#41     _InactiveElements._unmount (package:flutter/src/widgets/framework.dart:2113:13)
#42     _InactiveElements._unmount.<anonymous closure> (package:flutter/src/widgets/framework.dart:2115:7)
#43     ComponentElement.visitChildren (package:flutter/src/widgets/framework.dart:5871:14)
#44     _InactiveElements._unmount (package:flutter/src/widgets/framework.dart:2113:13)
#45     _InactiveElements._unmount.<anonymous closure> (package:flutter/src/widgets/framework.dart:2115:7)
#46     ComponentElement.visitChildren (package:flutter/src/widgets/framework.dart:5871:14)
#47     _InactiveElements._unmount (package:flutter/src/widgets/framework.dart:2113:13)
#48     _InactiveElements._unmount.<anonymous closure> (package:flutter/src/widgets/framework.dart:2115:7)
#49     ComponentElement.visitChildren (package:flutter/src/widgets/framework.dart:5871:14)
#50     _InactiveElements._unmount (package:flutter/src/widgets/framework.dart:2113:13)
#51     _InactiveElements._unmount.<anonymous closure> (package:flutter/src/widgets/framework.dart:2115:7)
#52     ComponentElement.visitChildren (package:flutter/src/widgets/framework.dart:5871:14)
#53     _InactiveElements._unmount (package:flutter/src/widgets/framework.dart:2113:13)
#54     _InactiveElements._unmount.<anonymous closure> (package:flutter/src/widgets/framework.dart:2115:7)
#55     MultiChildRenderObjectElement.visitChildren (package:flutter/src/widgets/framework.dart:7223:16)
#56     _InactiveElements._unmount (package:flutter/src/widgets/framework.dart:2113:13)
#57     _InactiveElements._unmount.<anonymous closure> (package:flutter/src/widgets/framework.dart:2115:7)
#58     ComponentElement.visitChildren (package:flutter/src/widgets/framework.dart:5871:14)
#59     _InactiveElements._unmount (package:flutter/src/widgets/framework.dart:2113:13)
#60     _InactiveElements._unmount.<anonymous closure> (package:flutter/src/widgets/framework.dart:2115:7)
#61     ComponentElement.visitChildren (package:flutter/src/widgets/framework.dart:5871:14)
#62     _InactiveElements._unmount (package:flutter/src/widgets/framework.dart:2113:13)
#63     _InactiveElements._unmount.<anonymous closure> (package:flutter/src/widgets/framework.dart:2115:7)
#64     ComponentElement.visitChildren (package:flutter/src/widgets/framework.dart:5871:14)
#65     _InactiveElements._unmount (package:flutter/src/widgets/framework.dart:2113:13)
#66     _InactiveElements._unmount.<anonymous closure> (package:flutter/src/widgets/framework.dart:2115:7)
#67     ComponentElement.visitChildren (package:flutter/src/widgets/framework.dart:5871:14)
#68     _InactiveElements._unmount (package:flutter/src/widgets/framework.dart:2113:13)
#69     _InactiveElements._unmount.<anonymous closure> (package:flutter/src/widgets/framework.dart:2115:7)
#70     ComponentElement.visitChildren (package:flutter/src/widgets/framework.dart:5871:14)
#71     _InactiveElements._unmount (package:flutter/src/widgets/framework.dart:2113:13)
#72     _InactiveElements._unmount.<anonymous closure> (package:flutter/src/widgets/framework.dart:2115:7)
#73     SingleChildRenderObjectElement.visitChildren (package:flutter/src/widgets/framework.dart:7101:14)
#74     _InactiveElements._unmount (package:flutter/src/widgets/framework.dart:2113:13)
#75     _InactiveElements._unmount.<anonymous closure> (package:flutter/src/widgets/framework.dart:2115:7)
#76     ComponentElement.visitChildren (package:flutter/src/widgets/framework.dart:5871:14)
#77     _InactiveElements._unmount (package:flutter/src/widgets/framework.dart:2113:13)
#78     _InactiveElements._unmount.<anonymous closure> (package:flutter/src/widgets/framework.dart:2115:7)
#79     SingleChildRenderObjectElement.visitChildren (package:flutter/src/widgets/framework.dart:7101:14)
#80     _InactiveElements._unmount (package:flutter/src/widgets/framework.dart:2113:13)
#81     _InactiveElements._unmount.<anonymous closure> (package:flutter/src/widgets/framework.dart:2115:7)
#82     ComponentElement.visitChildren (package:flutter/src/widgets/framework.dart:5871:14)
#83     _InactiveElements._unmount (package:flutter/src/widgets/framework.dart:2113:13)
#84     _InactiveElements._unmount.<anonymous closure> (package:flutter/src/widgets/framework.dart:2115:7)
#85     ComponentElement.visitChildren (package:flutter/src/widgets/framework.dart:5871:14)
#86     _InactiveElements._unmount (package:flutter/src/widgets/framework.dart:2113:13)
#87     _InactiveElements._unmount.<anonymous closure> (package:flutter/src/widgets/framework.dart:2115:7)
#88     ComponentElement.visitChildren (package:flutter/src/widgets/framework.dart:5871:14)
#89     _InactiveElements._unmount (package:flutter/src/widgets/framework.dart:2113:13)
#90     _InactiveElements._unmount.<anonymous closure> (package:flutter/src/widgets/framework.dart:2115:7)
#91     ComponentElement.visitChildren (package:flutter/src/widgets/framework.dart:5871:14)
#92     _InactiveElements._unmount (package:flutter/src/widgets/framework.dart:2113:13)
#93     _InactiveElements._unmount.<anonymous closure> (package:flutter/src/widgets/framework.dart:2115:7)
#94     ComponentElement.visitChildren (package:flutter/src/widgets/framework.dart:5871:14)
#95     _InactiveElements._unmount (package:flutter/src/widgets/framework.dart:2113:13)
#96     _InactiveElements._unmount.<anonymous closure> (package:flutter/src/widgets/framework.dart:2115:7)
#97     ComponentElement.visitChildren (package:flutter/src/widgets/framework.dart:5871:14)
#98     _InactiveElements._unmount (package:flutter/src/widgets/framework.dart:2113:13)
#99     _InactiveElements._unmount.<anonymous closure> (package:flutter/src/widgets/framework.dart:2115:7)
#100    ComponentElement.visitChildren (package:flutter/src/widgets/framework.dart:5871:14)
#101    _InactiveElements._unmount (package:flutter/src/widgets/framework.dart:2113:13)
#102    _InactiveElements._unmount.<anonymous closure> (package:flutter/src/widgets/framework.dart:2115:7)
#103    ComponentElement.visitChildren (package:flutter/src/widgets/framework.dart:5871:14)
#104    _InactiveElements._unmount (package:flutter/src/widgets/framework.dart:2113:13)
#105    _InactiveElements._unmount.<anonymous closure> (package:flutter/src/widgets/framework.dart:2115:7)
#106    ComponentElement.visitChildren (package:flutter/src/widgets/framework.dart:5871:14)
#107    _InactiveElements._unmount (package:flutter/src/widgets/framework.dart:2113:13)
#108    _InactiveElements._unmount.<anonymous closure> (package:flutter/src/widgets/framework.dart:2115:7)
#109    SingleChildRenderObjectElement.visitChildren (package:flutter/src/widgets/framework.dart:7101:14)
#110    _InactiveElements._unmount (package:flutter/src/widgets/framework.dart:2113:13)
#111    _InactiveElements._unmount.<anonymous closure> (package:flutter/src/widgets/framework.dart:2115:7)
#112    ComponentElement.visitChildren (package:flutter/src/widgets/framework.dart:5871:14)
#113    _InactiveElements._unmount (package:flutter/src/widgets/framework.dart:2113:13)
#114    _InactiveElements._unmount.<anonymous closure> (package:flutter/src/widgets/framework.dart:2115:7)
#115    SingleChildRenderObjectElement.visitChildren (package:flutter/src/widgets/framework.dart:7101:14)
#116    _InactiveElements._unmount (package:flutter/src/widgets/framework.dart:2113:13)
#117    _InactiveElements._unmount.<anonymous closure> (package:flutter/src/widgets/framework.dart:2115:7)
#118    SingleChildRenderObjectElement.visitChildren (package:flutter/src/widgets/framework.dart:7101:14)
#119    _InactiveElements._unmount (package:flutter/src/widgets/framework.dart:2113:13)
#120    _InactiveElements._unmount.<anonymous closure> (package:flutter/src/widgets/framework.dart:2115:7)
#121    ComponentElement.visitChildren (package:flutter/src/widgets/framework.dart:5871:14)
#122    _InactiveElements._unmount (package:flutter/src/widgets/framework.dart:2113:13)
#123    _InactiveElements._unmount.<anonymous closure> (package:flutter/src/widgets/framework.dart:2115:7)
#124    SingleChildRenderObjectElement.visitChildren (package:flutter/src/widgets/framework.dart:7101:14)
#125    _InactiveElements._unmount (package:flutter/src/widgets/framework.dart:2113:13)
#126    _InactiveElements._unmount.<anonymous closure> (package:flutter/src/widgets/framework.dart:2115:7)
#127    ComponentElement.visitChildren (package:flutter/src/widgets/framework.dart:5871:14)
#128    _InactiveElements._unmount (package:flutter/src/widgets/framework.dart:2113:13)
#129    _InactiveElements._unmount.<anonymous closure> (package:flutter/src/widgets/framework.dart:2115:7)
#130    SingleChildRenderObjectElement.visitChildren (package:flutter/src/widgets/framework.dart:7101:14)
#131    _InactiveElements._unmount (package:flutter/src/widgets/framework.dart:2113:13)
#132    _InactiveElements._unmount.<anonymous closure> (package:flutter/src/widgets/framework.dart:2115:7)
#133    SingleChildRenderObjectElement.visitChildren (package:flutter/src/widgets/framework.dart:7101:14)
#134    _InactiveElements._unmount (package:flutter/src/widgets/framework.dart:2113:13)
#135    _InactiveElements._unmount.<anonymous closure> (package:flutter/src/widgets/framework.dart:2115:7)
#136    ComponentElement.visitChildren (package:flutter/src/widgets/framework.dart:5871:14)
#137    _InactiveElements._unmount (package:flutter/src/widgets/framework.dart:2113:13)
#138    _InactiveElements._unmount.<anonymous closure> (package:flutter/src/widgets/framework.dart:2115:7)
#139    SingleChildRenderObjectElement.visitChildren (package:flutter/src/widgets/framework.dart:7101:14)
#140    _InactiveElements._unmount (package:flutter/src/widgets/framework.dart:2113:13)
#141    _InactiveElements._unmount.<anonymous closure> (package:flutter/src/widgets/framework.dart:2115:7)
#142    ComponentElement.visitChildren (package:flutter/src/widgets/framework.dart:5871:14)
#143    _InactiveElements._unmount (package:flutter/src/widgets/framework.dart:2113:13)
#144    _InactiveElements._unmount.<anonymous closure> (package:flutter/src/widgets/framework.dart:2115:7)
#145    SingleChildRenderObjectElement.visitChildren (package:flutter/src/widgets/framework.dart:7101:14)
#146    _InactiveElements._unmount (package:flutter/src/widgets/framework.dart:2113:13)
#147    _InactiveElements._unmount.<anonymous closure> (package:flutter/src/widgets/framework.dart:2115:7)
#148    SingleChildRenderObjectElement.visitChildren (package:flutter/src/widgets/framework.dart:7101:14)
#149    _InactiveElements._unmount (package:flutter/src/widgets/framework.dart:2113:13)
#150    _InactiveElements._unmount.<anonymous closure> (package:flutter/src/widgets/framework.dart:2115:7)
#151    ComponentElement.visitChildren (package:flutter/src/widgets/framework.dart:5871:14)
#152    _InactiveElements._unmount (package:flutter/src/widgets/framework.dart:2113:13)
#153    _InactiveElements._unmount.<anonymous closure> (package:flutter/src/widgets/framework.dart:2115:7)
#154    SingleChildRenderObjectElement.visitChildren (package:flutter/src/widgets/framework.dart:7101:14)
#155    _InactiveElements._unmount (package:flutter/src/widgets/framework.dart:2113:13)
#156    _InactiveElements._unmount.<anonymous closure> (package:flutter/src/widgets/framework.dart:2115:7)
#157    SingleChildRenderObjectElement.visitChildren (package:flutter/src/widgets/framework.dart:7101:14)
#158    _InactiveElements._unmount (package:flutter/src/widgets/framework.dart:2113:13)
#159    _InactiveElements._unmount.<anonymous closure> (package:flutter/src/widgets/framework.dart:2115:7)
#160    SingleChildRenderObjectElement.visitChildren (package:flutter/src/widgets/framework.dart:7101:14)
#161    _InactiveElements._unmount (package:flutter/src/widgets/framework.dart:2113:13)
#162    _InactiveElements._unmount.<anonymous closure> (package:flutter/src/widgets/framework.dart:2115:7)
#163    ComponentElement.visitChildren (package:flutter/src/widgets/framework.dart:5871:14)
#164    _InactiveElements._unmount (package:flutter/src/widgets/framework.dart:2113:13)
#165    _InactiveElements._unmount.<anonymous closure> (package:flutter/src/widgets/framework.dart:2115:7)
#166    SingleChildRenderObjectElement.visitChildren (package:flutter/src/widgets/framework.dart:7101:14)
#167    _InactiveElements._unmount (package:flutter/src/widgets/framework.dart:2113:13)
#168    _InactiveElements._unmount.<anonymous closure> (package:flutter/src/widgets/framework.dart:2115:7)
#169    ComponentElement.visitChildren (package:flutter/src/widgets/framework.dart:5871:14)
#170    _InactiveElements._unmount (package:flutter/src/widgets/framework.dart:2113:13)
#171    _InactiveElements._unmount.<anonymous closure> (package:flutter/src/widgets/framework.dart:2115:7)
#172    ComponentElement.visitChildren (package:flutter/src/widgets/framework.dart:5871:14)
#173    _InactiveElements._unmount (package:flutter/src/widgets/framework.dart:2113:13)
#174    _InactiveElements._unmount.<anonymous closure> (package:flutter/src/widgets/framework.dart:2115:7)
#175    ComponentElement.visitChildren (package:flutter/src/widgets/framework.dart:5871:14)
#176    _InactiveElements._unmount (package:flutter/src/widgets/framework.dart:2113:13)
#177    _InactiveElements._unmount.<anonymous closure> (package:flutter/src/widgets/framework.dart:2115:7)
#178    ComponentElement.visitChildren (package:flutter/src/widgets/framework.dart:5871:14)
#179    _InactiveElements._unmount (package:flutter/src/widgets/framework.dart:2113:13)
#180    _InactiveElements._unmount.<anonymous closure> (package:flutter/src/widgets/framework.dart:2115:7)
#181    ComponentElement.visitChildren (package:flutter/src/widgets/framework.dart:5871:14)
#182    _InactiveElements._unmount (package:flutter/src/widgets/framework.dart:2113:13)
#183    _InactiveElements._unmount.<anonymous closure> (package:flutter/src/widgets/framework.dart:2115:7)
#184    SingleChildRenderObjectElement.visitChildren (package:flutter/src/widgets/framework.dart:7101:14)
#185    _InactiveElements._unmount (package:flutter/src/widgets/framework.dart:2113:13)
#186    _InactiveElements._unmount.<anonymous closure> (package:flutter/src/widgets/framework.dart:2115:7)
#187    ComponentElement.visitChildren (package:flutter/src/widgets/framework.dart:5871:14)
#188    _InactiveElements._unmount (package:flutter/src/widgets/framework.dart:2113:13)
#189    _InactiveElements._unmount.<anonymous closure> (package:flutter/src/widgets/framework.dart:2115:7)
#190    SingleChildRenderObjectElement.visitChildren (package:flutter/src/widgets/framework.dart:7101:14)
#191    _InactiveElements._unmount (package:flutter/src/widgets/framework.dart:2113:13)
#192    _InactiveElements._unmount.<anonymous closure> (package:flutter/src/widgets/framework.dart:2115:7)
#193    ComponentElement.visitChildren (package:flutter/src/widgets/framework.dart:5871:14)
#194    _InactiveElements._unmount (package:flutter/src/widgets/framework.dart:2113:13)
#195    _InactiveElements._unmount.<anonymous closure> (package:flutter/src/widgets/framework.dart:2115:7)
#196    ComponentElement.visitChildren (package:flutter/src/widgets/framework.dart:5871:14)
#197    _InactiveElements._unmount (package:flutter/src/widgets/framework.dart:2113:13)
#198    _InactiveElements._unmount.<anonymous closure> (package:flutter/src/widgets/framework.dart:2115:7)
#199    ComponentElement.visitChildren (package:flutter/src/widgets/framework.dart:5871:14)
#200    _InactiveElements._unmount (package:flutter/src/widgets/framework.dart:2113:13)
#201    _InactiveElements._unmount.<anonymous closure> (package:flutter/src/widgets/framework.dart:2115:7)
#202    ComponentElement.visitChildren (package:flutter/src/widgets/framework.dart:5871:14)
#203    _InactiveElements._unmount (package:flutter/src/widgets/framework.dart:2113:13)
#204    _InactiveElements._unmount.<anonymous closure> (package:flutter/src/widgets/framework.dart:2115:7)
#205    ComponentElement.visitChildren (package:flutter/src/widgets/framework.dart:5871:14)
#206    _InactiveElements._unmount (package:flutter/src/widgets/framework.dart:2113:13)
#207    _InactiveElements._unmount.<anonymous closure> (package:flutter/src/widgets/framework.dart:2115:7)
#208    ComponentElement.visitChildren (package:flutter/src/widgets/framework.dart:5871:14)
#209    _InactiveElements._unmount (package:flutter/src/widgets/framework.dart:2113:13)
#210    _InactiveElements._unmount.<anonymous closure> (package:flutter/src/widgets/framework.dart:2115:7)
#211    SingleChildRenderObjectElement.visitChildren (package:flutter/src/widgets/framework.dart:7101:14)
#212    _InactiveElements._unmount (package:flutter/src/widgets/framework.dart:2113:13)
#213    _InactiveElements._unmount.<anonymous closure> (package:flutter/src/widgets/framework.dart:2115:7)
#214    ComponentElement.visitChildren (package:flutter/src/widgets/framework.dart:5871:14)
#215    _InactiveElements._unmount (package:flutter/src/widgets/framework.dart:2113:13)
#216    _InactiveElements._unmount.<anonymous closure> (package:flutter/src/widgets/framework.dart:2115:7)
#217    ComponentElement.visitChildren (package:flutter/src/widgets/framework.dart:5871:14)
#218    _InactiveElements._unmount (package:flutter/src/widgets/framework.dart:2113:13)
#219    _InactiveElements._unmount.<anonymous closure> (package:flutter/src/widgets/framework.dart:2115:7)
#220    ComponentElement.visitChildren (package:flutter/src/widgets/framework.dart:5871:14)
#221    _InactiveElements._unmount (package:flutter/src/widgets/framework.dart:2113:13)
#222    _InactiveElements._unmount.<anonymous closure> (package:flutter/src/widgets/framework.dart:2115:7)
#223    ComponentElement.visitChildren (package:flutter/src/widgets/framework.dart:5871:14)
#224    _InactiveElements._unmount (package:flutter/src/widgets/framework.dart:2113:13)
#225    _InactiveElements._unmount.<anonymous closure> (package:flutter/src/widgets/framework.dart:2115:7)
#226    ComponentElement.visitChildren (package:flutter/src/widgets/framework.dart:5871:14)
#227    _InactiveElements._unmount (package:flutter/src/widgets/framework.dart:2113:13)
#228    _InactiveElements._unmount.<anonymous closure> (package:flutter/src/widgets/framework.dart:2115:7)
#229    SingleChildRenderObjectElement.visitChildren (package:flutter/src/widgets/framework.dart:7101:14)
#230    _InactiveElements._unmount (package:flutter/src/widgets/framework.dart:2113:13)
#231    _InactiveElements._unmount.<anonymous closure> (package:flutter/src/widgets/framework.dart:2115:7)
#232    ComponentElement.visitChildren (package:flutter/src/widgets/framework.dart:5871:14)
#233    _InactiveElements._unmount (package:flutter/src/widgets/framework.dart:2113:13)
#234    _InactiveElements._unmount.<anonymous closure> (package:flutter/src/widgets/framework.dart:2115:7)
#235    ComponentElement.visitChildren (package:flutter/src/widgets/framework.dart:5871:14)
#236    _InactiveElements._unmount (package:flutter/src/widgets/framework.dart:2113:13)
#237    _InactiveElements._unmount.<anonymous closure> (package:flutter/src/widgets/framework.dart:2115:7)
#238    ComponentElement.visitChildren (package:flutter/src/widgets/framework.dart:5871:14)
#239    _InactiveElements._unmount (package:flutter/src/widgets/framework.dart:2113:13)
#240    _InactiveElements._unmount.<anonymous closure> (package:flutter/src/widgets/framework.dart:2115:7)
#241    ComponentElement.visitChildren (package:flutter/src/widgets/framework.dart:5871:14)
#242    _InactiveElements._unmount (package:flutter/src/widgets/framework.dart:2113:13)
#243    _InactiveElements._unmount.<anonymous closure> (package:flutter/src/widgets/framework.dart:2115:7)
#244    ComponentElement.visitChildren (package:flutter/src/widgets/framework.dart:5871:14)
#245    _InactiveElements._unmount (package:flutter/src/widgets/framework.dart:2113:13)
#246    _InactiveElements._unmount.<anonymous closure> (package:flutter/src/widgets/framework.dart:2115:7)
#247    MultiChildRenderObjectElement.visitChildren (package:flutter/src/widgets/framework.dart:7223:16)
#248    _InactiveElements._unmount (package:flutter/src/widgets/framework.dart:2113:13)
#249    _InactiveElements._unmount.<anonymous closure> (package:flutter/src/widgets/framework.dart:2115:7)
#250    ComponentElement.visitChildren (package:flutter/src/widgets/framework.dart:5871:14)
#251    _InactiveElements._unmount (package:flutter/src/widgets/framework.dart:2113:13)
#252    _InactiveElements._unmount.<anonymous closure> (package:flutter/src/widgets/framework.dart:2115:7)
#253    ComponentElement.visitChildren (package:flutter/src/widgets/framework.dart:5871:14)
#254    _InactiveElements._unmount (package:flutter/src/widgets/framework.dart:2113:13)
#255    _InactiveElements._unmount.<anonymous closure> (package:flutter/src/widgets/framework.dart:2115:7)
#256    ComponentElement.visitChildren (package:flutter/src/widgets/framework.dart:5871:14)
#257    _InactiveElements._unmount (package:flutter/src/widgets/framework.dart:2113:13)
#258    _InactiveElements._unmount.<anonymous closure> (package:flutter/src/widgets/framework.dart:2115:7)
#259    ComponentElement.visitChildren (package:flutter/src/widgets/framework.dart:5871:14)
#260    _InactiveElements._unmount (package:flutter/src/widgets/framework.dart:2113:13)
#261    _InactiveElements._unmount.<anonymous closure> (package:flutter/src/widgets/framework.dart:2115:7)
#262    ComponentElement.visitChildren (package:flutter/src/widgets/framework.dart:5871:14)
#263    _InactiveElements._unmount (package:flutter/src/widgets/framework.dart:2113:13)
#264    _InactiveElements._unmount.<anonymous closure> (package:flutter/src/widgets/framework.dart:2115:7)
#265    ComponentElement.visitChildren (package:flutter/src/widgets/framework.dart:5871:14)
#266    _InactiveElements._unmount (package:flutter/src/widgets/framework.dart:2113:13)
#267    _InactiveElements._unmount.<anonymous closure> (package:flutter/src/widgets/framework.dart:2115:7)
#268    ComponentElement.visitChildren (package:flutter/src/widgets/framework.dart:5871:14)
#269    _InactiveElements._unmount (package:flutter/src/widgets/framework.dart:2113:13)
#270    _InactiveElements._unmount.<anonymous closure> (package:flutter/src/widgets/framework.dart:2115:7)
#271    SingleChildRenderObjectElement.visitChildren (package:flutter/src/widgets/framework.dart:7101:14)
#272    _InactiveElements._unmount (package:flutter/src/widgets/framework.dart:2113:13)
#273    _InactiveElements._unmount.<anonymous closure> (package:flutter/src/widgets/framework.dart:2115:7)
#274    SingleChildRenderObjectElement.visitChildren (package:flutter/src/widgets/framework.dart:7101:14)
#275    _InactiveElements._unmount (package:flutter/src/widgets/framework.dart:2113:13)
#276    _InactiveElements._unmount.<anonymous closure> (package:flutter/src/widgets/framework.dart:2115:7)
#277    ComponentElement.visitChildren (package:flutter/src/widgets/framework.dart:5871:14)
#278    _InactiveElements._unmount (package:flutter/src/widgets/framework.dart:2113:13)
#279    _InactiveElements._unmount.<anonymous closure> (package:flutter/src/widgets/framework.dart:2115:7)
#280    ComponentElement.visitChildren (package:flutter/src/widgets/framework.dart:5871:14)
#281    _InactiveElements._unmount (package:flutter/src/widgets/framework.dart:2113:13)
#282    _InactiveElements._unmount.<anonymous closure> (package:flutter/src/widgets/framework.dart:2115:7)
#283    ComponentElement.visitChildren (package:flutter/src/widgets/framework.dart:5871:14)
#284    _InactiveElements._unmount (package:flutter/src/widgets/framework.dart:2113:13)
#285    _InactiveElements._unmount.<anonymous closure> (package:flutter/src/widgets/framework.dart:2115:7)
#286    ComponentElement.visitChildren (package:flutter/src/widgets/framework.dart:5871:14)
#287    _InactiveElements._unmount (package:flutter/src/widgets/framework.dart:2113:13)
#288    _InactiveElements._unmount.<anonymous closure> (package:flutter/src/widgets/framework.dart:2115:7)
#289    SingleChildRenderObjectElement.visitChildren (package:flutter/src/widgets/framework.dart:7101:14)
#290    _InactiveElements._unmount (package:flutter/src/widgets/framework.dart:2113:13)
#291    _InactiveElements._unmount.<anonymous closure> (package:flutter/src/widgets/framework.dart:2115:7)
#292    ComponentElement.visitChildren (package:flutter/src/widgets/framework.dart:5871:14)
#293    _InactiveElements._unmount (package:flutter/src/widgets/framework.dart:2113:13)
#294    _InactiveElements._unmount.<anonymous closure> (package:flutter/src/widgets/framework.dart:2115:7)
#295    ComponentElement.visitChildren (package:flutter/src/widgets/framework.dart:5871:14)
#296    _InactiveElements._unmount (package:flutter/src/widgets/framework.dart:2113:13)
#297    _InactiveElements._unmount.<anonymous closure> (package:flutter/src/widgets/framework.dart:2115:7)
#298    ComponentElement.visitChildren (package:flutter/src/widgets/framework.dart:5871:14)
#299    _InactiveElements._unmount (package:flutter/src/widgets/framework.dart:2113:13)
#300    _InactiveElements._unmount.<anonymous closure> (package:flutter/src/widgets/framework.dart:2115:7)
#301    ComponentElement.visitChildren (package:flutter/src/widgets/framework.dart:5871:14)
#302    _InactiveElements._unmount (package:flutter/src/widgets/framework.dart:2113:13)
#303    _InactiveElements._unmount.<anonymous closure> (package:flutter/src/widgets/framework.dart:2115:7)
#304    ComponentElement.visitChildren (package:flutter/src/widgets/framework.dart:5871:14)
#305    _InactiveElements._unmount (package:flutter/src/widgets/framework.dart:2113:13)
#306    _InactiveElements._unmount.<anonymous closure> (package:flutter/src/widgets/framework.dart:2115:7)
#307    ComponentElement.visitChildren (package:flutter/src/widgets/framework.dart:5871:14)
#308    _InactiveElements._unmount (package:flutter/src/widgets/framework.dart:2113:13)
#309    _InactiveElements._unmount.<anonymous closure> (package:flutter/src/widgets/framework.dart:2115:7)
#310    ComponentElement.visitChildren (package:flutter/src/widgets/framework.dart:5871:14)
#311    _InactiveElements._unmount (package:flutter/src/widgets/framework.dart:2113:13)
#312    _InactiveElements._unmount.<anonymous closure> (package:flutter/src/widgets/framework.dart:2115:7)
#313    ComponentElement.visitChildren (package:flutter/src/widgets/framework.dart:5871:14)
#314    _InactiveElements._unmount (package:flutter/src/widgets/framework.dart:2113:13)
#315    _InactiveElements._unmount.<anonymous closure> (package:flutter/src/widgets/framework.dart:2115:7)
#316    ComponentElement.visitChildren (package:flutter/src/widgets/framework.dart:5871:14)
#317    _InactiveElements._unmount (package:flutter/src/widgets/framework.dart:2113:13)
#318    _InactiveElements._unmount.<anonymous closure> (package:flutter/src/widgets/framework.dart:2115:7)
#319    ComponentElement.visitChildren (package:flutter/src/widgets/framework.dart:5871:14)
#320    _InactiveElements._unmount (package:flutter/src/widgets/framework.dart:2113:13)
#321    _InactiveElements._unmount.<anonymous closure> (package:flutter/src/widgets/framework.dart:2115:7)
#322    ComponentElement.visitChildren (package:flutter/src/widgets/framework.dart:5871:14)
#323    _InactiveElements._unmount (package:flutter/src/widgets/framework.dart:2113:13)
#324    _InactiveElements._unmount.<anonymous closure> (package:flutter/src/widgets/framework.dart:2115:7)
#325    ComponentElement.visitChildren (package:flutter/src/widgets/framework.dart:5871:14)
#326    _InactiveElements._unmount (package:flutter/src/widgets/framework.dart:2113:13)
#327    _InactiveElements._unmount.<anonymous closure> (package:flutter/src/widgets/framework.dart:2115:7)
#328    ComponentElement.visitChildren (package:flutter/src/widgets/framework.dart:5871:14)
#329    _InactiveElements._unmount (package:flutter/src/widgets/framework.dart:2113:13)
#330    _InactiveElements._unmount.<anonymous closure> (package:flutter/src/widgets/framework.dart:2115:7)
#331    ComponentElement.visitChildren (package:flutter/src/widgets/framework.dart:5871:14)
#332    _InactiveElements._unmount (package:flutter/src/widgets/framework.dart:2113:13)
#333    _InactiveElements._unmount.<anonymous closure> (package:flutter/src/widgets/framework.dart:2115:7)
#334    ComponentElement.visitChildren (package:flutter/src/widgets/framework.dart:5871:14)
#335    _InactiveElements._unmount (package:flutter/src/widgets/framework.dart:2113:13)
#336    _InactiveElements._unmount.<anonymous closure> (package:flutter/src/widgets/framework.dart:2115:7)
#337    SingleChildRenderObjectElement.visitChildren (package:flutter/src/widgets/framework.dart:7101:14)
#338    _InactiveElements._unmount (package:flutter/src/widgets/framework.dart:2113:13)
#339    _InactiveElements._unmount.<anonymous closure> (package:flutter/src/widgets/framework.dart:2115:7)
#340    ComponentElement.visitChildren (package:flutter/src/widgets/framework.dart:5871:14)
#341    _InactiveElements._unmount (package:flutter/src/widgets/framework.dart:2113:13)
#342    _InactiveElements._unmount.<anonymous closure> (package:flutter/src/widgets/framework.dart:2115:7)
#343    ComponentElement.visitChildren (package:flutter/src/widgets/framework.dart:5871:14)
#344    _InactiveElements._unmount (package:flutter/src/widgets/framework.dart:2113:13)
#345    _InactiveElements._unmount.<anonymous closure> (package:flutter/src/widgets/framework.dart:2115:7)
#346    ComponentElement.visitChildren (package:flutter/src/widgets/framework.dart:5871:14)
#347    _InactiveElements._unmount (package:flutter/src/widgets/framework.dart:2113:13)
#348    _InactiveElements._unmount.<anonymous closure> (package:flutter/src/widgets/framework.dart:2115:7)
#349    ComponentElement.visitChildren (package:flutter/src/widgets/framework.dart:5871:14)
#350    _InactiveElements._unmount (package:flutter/src/widgets/framework.dart:2113:13)
#351    _InactiveElements._unmount.<anonymous closure> (package:flutter/src/widgets/framework.dart:2115:7)
#352    ComponentElement.visitChildren (package:flutter/src/widgets/framework.dart:5871:14)
#353    _InactiveElements._unmount (package:flutter/src/widgets/framework.dart:2113:13)
#354    _InactiveElements._unmount.<anonymous closure> (package:flutter/src/widgets/framework.dart:2115:7)
#355    SingleChildRenderObjectElement.visitChildren (package:flutter/src/widgets/framework.dart:7101:14)
#356    _InactiveElements._unmount (package:flutter/src/widgets/framework.dart:2113:13)
#357    _InactiveElements._unmount.<anonymous closure> (package:flutter/src/widgets/framework.dart:2115:7)
#358    ComponentElement.visitChildren (package:flutter/src/widgets/framework.dart:5871:14)
#359    _InactiveElements._unmount (package:flutter/src/widgets/framework.dart:2113:13)
#360    _InactiveElements._unmount.<anonymous closure> (package:flutter/src/widgets/framework.dart:2115:7)
#361    ComponentElement.visitChildren (package:flutter/src/widgets/framework.dart:5871:14)
#362    _InactiveElements._unmount (package:flutter/src/widgets/framework.dart:2113:13)
#363    _InactiveElements._unmount.<anonymous closure> (package:flutter/src/widgets/framework.dart:2115:7)
#364    SingleChildRenderObjectElement.visitChildren (package:flutter/src/widgets/framework.dart:7101:14)
#365    _InactiveElements._unmount (package:flutter/src/widgets/framework.dart:2113:13)
#366    _InactiveElements._unmount.<anonymous closure> (package:flutter/src/widgets/framework.dart:2115:7)
#367    ComponentElement.visitChildren (package:flutter/src/widgets/framework.dart:5871:14)
#368    _InactiveElements._unmount (package:flutter/src/widgets/framework.dart:2113:13)
#369    _InactiveElements._unmount.<anonymous closure> (package:flutter/src/widgets/framework.dart:2115:7)
#370    ComponentElement.visitChildren (package:flutter/src/widgets/framework.dart:5871:14)
#371    _InactiveElements._unmount (package:flutter/src/widgets/framework.dart:2113:13)
#372    _InactiveElements._unmount.<anonymous closure> (package:flutter/src/widgets/framework.dart:2115:7)
#373    ComponentElement.visitChildren (package:flutter/src/widgets/framework.dart:5871:14)
#374    _InactiveElements._unmount (package:flutter/src/widgets/framework.dart:2113:13)
#375    _InactiveElements._unmount.<anonymous closure> (package:flutter/src/widgets/framework.dart:2115:7)
#376    ComponentElement.visitChildren (package:flutter/src/widgets/framework.dart:5871:14)
#377    _InactiveElements._unmount (package:flutter/src/widgets/framework.dart:2113:13)
#378    _InactiveElements._unmount.<anonymous closure> (package:flutter/src/widgets/framework.dart:2115:7)
#379    ComponentElement.visitChildren (package:flutter/src/widgets/framework.dart:5871:14)
#380    _InactiveElements._unmount (package:flutter/src/widgets/framework.dart:2113:13)
#381    _InactiveElements._unmount.<anonymous closure> (package:flutter/src/widgets/framework.dart:2115:7)
#382    SingleChildRenderObjectElement.visitChildren (package:flutter/src/widgets/framework.dart:7101:14)
#383    _InactiveElements._unmount (package:flutter/src/widgets/framework.dart:2113:13)
#384    _InactiveElements._unmount.<anonymous closure> (package:flutter/src/widgets/framework.dart:2115:7)
#385    ComponentElement.visitChildren (package:flutter/src/widgets/framework.dart:5871:14)
#386    _InactiveElements._unmount (package:flutter/src/widgets/framework.dart:2113:13)
#387    _InactiveElements._unmount.<anonymous closure> (package:flutter/src/widgets/framework.dart:2115:7)
#388    ComponentElement.visitChildren (package:flutter/src/widgets/framework.dart:5871:14)
#389    _InactiveElements._unmount (package:flutter/src/widgets/framework.dart:2113:13)
#390    _InactiveElements._unmount.<anonymous closure> (package:flutter/src/widgets/framework.dart:2115:7)
#391    ComponentElement.visitChildren (package:flutter/src/widgets/framework.dart:5871:14)
#392    _InactiveElements._unmount (package:flutter/src/widgets/framework.dart:2113:13)
#393    _InactiveElements._unmount.<anonymous closure> (package:flutter/src/widgets/framework.dart:2115:7)
#394    ComponentElement.visitChildren (package:flutter/src/widgets/framework.dart:5871:14)
#395    _InactiveElements._unmount (package:flutter/src/widgets/framework.dart:2113:13)
#396    _InactiveElements._unmount.<anonymous closure> (package:flutter/src/widgets/framework.dart:2115:7)
#397    ComponentElement.visitChildren (package:flutter/src/widgets/framework.dart:5871:14)
#398    _InactiveElements._unmount (package:flutter/src/widgets/framework.dart:2113:13)
#399    _InactiveElements._unmount.<anonymous closure> (package:flutter/src/widgets/framework.dart:2115:7)
#400    SingleChildRenderObjectElement.visitChildren (package:flutter/src/widgets/framework.dart:7101:14)
#401    _InactiveElements._unmount (package:flutter/src/widgets/framework.dart:2113:13)
#402    _InactiveElements._unmount.<anonymous closure> (package:flutter/src/widgets/framework.dart:2115:7)
#403    ComponentElement.visitChildren (package:flutter/src/widgets/framework.dart:5871:14)
#404    _InactiveElements._unmount (package:flutter/src/widgets/framework.dart:2113:13)
#405    _InactiveElements._unmount.<anonymous closure> (package:flutter/src/widgets/framework.dart:2115:7)
#406    ComponentElement.visitChildren (package:flutter/src/widgets/framework.dart:5871:14)
#407    _InactiveElements._unmount (package:flutter/src/widgets/framework.dart:2113:13)
#408    _InactiveElements._unmount.<anonymous closure> (package:flutter/src/widgets/framework.dart:2115:7)
#409    ComponentElement.visitChildren (package:flutter/src/widgets/framework.dart:5871:14)
#410    _InactiveElements._unmount (package:flutter/src/widgets/framework.dart:2113:13)
#411    _InactiveElements._unmount.<anonymous closure> (package:flutter/src/widgets/framework.dart:2115:7)
#412    ComponentElement.visitChildren (package:flutter/src/widgets/framework.dart:5871:14)
#413    _InactiveElements._unmount (package:flutter/src/widgets/framework.dart:2113:13)
#414    _InactiveElements._unmount.<anonymous closure> (package:flutter/src/widgets/framework.dart:2115:7)
#415    SingleChildRenderObjectElement.visitChildren (package:flutter/src/widgets/framework.dart:7101:14)
#416    _InactiveElements._unmount (package:flutter/src/widgets/framework.dart:2113:13)
#417    _InactiveElements._unmount.<anonymous closure> (package:flutter/src/widgets/framework.dart:2115:7)
#418    ComponentElement.visitChildren (package:flutter/src/widgets/framework.dart:5871:14)
#419    _InactiveElements._unmount (package:flutter/src/widgets/framework.dart:2113:13)
#420    _InactiveElements._unmount.<anonymous closure> (package:flutter/src/widgets/framework.dart:2115:7)
#421    ComponentElement.visitChildren (package:flutter/src/widgets/framework.dart:5871:14)
#422    _InactiveElements._unmount (package:flutter/src/widgets/framework.dart:2113:13)
#423    _InactiveElements._unmount.<anonymous closure> (package:flutter/src/widgets/framework.dart:2115:7)
#424    ComponentElement.visitChildren (package:flutter/src/widgets/framework.dart:5871:14)
#425    _InactiveElements._unmount (package:flutter/src/widgets/framework.dart:2113:13)
#426    _InactiveElements._unmount.<anonymous closure> (package:flutter/src/widgets/framework.dart:2115:7)
#427    ComponentElement.visitChildren (package:flutter/src/widgets/framework.dart:5871:14)
#428    _InactiveElements._unmount (package:flutter/src/widgets/framework.dart:2113:13)
#429    _InactiveElements._unmount.<anonymous closure> (package:flutter/src/widgets/framework.dart:2115:7)
#430    ComponentElement.visitChildren (package:flutter/src/widgets/framework.dart:5871:14)
#431    _InactiveElements._unmount (package:flutter/src/widgets/framework.dart:2113:13)
#432    _InactiveElements._unmount.<anonymous closure> (package:flutter/src/widgets/framework.dart:2115:7)
#433    ComponentElement.visitChildren (package:flutter/src/widgets/framework.dart:5871:14)
#434    _InactiveElements._unmount (package:flutter/src/widgets/framework.dart:2113:13)
#435    _InactiveElements._unmount.<anonymous closure> (package:flutter/src/widgets/framework.dart:2115:7)
#436    ComponentElement.visitChildren (package:flutter/src/widgets/framework.dart:5871:14)
#437    _InactiveElements._unmount (package:flutter/src/widgets/framework.dart:2113:13)
#438    _InactiveElements._unmount.<anonymous closure> (package:flutter/src/widgets/framework.dart:2115:7)
#439    ComponentElement.visitChildren (package:flutter/src/widgets/framework.dart:5871:14)
#440    _InactiveElements._unmount (package:flutter/src/widgets/framework.dart:2113:13)
#441    _InactiveElements._unmount.<anonymous closure> (package:flutter/src/widgets/framework.dart:2115:7)
#442    ComponentElement.visitChildren (package:flutter/src/widgets/framework.dart:5871:14)
#443    _InactiveElements._unmount (package:flutter/src/widgets/framework.dart:2113:13)
#444    _InactiveElements._unmount.<anonymous closure> (package:flutter/src/widgets/framework.dart:2115:7)
#445    ComponentElement.visitChildren (package:flutter/src/widgets/framework.dart:5871:14)
#446    _InactiveElements._unmount (package:flutter/src/widgets/framework.dart:2113:13)
#447    _InactiveElements._unmount.<anonymous closure> (package:flutter/src/widgets/framework.dart:2115:7)
#448    ComponentElement.visitChildren (package:flutter/src/widgets/framework.dart:5871:14)
#449    _InactiveElements._unmount (package:flutter/src/widgets/framework.dart:2113:13)
#450    _InactiveElements._unmount.<anonymous closure> (package:flutter/src/widgets/framework.dart:2115:7)
#451    ComponentElement.visitChildren (package:flutter/src/widgets/framework.dart:5871:14)
#452    _InactiveElements._unmount (package:flutter/src/widgets/framework.dart:2113:13)
#453    _InactiveElements._unmount.<anonymous closure> (package:flutter/src/widgets/framework.dart:2115:7)
#454    ComponentElement.visitChildren (package:flutter/src/widgets/framework.dart:5871:14)
#455    _InactiveElements._unmount (package:flutter/src/widgets/framework.dart:2113:13)
#456    _InactiveElements._unmount.<anonymous closure> (package:flutter/src/widgets/framework.dart:2115:7)
#457    ComponentElement.visitChildren (package:flutter/src/widgets/framework.dart:5871:14)
#458    _InactiveElements._unmount (package:flutter/src/widgets/framework.dart:2113:13)
#459    _InactiveElements._unmount.<anonymous closure> (package:flutter/src/widgets/framework.dart:2115:7)
#460    ComponentElement.visitChildren (package:flutter/src/widgets/framework.dart:5871:14)
#461    _InactiveElements._unmount (package:flutter/src/widgets/framework.dart:2113:13)
#462    ListIterable.forEach (dart:_internal/iterable.dart:49:13)
#463    _InactiveElements._unmountAll (package:flutter/src/widgets/framework.dart:2126:25)
#464    BuildOwner.lockState (package:flutter/src/widgets/framework.dart:3020:15)
#465    BuildOwner.finalizeTree (package:flutter/src/widgets/framework.dart:3344:7)
#466    AutomatedTestWidgetsFlutterBinding.drawFrame (package:flutter_test/src/binding.dart:2153:19)
#467    RendererBinding._handlePersistentFrameCallback (package:flutter/src/rendering/binding.dart:495:5)
#468    SchedulerBinding._invokeFrameCallback (package:flutter/src/scheduler/binding.dart:1430:15)
#469    SchedulerBinding.handleDrawFrame (package:flutter/src/scheduler/binding.dart:1345:9)
#470    AutomatedTestWidgetsFlutterBinding.scheduleWarmUpFrame (package:flutter_test/src/binding.dart:2057:5)
#471    _runWidget (package:flutter/src/widgets/binding.dart:1683:7)
#472    runApp (package:flutter/src/widgets/binding.dart:1616:3)
#473    TestWidgetsFlutterBinding._runTestBody (package:flutter_test/src/binding.dart:1689:7)
<asynchronous suspension>
<asynchronous suspension>
(elided 12 frames from dart:async and package:stack_trace)

Timer (duration: 0:00:00.000000, periodic: false), created:
#0      new FakeTimer._ (package:fake_async/fake_async.dart:342:62)
#1      FakeAsync._createTimer (package:fake_async/fake_async.dart:260:29)
#2      FakeAsync.run.<anonymous closure> (package:fake_async/fake_async.dart:185:15)
#6      StreamQueryStore.markAsClosed (package:drift/src/runtime/executor/stream_queries.dart:156:11)
#7      QueryStream._onCancelOrPause (package:drift/src/runtime/executor/stream_queries.dart:305:14)
#8      QueryStream._stream.<anonymous closure>.<anonymous closure> (package:drift/src/runtime/executor/stream_queries.dart:238:9)
#17     _StreamBuilderBaseState._unsubscribe (package:flutter/src/widgets/async.dart:156:22)
#18     _StreamBuilderBaseState.dispose (package:flutter/src/widgets/async.dart:127:5)
#19     StatefulElement.unmount (package:flutter/src/widgets/framework.dart:6030:11)
#20     _InactiveElements._unmount (package:flutter/src/widgets/framework.dart:2117:13)
#21     _InactiveElements._unmount.<anonymous closure> (package:flutter/src/widgets/framework.dart:2115:7)
#22     SingleChildRenderObjectElement.visitChildren (package:flutter/src/widgets/framework.dart:7101:14)
#23     _InactiveElements._unmount (package:flutter/src/widgets/framework.dart:2113:13)
#24     _InactiveElements._unmount.<anonymous closure> (package:flutter/src/widgets/framework.dart:2115:7)
#25     SingleChildRenderObjectElement.visitChildren (package:flutter/src/widgets/framework.dart:7101:14)
#26     _InactiveElements._unmount (package:flutter/src/widgets/framework.dart:2113:13)
#27     _InactiveElements._unmount.<anonymous closure> (package:flutter/src/widgets/framework.dart:2115:7)
#28     ComponentElement.visitChildren (package:flutter/src/widgets/framework.dart:5871:14)
#29     _InactiveElements._unmount (package:flutter/src/widgets/framework.dart:2113:13)
#30     _InactiveElements._unmount.<anonymous closure> (package:flutter/src/widgets/framework.dart:2115:7)
#31     SingleChildRenderObjectElement.visitChildren (package:flutter/src/widgets/framework.dart:7101:14)
#32     _InactiveElements._unmount (package:flutter/src/widgets/framework.dart:2113:13)
#33     _InactiveElements._unmount.<anonymous closure> (package:flutter/src/widgets/framework.dart:2115:7)
#34     ComponentElement.visitChildren (package:flutter/src/widgets/framework.dart:5871:14)
#35     _InactiveElements._unmount (package:flutter/src/widgets/framework.dart:2113:13)
#36     _InactiveElements._unmount.<anonymous closure> (package:flutter/src/widgets/framework.dart:2115:7)
#37     ComponentElement.visitChildren (package:flutter/src/widgets/framework.dart:5871:14)
#38     _InactiveElements._unmount (package:flutter/src/widgets/framework.dart:2113:13)
#39     _InactiveElements._unmount.<anonymous closure> (package:flutter/src/widgets/framework.dart:2115:7)
#40     ComponentElement.visitChildren (package:flutter/src/widgets/framework.dart:5871:14)
#41     _InactiveElements._unmount (package:flutter/src/widgets/framework.dart:2113:13)
#42     _InactiveElements._unmount.<anonymous closure> (package:flutter/src/widgets/framework.dart:2115:7)
#43     ComponentElement.visitChildren (package:flutter/src/widgets/framework.dart:5871:14)
#44     _InactiveElements._unmount (package:flutter/src/widgets/framework.dart:2113:13)
#45     _InactiveElements._unmount.<anonymous closure> (package:flutter/src/widgets/framework.dart:2115:7)
#46     ComponentElement.visitChildren (package:flutter/src/widgets/framework.dart:5871:14)
#47     _InactiveElements._unmount (package:flutter/src/widgets/framework.dart:2113:13)
#48     _InactiveElements._unmount.<anonymous closure> (package:flutter/src/widgets/framework.dart:2115:7)
#49     ComponentElement.visitChildren (package:flutter/src/widgets/framework.dart:5871:14)
#50     _InactiveElements._unmount (package:flutter/src/widgets/framework.dart:2113:13)
#51     _InactiveElements._unmount.<anonymous closure> (package:flutter/src/widgets/framework.dart:2115:7)
#52     MultiChildRenderObjectElement.visitChildren (package:flutter/src/widgets/framework.dart:7223:16)
#53     _InactiveElements._unmount (package:flutter/src/widgets/framework.dart:2113:13)
#54     _InactiveElements._unmount.<anonymous closure> (package:flutter/src/widgets/framework.dart:2115:7)
#55     ComponentElement.visitChildren (package:flutter/src/widgets/framework.dart:5871:14)
#56     _InactiveElements._unmount (package:flutter/src/widgets/framework.dart:2113:13)
#57     _InactiveElements._unmount.<anonymous closure> (package:flutter/src/widgets/framework.dart:2115:7)
#58     ComponentElement.visitChildren (package:flutter/src/widgets/framework.dart:5871:14)
#59     _InactiveElements._unmount (package:flutter/src/widgets/framework.dart:2113:13)
#60     _InactiveElements._unmount.<anonymous closure> (package:flutter/src/widgets/framework.dart:2115:7)
#61     ComponentElement.visitChildren (package:flutter/src/widgets/framework.dart:5871:14)
#62     _InactiveElements._unmount (package:flutter/src/widgets/framework.dart:2113:13)
#63     _InactiveElements._unmount.<anonymous closure> (package:flutter/src/widgets/framework.dart:2115:7)
#64     ComponentElement.visitChildren (package:flutter/src/widgets/framework.dart:5871:14)
#65     _InactiveElements._unmount (package:flutter/src/widgets/framework.dart:2113:13)
#66     _InactiveElements._unmount.<anonymous closure> (package:flutter/src/widgets/framework.dart:2115:7)
#67     ComponentElement.visitChildren (package:flutter/src/widgets/framework.dart:5871:14)
#68     _InactiveElements._unmount (package:flutter/src/widgets/framework.dart:2113:13)
#69     _InactiveElements._unmount.<anonymous closure> (package:flutter/src/widgets/framework.dart:2115:7)
#70     SingleChildRenderObjectElement.visitChildren (package:flutter/src/widgets/framework.dart:7101:14)
#71     _InactiveElements._unmount (package:flutter/src/widgets/framework.dart:2113:13)
#72     _InactiveElements._unmount.<anonymous closure> (package:flutter/src/widgets/framework.dart:2115:7)
#73     ComponentElement.visitChildren (package:flutter/src/widgets/framework.dart:5871:14)
#74     _InactiveElements._unmount (package:flutter/src/widgets/framework.dart:2113:13)
#75     _InactiveElements._unmount.<anonymous closure> (package:flutter/src/widgets/framework.dart:2115:7)
#76     SingleChildRenderObjectElement.visitChildren (package:flutter/src/widgets/framework.dart:7101:14)
#77     _InactiveElements._unmount (package:flutter/src/widgets/framework.dart:2113:13)
#78     _InactiveElements._unmount.<anonymous closure> (package:flutter/src/widgets/framework.dart:2115:7)
#79     ComponentElement.visitChildren (package:flutter/src/widgets/framework.dart:5871:14)
#80     _InactiveElements._unmount (package:flutter/src/widgets/framework.dart:2113:13)
#81     _InactiveElements._unmount.<anonymous closure> (package:flutter/src/widgets/framework.dart:2115:7)
#82     ComponentElement.visitChildren (package:flutter/src/widgets/framework.dart:5871:14)
#83     _InactiveElements._unmount (package:flutter/src/widgets/framework.dart:2113:13)
#84     _InactiveElements._unmount.<anonymous closure> (package:flutter/src/widgets/framework.dart:2115:7)
#85     ComponentElement.visitChildren (package:flutter/src/widgets/framework.dart:5871:14)
#86     _InactiveElements._unmount (package:flutter/src/widgets/framework.dart:2113:13)
#87     _InactiveElements._unmount.<anonymous closure> (package:flutter/src/widgets/framework.dart:2115:7)
#88     ComponentElement.visitChildren (package:flutter/src/widgets/framework.dart:5871:14)
#89     _InactiveElements._unmount (package:flutter/src/widgets/framework.dart:2113:13)
#90     _InactiveElements._unmount.<anonymous closure> (package:flutter/src/widgets/framework.dart:2115:7)
#91     ComponentElement.visitChildren (package:flutter/src/widgets/framework.dart:5871:14)
#92     _InactiveElements._unmount (package:flutter/src/widgets/framework.dart:2113:13)
#93     _InactiveElements._unmount.<anonymous closure> (package:flutter/src/widgets/framework.dart:2115:7)
#94     ComponentElement.visitChildren (package:flutter/src/widgets/framework.dart:5871:14)
#95     _InactiveElements._unmount (package:flutter/src/widgets/framework.dart:2113:13)
#96     _InactiveElements._unmount.<anonymous closure> (package:flutter/src/widgets/framework.dart:2115:7)
#97     ComponentElement.visitChildren (package:flutter/src/widgets/framework.dart:5871:14)
#98     _InactiveElements._unmount (package:flutter/src/widgets/framework.dart:2113:13)
#99     _InactiveElements._unmount.<anonymous closure> (package:flutter/src/widgets/framework.dart:2115:7)
#100    ComponentElement.visitChildren (package:flutter/src/widgets/framework.dart:5871:14)
#101    _InactiveElements._unmount (package:flutter/src/widgets/framework.dart:2113:13)
#102    _InactiveElements._unmount.<anonymous closure> (package:flutter/src/widgets/framework.dart:2115:7)
#103    ComponentElement.visitChildren (package:flutter/src/widgets/framework.dart:5871:14)
#104    _InactiveElements._unmount (package:flutter/src/widgets/framework.dart:2113:13)
#105    _InactiveElements._unmount.<anonymous closure> (package:flutter/src/widgets/framework.dart:2115:7)
#106    SingleChildRenderObjectElement.visitChildren (package:flutter/src/widgets/framework.dart:7101:14)
#107    _InactiveElements._unmount (package:flutter/src/widgets/framework.dart:2113:13)
#108    _InactiveElements._unmount.<anonymous closure> (package:flutter/src/widgets/framework.dart:2115:7)
#109    ComponentElement.visitChildren (package:flutter/src/widgets/framework.dart:5871:14)
#110    _InactiveElements._unmount (package:flutter/src/widgets/framework.dart:2113:13)
#111    _InactiveElements._unmount.<anonymous closure> (package:flutter/src/widgets/framework.dart:2115:7)
#112    SingleChildRenderObjectElement.visitChildren (package:flutter/src/widgets/framework.dart:7101:14)
#113    _InactiveElements._unmount (package:flutter/src/widgets/framework.dart:2113:13)
#114    _InactiveElements._unmount.<anonymous closure> (package:flutter/src/widgets/framework.dart:2115:7)
#115    SingleChildRenderObjectElement.visitChildren (package:flutter/src/widgets/framework.dart:7101:14)
#116    _InactiveElements._unmount (package:flutter/src/widgets/framework.dart:2113:13)
#117    _InactiveElements._unmount.<anonymous closure> (package:flutter/src/widgets/framework.dart:2115:7)
#118    ComponentElement.visitChildren (package:flutter/src/widgets/framework.dart:5871:14)
#119    _InactiveElements._unmount (package:flutter/src/widgets/framework.dart:2113:13)
#120    _InactiveElements._unmount.<anonymous closure> (package:flutter/src/widgets/framework.dart:2115:7)
#121    SingleChildRenderObjectElement.visitChildren (package:flutter/src/widgets/framework.dart:7101:14)
#122    _InactiveElements._unmount (package:flutter/src/widgets/framework.dart:2113:13)
#123    _InactiveElements._unmount.<anonymous closure> (package:flutter/src/widgets/framework.dart:2115:7)
#124    ComponentElement.visitChildren (package:flutter/src/widgets/framework.dart:5871:14)
#125    _InactiveElements._unmount (package:flutter/src/widgets/framework.dart:2113:13)
#126    _InactiveElements._unmount.<anonymous closure> (package:flutter/src/widgets/framework.dart:2115:7)
#127    SingleChildRenderObjectElement.visitChildren (package:flutter/src/widgets/framework.dart:7101:14)
#128    _InactiveElements._unmount (package:flutter/src/widgets/framework.dart:2113:13)
#129    _InactiveElements._unmount.<anonymous closure> (package:flutter/src/widgets/framework.dart:2115:7)
#130    SingleChildRenderObjectElement.visitChildren (package:flutter/src/widgets/framework.dart:7101:14)
#131    _InactiveElements._unmount (package:flutter/src/widgets/framework.dart:2113:13)
#132    _InactiveElements._unmount.<anonymous closure> (package:flutter/src/widgets/framework.dart:2115:7)
#133    ComponentElement.visitChildren (package:flutter/src/widgets/framework.dart:5871:14)
#134    _InactiveElements._unmount (package:flutter/src/widgets/framework.dart:2113:13)
#135    _InactiveElements._unmount.<anonymous closure> (package:flutter/src/widgets/framework.dart:2115:7)
#136    SingleChildRenderObjectElement.visitChildren (package:flutter/src/widgets/framework.dart:7101:14)
#137    _InactiveElements._unmount (package:flutter/src/widgets/framework.dart:2113:13)
#138    _InactiveElements._unmount.<anonymous closure> (package:flutter/src/widgets/framework.dart:2115:7)
#139    ComponentElement.visitChildren (package:flutter/src/widgets/framework.dart:5871:14)
#140    _InactiveElements._unmount (package:flutter/src/widgets/framework.dart:2113:13)
#141    _InactiveElements._unmount.<anonymous closure> (package:flutter/src/widgets/framework.dart:2115:7)
#142    SingleChildRenderObjectElement.visitChildren (package:flutter/src/widgets/framework.dart:7101:14)
#143    _InactiveElements._unmount (package:flutter/src/widgets/framework.dart:2113:13)
#144    _InactiveElements._unmount.<anonymous closure> (package:flutter/src/widgets/framework.dart:2115:7)
#145    SingleChildRenderObjectElement.visitChildren (package:flutter/src/widgets/framework.dart:7101:14)
#146    _InactiveElements._unmount (package:flutter/src/widgets/framework.dart:2113:13)
#147    _InactiveElements._unmount.<anonymous closure> (package:flutter/src/widgets/framework.dart:2115:7)
#148    ComponentElement.visitChildren (package:flutter/src/widgets/framework.dart:5871:14)
#149    _InactiveElements._unmount (package:flutter/src/widgets/framework.dart:2113:13)
#150    _InactiveElements._unmount.<anonymous closure> (package:flutter/src/widgets/framework.dart:2115:7)
#151    SingleChildRenderObjectElement.visitChildren (package:flutter/src/widgets/framework.dart:7101:14)
#152    _InactiveElements._unmount (package:flutter/src/widgets/framework.dart:2113:13)
#153    _InactiveElements._unmount.<anonymous closure> (package:flutter/src/widgets/framework.dart:2115:7)
#154    SingleChildRenderObjectElement.visitChildren (package:flutter/src/widgets/framework.dart:7101:14)
#155    _InactiveElements._unmount (package:flutter/src/widgets/framework.dart:2113:13)
#156    _InactiveElements._unmount.<anonymous closure> (package:flutter/src/widgets/framework.dart:2115:7)
#157    SingleChildRenderObjectElement.visitChildren (package:flutter/src/widgets/framework.dart:7101:14)
#158    _InactiveElements._unmount (package:flutter/src/widgets/framework.dart:2113:13)
#159    _InactiveElements._unmount.<anonymous closure> (package:flutter/src/widgets/framework.dart:2115:7)
#160    ComponentElement.visitChildren (package:flutter/src/widgets/framework.dart:5871:14)
#161    _InactiveElements._unmount (package:flutter/src/widgets/framework.dart:2113:13)
#162    _InactiveElements._unmount.<anonymous closure> (package:flutter/src/widgets/framework.dart:2115:7)
#163    SingleChildRenderObjectElement.visitChildren (package:flutter/src/widgets/framework.dart:7101:14)
#164    _InactiveElements._unmount (package:flutter/src/widgets/framework.dart:2113:13)
#165    _InactiveElements._unmount.<anonymous closure> (package:flutter/src/widgets/framework.dart:2115:7)
#166    ComponentElement.visitChildren (package:flutter/src/widgets/framework.dart:5871:14)
#167    _InactiveElements._unmount (package:flutter/src/widgets/framework.dart:2113:13)
#168    _InactiveElements._unmount.<anonymous closure> (package:flutter/src/widgets/framework.dart:2115:7)
#169    ComponentElement.visitChildren (package:flutter/src/widgets/framework.dart:5871:14)
#170    _InactiveElements._unmount (package:flutter/src/widgets/framework.dart:2113:13)
#171    _InactiveElements._unmount.<anonymous closure> (package:flutter/src/widgets/framework.dart:2115:7)
#172    ComponentElement.visitChildren (package:flutter/src/widgets/framework.dart:5871:14)
#173    _InactiveElements._unmount (package:flutter/src/widgets/framework.dart:2113:13)
#174    _InactiveElements._unmount.<anonymous closure> (package:flutter/src/widgets/framework.dart:2115:7)
#175    ComponentElement.visitChildren (package:flutter/src/widgets/framework.dart:5871:14)
#176    _InactiveElements._unmount (package:flutter/src/widgets/framework.dart:2113:13)
#177    _InactiveElements._unmount.<anonymous closure> (package:flutter/src/widgets/framework.dart:2115:7)
#178    ComponentElement.visitChildren (package:flutter/src/widgets/framework.dart:5871:14)
#179    _InactiveElements._unmount (package:flutter/src/widgets/framework.dart:2113:13)
#180    _InactiveElements._unmount.<anonymous closure> (package:flutter/src/widgets/framework.dart:2115:7)
#181    SingleChildRenderObjectElement.visitChildren (package:flutter/src/widgets/framework.dart:7101:14)
#182    _InactiveElements._unmount (package:flutter/src/widgets/framework.dart:2113:13)
#183    _InactiveElements._unmount.<anonymous closure> (package:flutter/src/widgets/framework.dart:2115:7)
#184    ComponentElement.visitChildren (package:flutter/src/widgets/framework.dart:5871:14)
#185    _InactiveElements._unmount (package:flutter/src/widgets/framework.dart:2113:13)
#186    _InactiveElements._unmount.<anonymous closure> (package:flutter/src/widgets/framework.dart:2115:7)
#187    SingleChildRenderObjectElement.visitChildren (package:flutter/src/widgets/framework.dart:7101:14)
#188    _InactiveElements._unmount (package:flutter/src/widgets/framework.dart:2113:13)
#189    _InactiveElements._unmount.<anonymous closure> (package:flutter/src/widgets/framework.dart:2115:7)
#190    ComponentElement.visitChildren (package:flutter/src/widgets/framework.dart:5871:14)
#191    _InactiveElements._unmount (package:flutter/src/widgets/framework.dart:2113:13)
#192    _InactiveElements._unmount.<anonymous closure> (package:flutter/src/widgets/framework.dart:2115:7)
#193    ComponentElement.visitChildren (package:flutter/src/widgets/framework.dart:5871:14)
#194    _InactiveElements._unmount (package:flutter/src/widgets/framework.dart:2113:13)
#195    _InactiveElements._unmount.<anonymous closure> (package:flutter/src/widgets/framework.dart:2115:7)
#196    ComponentElement.visitChildren (package:flutter/src/widgets/framework.dart:5871:14)
#197    _InactiveElements._unmount (package:flutter/src/widgets/framework.dart:2113:13)
#198    _InactiveElements._unmount.<anonymous closure> (package:flutter/src/widgets/framework.dart:2115:7)
#199    ComponentElement.visitChildren (package:flutter/src/widgets/framework.dart:5871:14)
#200    _InactiveElements._unmount (package:flutter/src/widgets/framework.dart:2113:13)
#201    _InactiveElements._unmount.<anonymous closure> (package:flutter/src/widgets/framework.dart:2115:7)
#202    ComponentElement.visitChildren (package:flutter/src/widgets/framework.dart:5871:14)
#203    _InactiveElements._unmount (package:flutter/src/widgets/framework.dart:2113:13)
#204    _InactiveElements._unmount.<anonymous closure> (package:flutter/src/widgets/framework.dart:2115:7)
#205    ComponentElement.visitChildren (package:flutter/src/widgets/framework.dart:5871:14)
#206    _InactiveElements._unmount (package:flutter/src/widgets/framework.dart:2113:13)
#207    _InactiveElements._unmount.<anonymous closure> (package:flutter/src/widgets/framework.dart:2115:7)
#208    SingleChildRenderObjectElement.visitChildren (package:flutter/src/widgets/framework.dart:7101:14)
#209    _InactiveElements._unmount (package:flutter/src/widgets/framework.dart:2113:13)
#210    _InactiveElements._unmount.<anonymous closure> (package:flutter/src/widgets/framework.dart:2115:7)
#211    ComponentElement.visitChildren (package:flutter/src/widgets/framework.dart:5871:14)
#212    _InactiveElements._unmount (package:flutter/src/widgets/framework.dart:2113:13)
#213    _InactiveElements._unmount.<anonymous closure> (package:flutter/src/widgets/framework.dart:2115:7)
#214    ComponentElement.visitChildren (package:flutter/src/widgets/framework.dart:5871:14)
#215    _InactiveElements._unmount (package:flutter/src/widgets/framework.dart:2113:13)
#216    _InactiveElements._unmount.<anonymous closure> (package:flutter/src/widgets/framework.dart:2115:7)
#217    ComponentElement.visitChildren (package:flutter/src/widgets/framework.dart:5871:14)
#218    _InactiveElements._unmount (package:flutter/src/widgets/framework.dart:2113:13)
#219    _InactiveElements._unmount.<anonymous closure> (package:flutter/src/widgets/framework.dart:2115:7)
#220    ComponentElement.visitChildren (package:flutter/src/widgets/framework.dart:5871:14)
#221    _InactiveElements._unmount (package:flutter/src/widgets/framework.dart:2113:13)
#222    _InactiveElements._unmount.<anonymous closure> (package:flutter/src/widgets/framework.dart:2115:7)
#223    ComponentElement.visitChildren (package:flutter/src/widgets/framework.dart:5871:14)
#224    _InactiveElements._unmount (package:flutter/src/widgets/framework.dart:2113:13)
#225    _InactiveElements._unmount.<anonymous closure> (package:flutter/src/widgets/framework.dart:2115:7)
#226    SingleChildRenderObjectElement.visitChildren (package:flutter/src/widgets/framework.dart:7101:14)
#227    _InactiveElements._unmount (package:flutter/src/widgets/framework.dart:2113:13)
#228    _InactiveElements._unmount.<anonymous closure> (package:flutter/src/widgets/framework.dart:2115:7)
#229    ComponentElement.visitChildren (package:flutter/src/widgets/framework.dart:5871:14)
#230    _InactiveElements._unmount (package:flutter/src/widgets/framework.dart:2113:13)
#231    _InactiveElements._unmount.<anonymous closure> (package:flutter/src/widgets/framework.dart:2115:7)
#232    ComponentElement.visitChildren (package:flutter/src/widgets/framework.dart:5871:14)
#233    _InactiveElements._unmount (package:flutter/src/widgets/framework.dart:2113:13)
#234    _InactiveElements._unmount.<anonymous closure> (package:flutter/src/widgets/framework.dart:2115:7)
#235    ComponentElement.visitChildren (package:flutter/src/widgets/framework.dart:5871:14)
#236    _InactiveElements._unmount (package:flutter/src/widgets/framework.dart:2113:13)
#237    _InactiveElements._unmount.<anonymous closure> (package:flutter/src/widgets/framework.dart:2115:7)
#238    ComponentElement.visitChildren (package:flutter/src/widgets/framework.dart:5871:14)
#239    _InactiveElements._unmount (package:flutter/src/widgets/framework.dart:2113:13)
#240    _InactiveElements._unmount.<anonymous closure> (package:flutter/src/widgets/framework.dart:2115:7)
#241    ComponentElement.visitChildren (package:flutter/src/widgets/framework.dart:5871:14)
#242    _InactiveElements._unmount (package:flutter/src/widgets/framework.dart:2113:13)
#243    _InactiveElements._unmount.<anonymous closure> (package:flutter/src/widgets/framework.dart:2115:7)
#244    MultiChildRenderObjectElement.visitChildren (package:flutter/src/widgets/framework.dart:7223:16)
#245    _InactiveElements._unmount (package:flutter/src/widgets/framework.dart:2113:13)
#246    _InactiveElements._unmount.<anonymous closure> (package:flutter/src/widgets/framework.dart:2115:7)
#247    ComponentElement.visitChildren (package:flutter/src/widgets/framework.dart:5871:14)
#248    _InactiveElements._unmount (package:flutter/src/widgets/framework.dart:2113:13)
#249    _InactiveElements._unmount.<anonymous closure> (package:flutter/src/widgets/framework.dart:2115:7)
#250    ComponentElement.visitChildren (package:flutter/src/widgets/framework.dart:5871:14)
#251    _InactiveElements._unmount (package:flutter/src/widgets/framework.dart:2113:13)
#252    _InactiveElements._unmount.<anonymous closure> (package:flutter/src/widgets/framework.dart:2115:7)
#253    ComponentElement.visitChildren (package:flutter/src/widgets/framework.dart:5871:14)
#254    _InactiveElements._unmount (package:flutter/src/widgets/framework.dart:2113:13)
#255    _InactiveElements._unmount.<anonymous closure> (package:flutter/src/widgets/framework.dart:2115:7)
#256    ComponentElement.visitChildren (package:flutter/src/widgets/framework.dart:5871:14)
#257    _InactiveElements._unmount (package:flutter/src/widgets/framework.dart:2113:13)
#258    _InactiveElements._unmount.<anonymous closure> (package:flutter/src/widgets/framework.dart:2115:7)
#259    ComponentElement.visitChildren (package:flutter/src/widgets/framework.dart:5871:14)
#260    _InactiveElements._unmount (package:flutter/src/widgets/framework.dart:2113:13)
#261    _InactiveElements._unmount.<anonymous closure> (package:flutter/src/widgets/framework.dart:2115:7)
#262    ComponentElement.visitChildren (package:flutter/src/widgets/framework.dart:5871:14)
#263    _InactiveElements._unmount (package:flutter/src/widgets/framework.dart:2113:13)
#264    _InactiveElements._unmount.<anonymous closure> (package:flutter/src/widgets/framework.dart:2115:7)
#265    ComponentElement.visitChildren (package:flutter/src/widgets/framework.dart:5871:14)
#266    _InactiveElements._unmount (package:flutter/src/widgets/framework.dart:2113:13)
#267    _InactiveElements._unmount.<anonymous closure> (package:flutter/src/widgets/framework.dart:2115:7)
#268    SingleChildRenderObjectElement.visitChildren (package:flutter/src/widgets/framework.dart:7101:14)
#269    _InactiveElements._unmount (package:flutter/src/widgets/framework.dart:2113:13)
#270    _InactiveElements._unmount.<anonymous closure> (package:flutter/src/widgets/framework.dart:2115:7)
#271    SingleChildRenderObjectElement.visitChildren (package:flutter/src/widgets/framework.dart:7101:14)
#272    _InactiveElements._unmount (package:flutter/src/widgets/framework.dart:2113:13)
#273    _InactiveElements._unmount.<anonymous closure> (package:flutter/src/widgets/framework.dart:2115:7)
#274    ComponentElement.visitChildren (package:flutter/src/widgets/framework.dart:5871:14)
#275    _InactiveElements._unmount (package:flutter/src/widgets/framework.dart:2113:13)
#276    _InactiveElements._unmount.<anonymous closure> (package:flutter/src/widgets/framework.dart:2115:7)
#277    ComponentElement.visitChildren (package:flutter/src/widgets/framework.dart:5871:14)
#278    _InactiveElements._unmount (package:flutter/src/widgets/framework.dart:2113:13)
#279    _InactiveElements._unmount.<anonymous closure> (package:flutter/src/widgets/framework.dart:2115:7)
#280    ComponentElement.visitChildren (package:flutter/src/widgets/framework.dart:5871:14)
#281    _InactiveElements._unmount (package:flutter/src/widgets/framework.dart:2113:13)
#282    _InactiveElements._unmount.<anonymous closure> (package:flutter/src/widgets/framework.dart:2115:7)
#283    ComponentElement.visitChildren (package:flutter/src/widgets/framework.dart:5871:14)
#284    _InactiveElements._unmount (package:flutter/src/widgets/framework.dart:2113:13)
#285    _InactiveElements._unmount.<anonymous closure> (package:flutter/src/widgets/framework.dart:2115:7)
#286    SingleChildRenderObjectElement.visitChildren (package:flutter/src/widgets/framework.dart:7101:14)
#287    _InactiveElements._unmount (package:flutter/src/widgets/framework.dart:2113:13)
#288    _InactiveElements._unmount.<anonymous closure> (package:flutter/src/widgets/framework.dart:2115:7)
#289    ComponentElement.visitChildren (package:flutter/src/widgets/framework.dart:5871:14)
#290    _InactiveElements._unmount (package:flutter/src/widgets/framework.dart:2113:13)
#291    _InactiveElements._unmount.<anonymous closure> (package:flutter/src/widgets/framework.dart:2115:7)
#292    ComponentElement.visitChildren (package:flutter/src/widgets/framework.dart:5871:14)
#293    _InactiveElements._unmount (package:flutter/src/widgets/framework.dart:2113:13)
#294    _InactiveElements._unmount.<anonymous closure> (package:flutter/src/widgets/framework.dart:2115:7)
#295    ComponentElement.visitChildren (package:flutter/src/widgets/framework.dart:5871:14)
#296    _InactiveElements._unmount (package:flutter/src/widgets/framework.dart:2113:13)
#297    _InactiveElements._unmount.<anonymous closure> (package:flutter/src/widgets/framework.dart:2115:7)
#298    ComponentElement.visitChildren (package:flutter/src/widgets/framework.dart:5871:14)
#299    _InactiveElements._unmount (package:flutter/src/widgets/framework.dart:2113:13)
#300    _InactiveElements._unmount.<anonymous closure> (package:flutter/src/widgets/framework.dart:2115:7)
#301    ComponentElement.visitChildren (package:flutter/src/widgets/framework.dart:5871:14)
#302    _InactiveElements._unmount (package:flutter/src/widgets/framework.dart:2113:13)
#303    _InactiveElements._unmount.<anonymous closure> (package:flutter/src/widgets/framework.dart:2115:7)
#304    ComponentElement.visitChildren (package:flutter/src/widgets/framework.dart:5871:14)
#305    _InactiveElements._unmount (package:flutter/src/widgets/framework.dart:2113:13)
#306    _InactiveElements._unmount.<anonymous closure> (package:flutter/src/widgets/framework.dart:2115:7)
#307    ComponentElement.visitChildren (package:flutter/src/widgets/framework.dart:5871:14)
#308    _InactiveElements._unmount (package:flutter/src/widgets/framework.dart:2113:13)
#309    _InactiveElements._unmount.<anonymous closure> (package:flutter/src/widgets/framework.dart:2115:7)
#310    ComponentElement.visitChildren (package:flutter/src/widgets/framework.dart:5871:14)
#311    _InactiveElements._unmount (package:flutter/src/widgets/framework.dart:2113:13)
#312    _InactiveElements._unmount.<anonymous closure> (package:flutter/src/widgets/framework.dart:2115:7)
#313    ComponentElement.visitChildren (package:flutter/src/widgets/framework.dart:5871:14)
#314    _InactiveElements._unmount (package:flutter/src/widgets/framework.dart:2113:13)
#315    _InactiveElements._unmount.<anonymous closure> (package:flutter/src/widgets/framework.dart:2115:7)
#316    ComponentElement.visitChildren (package:flutter/src/widgets/framework.dart:5871:14)
#317    _InactiveElements._unmount (package:flutter/src/widgets/framework.dart:2113:13)
#318    _InactiveElements._unmount.<anonymous closure> (package:flutter/src/widgets/framework.dart:2115:7)
#319    ComponentElement.visitChildren (package:flutter/src/widgets/framework.dart:5871:14)
#320    _InactiveElements._unmount (package:flutter/src/widgets/framework.dart:2113:13)
#321    _InactiveElements._unmount.<anonymous closure> (package:flutter/src/widgets/framework.dart:2115:7)
#322    ComponentElement.visitChildren (package:flutter/src/widgets/framework.dart:5871:14)
#323    _InactiveElements._unmount (package:flutter/src/widgets/framework.dart:2113:13)
#324    _InactiveElements._unmount.<anonymous closure> (package:flutter/src/widgets/framework.dart:2115:7)
#325    ComponentElement.visitChildren (package:flutter/src/widgets/framework.dart:5871:14)
#326    _InactiveElements._unmount (package:flutter/src/widgets/framework.dart:2113:13)
#327    _InactiveElements._unmount.<anonymous closure> (package:flutter/src/widgets/framework.dart:2115:7)
#328    ComponentElement.visitChildren (package:flutter/src/widgets/framework.dart:5871:14)
#329    _InactiveElements._unmount (package:flutter/src/widgets/framework.dart:2113:13)
#330    _InactiveElements._unmount.<anonymous closure> (package:flutter/src/widgets/framework.dart:2115:7)
#331    ComponentElement.visitChildren (package:flutter/src/widgets/framework.dart:5871:14)
#332    _InactiveElements._unmount (package:flutter/src/widgets/framework.dart:2113:13)
#333    _InactiveElements._unmount.<anonymous closure> (package:flutter/src/widgets/framework.dart:2115:7)
#334    SingleChildRenderObjectElement.visitChildren (package:flutter/src/widgets/framework.dart:7101:14)
#335    _InactiveElements._unmount (package:flutter/src/widgets/framework.dart:2113:13)
#336    _InactiveElements._unmount.<anonymous closure> (package:flutter/src/widgets/framework.dart:2115:7)
#337    ComponentElement.visitChildren (package:flutter/src/widgets/framework.dart:5871:14)
#338    _InactiveElements._unmount (package:flutter/src/widgets/framework.dart:2113:13)
#339    _InactiveElements._unmount.<anonymous closure> (package:flutter/src/widgets/framework.dart:2115:7)
#340    ComponentElement.visitChildren (package:flutter/src/widgets/framework.dart:5871:14)
#341    _InactiveElements._unmount (package:flutter/src/widgets/framework.dart:2113:13)
#342    _InactiveElements._unmount.<anonymous closure> (package:flutter/src/widgets/framework.dart:2115:7)
#343    ComponentElement.visitChildren (package:flutter/src/widgets/framework.dart:5871:14)
#344    _InactiveElements._unmount (package:flutter/src/widgets/framework.dart:2113:13)
#345    _InactiveElements._unmount.<anonymous closure> (package:flutter/src/widgets/framework.dart:2115:7)
#346    ComponentElement.visitChildren (package:flutter/src/widgets/framework.dart:5871:14)
#347    _InactiveElements._unmount (package:flutter/src/widgets/framework.dart:2113:13)
#348    _InactiveElements._unmount.<anonymous closure> (package:flutter/src/widgets/framework.dart:2115:7)
#349    ComponentElement.visitChildren (package:flutter/src/widgets/framework.dart:5871:14)
#350    _InactiveElements._unmount (package:flutter/src/widgets/framework.dart:2113:13)
#351    _InactiveElements._unmount.<anonymous closure> (package:flutter/src/widgets/framework.dart:2115:7)
#352    SingleChildRenderObjectElement.visitChildren (package:flutter/src/widgets/framework.dart:7101:14)
#353    _InactiveElements._unmount (package:flutter/src/widgets/framework.dart:2113:13)
#354    _InactiveElements._unmount.<anonymous closure> (package:flutter/src/widgets/framework.dart:2115:7)
#355    ComponentElement.visitChildren (package:flutter/src/widgets/framework.dart:5871:14)
#356    _InactiveElements._unmount (package:flutter/src/widgets/framework.dart:2113:13)
#357    _InactiveElements._unmount.<anonymous closure> (package:flutter/src/widgets/framework.dart:2115:7)
#358    ComponentElement.visitChildren (package:flutter/src/widgets/framework.dart:5871:14)
#359    _InactiveElements._unmount (package:flutter/src/widgets/framework.dart:2113:13)
#360    _InactiveElements._unmount.<anonymous closure> (package:flutter/src/widgets/framework.dart:2115:7)
#361    SingleChildRenderObjectElement.visitChildren (package:flutter/src/widgets/framework.dart:7101:14)
#362    _InactiveElements._unmount (package:flutter/src/widgets/framework.dart:2113:13)
#363    _InactiveElements._unmount.<anonymous closure> (package:flutter/src/widgets/framework.dart:2115:7)
#364    ComponentElement.visitChildren (package:flutter/src/widgets/framework.dart:5871:14)
#365    _InactiveElements._unmount (package:flutter/src/widgets/framework.dart:2113:13)
#366    _InactiveElements._unmount.<anonymous closure> (package:flutter/src/widgets/framework.dart:2115:7)
#367    ComponentElement.visitChildren (package:flutter/src/widgets/framework.dart:5871:14)
#368    _InactiveElements._unmount (package:flutter/src/widgets/framework.dart:2113:13)
#369    _InactiveElements._unmount.<anonymous closure> (package:flutter/src/widgets/framework.dart:2115:7)
#370    ComponentElement.visitChildren (package:flutter/src/widgets/framework.dart:5871:14)
#371    _InactiveElements._unmount (package:flutter/src/widgets/framework.dart:2113:13)
#372    _InactiveElements._unmount.<anonymous closure> (package:flutter/src/widgets/framework.dart:2115:7)
#373    ComponentElement.visitChildren (package:flutter/src/widgets/framework.dart:5871:14)
#374    _InactiveElements._unmount (package:flutter/src/widgets/framework.dart:2113:13)
#375    _InactiveElements._unmount.<anonymous closure> (package:flutter/src/widgets/framework.dart:2115:7)
#376    ComponentElement.visitChildren (package:flutter/src/widgets/framework.dart:5871:14)
#377    _InactiveElements._unmount (package:flutter/src/widgets/framework.dart:2113:13)
#378    _InactiveElements._unmount.<anonymous closure> (package:flutter/src/widgets/framework.dart:2115:7)
#379    SingleChildRenderObjectElement.visitChildren (package:flutter/src/widgets/framework.dart:7101:14)
#380    _InactiveElements._unmount (package:flutter/src/widgets/framework.dart:2113:13)
#381    _InactiveElements._unmount.<anonymous closure> (package:flutter/src/widgets/framework.dart:2115:7)
#382    ComponentElement.visitChildren (package:flutter/src/widgets/framework.dart:5871:14)
#383    _InactiveElements._unmount (package:flutter/src/widgets/framework.dart:2113:13)
#384    _InactiveElements._unmount.<anonymous closure> (package:flutter/src/widgets/framework.dart:2115:7)
#385    ComponentElement.visitChildren (package:flutter/src/widgets/framework.dart:5871:14)
#386    _InactiveElements._unmount (package:flutter/src/widgets/framework.dart:2113:13)
#387    _InactiveElements._unmount.<anonymous closure> (package:flutter/src/widgets/framework.dart:2115:7)
#388    ComponentElement.visitChildren (package:flutter/src/widgets/framework.dart:5871:14)
#389    _InactiveElements._unmount (package:flutter/src/widgets/framework.dart:2113:13)
#390    _InactiveElements._unmount.<anonymous closure> (package:flutter/src/widgets/framework.dart:2115:7)
#391    ComponentElement.visitChildren (package:flutter/src/widgets/framework.dart:5871:14)
#392    _InactiveElements._unmount (package:flutter/src/widgets/framework.dart:2113:13)
#393    _InactiveElements._unmount.<anonymous closure> (package:flutter/src/widgets/framework.dart:2115:7)
#394    ComponentElement.visitChildren (package:flutter/src/widgets/framework.dart:5871:14)
#395    _InactiveElements._unmount (package:flutter/src/widgets/framework.dart:2113:13)
#396    _InactiveElements._unmount.<anonymous closure> (package:flutter/src/widgets/framework.dart:2115:7)
#397    SingleChildRenderObjectElement.visitChildren (package:flutter/src/widgets/framework.dart:7101:14)
#398    _InactiveElements._unmount (package:flutter/src/widgets/framework.dart:2113:13)
#399    _InactiveElements._unmount.<anonymous closure> (package:flutter/src/widgets/framework.dart:2115:7)
#400    ComponentElement.visitChildren (package:flutter/src/widgets/framework.dart:5871:14)
#401    _InactiveElements._unmount (package:flutter/src/widgets/framework.dart:2113:13)
#402    _InactiveElements._unmount.<anonymous closure> (package:flutter/src/widgets/framework.dart:2115:7)
#403    ComponentElement.visitChildren (package:flutter/src/widgets/framework.dart:5871:14)
#404    _InactiveElements._unmount (package:flutter/src/widgets/framework.dart:2113:13)
#405    _InactiveElements._unmount.<anonymous closure> (package:flutter/src/widgets/framework.dart:2115:7)
#406    ComponentElement.visitChildren (package:flutter/src/widgets/framework.dart:5871:14)
#407    _InactiveElements._unmount (package:flutter/src/widgets/framework.dart:2113:13)
#408    _InactiveElements._unmount.<anonymous closure> (package:flutter/src/widgets/framework.dart:2115:7)
#409    ComponentElement.visitChildren (package:flutter/src/widgets/framework.dart:5871:14)
#410    _InactiveElements._unmount (package:flutter/src/widgets/framework.dart:2113:13)
#411    _InactiveElements._unmount.<anonymous closure> (package:flutter/src/widgets/framework.dart:2115:7)
#412    SingleChildRenderObjectElement.visitChildren (package:flutter/src/widgets/framework.dart:7101:14)
#413    _InactiveElements._unmount (package:flutter/src/widgets/framework.dart:2113:13)
#414    _InactiveElements._unmount.<anonymous closure> (package:flutter/src/widgets/framework.dart:2115:7)
#415    ComponentElement.visitChildren (package:flutter/src/widgets/framework.dart:5871:14)
#416    _InactiveElements._unmount (package:flutter/src/widgets/framework.dart:2113:13)
#417    _InactiveElements._unmount.<anonymous closure> (package:flutter/src/widgets/framework.dart:2115:7)
#418    ComponentElement.visitChildren (package:flutter/src/widgets/framework.dart:5871:14)
#419    _InactiveElements._unmount (package:flutter/src/widgets/framework.dart:2113:13)
#420    _InactiveElements._unmount.<anonymous closure> (package:flutter/src/widgets/framework.dart:2115:7)
#421    ComponentElement.visitChildren (package:flutter/src/widgets/framework.dart:5871:14)
#422    _InactiveElements._unmount (package:flutter/src/widgets/framework.dart:2113:13)
#423    _InactiveElements._unmount.<anonymous closure> (package:flutter/src/widgets/framework.dart:2115:7)
#424    ComponentElement.visitChildren (package:flutter/src/widgets/framework.dart:5871:14)
#425    _InactiveElements._unmount (package:flutter/src/widgets/framework.dart:2113:13)
#426    _InactiveElements._unmount.<anonymous closure> (package:flutter/src/widgets/framework.dart:2115:7)
#427    ComponentElement.visitChildren (package:flutter/src/widgets/framework.dart:5871:14)
#428    _InactiveElements._unmount (package:flutter/src/widgets/framework.dart:2113:13)
#429    _InactiveElements._unmount.<anonymous closure> (package:flutter/src/widgets/framework.dart:2115:7)
#430    ComponentElement.visitChildren (package:flutter/src/widgets/framework.dart:5871:14)
#431    _InactiveElements._unmount (package:flutter/src/widgets/framework.dart:2113:13)
#432    _InactiveElements._unmount.<anonymous closure> (package:flutter/src/widgets/framework.dart:2115:7)
#433    ComponentElement.visitChildren (package:flutter/src/widgets/framework.dart:5871:14)
#434    _InactiveElements._unmount (package:flutter/src/widgets/framework.dart:2113:13)
#435    _InactiveElements._unmount.<anonymous closure> (package:flutter/src/widgets/framework.dart:2115:7)
#436    ComponentElement.visitChildren (package:flutter/src/widgets/framework.dart:5871:14)
#437    _InactiveElements._unmount (package:flutter/src/widgets/framework.dart:2113:13)
#438    _InactiveElements._unmount.<anonymous closure> (package:flutter/src/widgets/framework.dart:2115:7)
#439    ComponentElement.visitChildren (package:flutter/src/widgets/framework.dart:5871:14)
#440    _InactiveElements._unmount (package:flutter/src/widgets/framework.dart:2113:13)
#441    _InactiveElements._unmount.<anonymous closure> (package:flutter/src/widgets/framework.dart:2115:7)
#442    ComponentElement.visitChildren (package:flutter/src/widgets/framework.dart:5871:14)
#443    _InactiveElements._unmount (package:flutter/src/widgets/framework.dart:2113:13)
#444    _InactiveElements._unmount.<anonymous closure> (package:flutter/src/widgets/framework.dart:2115:7)
#445    ComponentElement.visitChildren (package:flutter/src/widgets/framework.dart:5871:14)
#446    _InactiveElements._unmount (package:flutter/src/widgets/framework.dart:2113:13)
#447    _InactiveElements._unmount.<anonymous closure> (package:flutter/src/widgets/framework.dart:2115:7)
#448    ComponentElement.visitChildren (package:flutter/src/widgets/framework.dart:5871:14)
#449    _InactiveElements._unmount (package:flutter/src/widgets/framework.dart:2113:13)
#450    _InactiveElements._unmount.<anonymous closure> (package:flutter/src/widgets/framework.dart:2115:7)
#451    ComponentElement.visitChildren (package:flutter/src/widgets/framework.dart:5871:14)
#452    _InactiveElements._unmount (package:flutter/src/widgets/framework.dart:2113:13)
#453    _InactiveElements._unmount.<anonymous closure> (package:flutter/src/widgets/framework.dart:2115:7)
#454    ComponentElement.visitChildren (package:flutter/src/widgets/framework.dart:5871:14)
#455    _InactiveElements._unmount (package:flutter/src/widgets/framework.dart:2113:13)
#456    _InactiveElements._unmount.<anonymous closure> (package:flutter/src/widgets/framework.dart:2115:7)
#457    ComponentElement.visitChildren (package:flutter/src/widgets/framework.dart:5871:14)
#458    _InactiveElements._unmount (package:flutter/src/widgets/framework.dart:2113:13)
#459    ListIterable.forEach (dart:_internal/iterable.dart:49:13)
#460    _InactiveElements._unmountAll (package:flutter/src/widgets/framework.dart:2126:25)
#461    BuildOwner.lockState (package:flutter/src/widgets/framework.dart:3020:15)
#462    BuildOwner.finalizeTree (package:flutter/src/widgets/framework.dart:3344:7)
#463    AutomatedTestWidgetsFlutterBinding.drawFrame (package:flutter_test/src/binding.dart:2153:19)
#464    RendererBinding._handlePersistentFrameCallback (package:flutter/src/rendering/binding.dart:495:5)
#465    SchedulerBinding._invokeFrameCallback (package:flutter/src/scheduler/binding.dart:1430:15)
#466    SchedulerBinding.handleDrawFrame (package:flutter/src/scheduler/binding.dart:1345:9)
#467    AutomatedTestWidgetsFlutterBinding.scheduleWarmUpFrame (package:flutter_test/src/binding.dart:2057:5)
#468    _runWidget (package:flutter/src/widgets/binding.dart:1683:7)
#469    runApp (package:flutter/src/widgets/binding.dart:1616:3)
#470    TestWidgetsFlutterBinding._runTestBody (package:flutter_test/src/binding.dart:1689:7)
<asynchronous suspension>
<asynchronous suspension>
(elided 12 frames from dart:async and package:stack_trace)

โ•โ•โ•ก EXCEPTION CAUGHT BY FLUTTER TEST FRAMEWORK โ•โ•โ•โ•โ•โ•โ•โ•โ•โ•โ•โ•โ•โ•โ•โ•โ•โ•โ•โ•โ•โ•โ•โ•โ•โ•โ•โ•โ•โ•โ•โ•โ•โ•โ•โ•โ•โ•โ•โ•โ•โ•โ•โ•โ•โ•โ•โ•โ•โ•โ•โ•โ•
The following assertion was thrown running a test:
A Timer is still pending even after the widget tree was disposed.
'package:flutter_test/src/binding.dart':
Failed assertion: line 2242 pos 12: '!timersPending'

When the exception was thrown, this was the stack:
#2      AutomatedTestWidgetsFlutterBinding._verifyInvariants (package:flutter_test/src/binding.dart:2242:12)
#3      TestWidgetsFlutterBinding._runTestBody (package:flutter_test/src/binding.dart:1703:7)
<asynchronous suspension>
<asynchronous suspension>
(elided 3 frames from class _AssertionError and package:stack_trace)

The test description was:
  filters saved customer records by phone number
โ•โ•โ•โ•โ•โ•โ•โ•โ•โ•โ•โ•โ•โ•โ•โ•โ•โ•โ•โ•โ•โ•โ•โ•โ•โ•โ•โ•โ•โ•โ•โ•โ•โ•โ•โ•โ•โ•โ•โ•โ•โ•โ•โ•โ•โ•โ•โ•โ•โ•โ•โ•โ•โ•โ•โ•โ•โ•โ•โ•โ•โ•โ•โ•โ•โ•โ•โ•โ•โ•โ•โ•โ•โ•โ•โ•โ•โ•โ•โ•โ•โ•โ•โ•โ•โ•โ•โ•โ•โ•โ•โ•โ•โ•โ•โ•โ•โ•โ•โ•
00:48 +39 -9: C:/Users/E320/Downloads/Project/LosCheck-main/test/customer_page_test.dart: CustomerPage Widget Tests filters customers by phone number
00:48 +39 -9: C:/Users/E320/Downloads/Project/LosCheck-main/test/widget_test.dart: filters saved customer records by phone number [E]
  Test failed. See exception logs above.
  The test description was: filters saved customer records by phone number
  
00:48 +40 -9: C:/Users/E320/Downloads/Project/LosCheck-main/test/integration_test.dart: Integration Tests clear today flow removes all today records
00:49 +41 -9: C:/Users/E320/Downloads/Project/LosCheck-main/test/integration_test.dart: Integration Tests clear today flow removes all today records
00:50 +42 -9: C:/Users/E320/Downloads/Project/LosCheck-main/test/widget_test.dart: shows validation when rounds are invalid
00:50 +43 -9: C:/Users/E320/Downloads/Project/LosCheck-main/test/customer_page_test.dart: CustomerPage Widget Tests clears filter when clear button is tapped
00:51 +44 -9: C:/Users/E320/Downloads/Project/LosCheck-main/test/integration_test.dart: Integration Tests customer search flow
00:53 +45 -9: C:/Users/E320/Downloads/Project/LosCheck-main/test/integration_test.dart: Integration Tests customer search flow
00:55 +46 -9: C:/Users/E320/Downloads/Project/LosCheck-main/test/integration_test.dart: Integration Tests customer search flow
00:56 +47 -9: C:/Users/E320/Downloads/Project/LosCheck-main/test/integration_test.dart: Integration Tests customer search flow
โ•โ•โ•ก EXCEPTION CAUGHT BY FLUTTER TEST FRAMEWORK โ•โ•โ•โ•โ•โ•โ•โ•โ•โ•โ•โ•โ•โ•โ•โ•โ•โ•โ•โ•โ•โ•โ•โ•โ•โ•โ•โ•โ•โ•โ•โ•โ•โ•โ•โ•โ•โ•โ•โ•โ•โ•โ•โ•โ•โ•โ•โ•โ•โ•โ•โ•โ•
The following TestFailure was thrown running a test:
Expected: exactly one matching candidate
  Actual: _TextWidgetFinder:<Found 0 widgets with text "เธกเธฒเธเธต": []>
   Which: means none were found but one was expected

When the exception was thrown, this was the stack:
#4      main.<anonymous closure>.<anonymous closure> (file:///C:/Users/E320/Downloads/Project/LosCheck-main/test/integration_test.dart:287:7)
<asynchronous suspension>
#5      testWidgets.<anonymous closure>.<anonymous closure> (package:flutter_test/src/widget_tester.dart:192:15)
<asynchronous suspension>
#6      TestWidgetsFlutterBinding._runTestBody (package:flutter_test/src/binding.dart:1682:5)
<asynchronous suspension>
<asynchronous suspension>
(elided one frame from package:stack_trace)

This was caught by the test expectation on the following line:
  file:///C:/Users/E320/Downloads/Project/LosCheck-main/test/integration_test.dart line 287
The test description was:
  customer search flow
โ•โ•โ•โ•โ•โ•โ•โ•โ•โ•โ•โ•โ•โ•โ•โ•โ•โ•โ•โ•โ•โ•โ•โ•โ•โ•โ•โ•โ•โ•โ•โ•โ•โ•โ•โ•โ•โ•โ•โ•โ•โ•โ•โ•โ•โ•โ•โ•โ•โ•โ•โ•โ•โ•โ•โ•โ•โ•โ•โ•โ•โ•โ•โ•โ•โ•โ•โ•โ•โ•โ•โ•โ•โ•โ•โ•โ•โ•โ•โ•โ•โ•โ•โ•โ•โ•โ•โ•โ•โ•โ•โ•โ•โ•โ•โ•โ•โ•โ•โ•
00:57 +47 -10: C:/Users/E320/Downloads/Project/LosCheck-main/test/integration_test.dart: Integration Tests customer search flow [E]
  Test failed. See exception logs above.
  The test description was: customer search flow
  
00:57 +47 -10: C:/Users/E320/Downloads/Project/LosCheck-main/test/integration_test.dart: Integration Tests app handles empty states gracefully
00:59 +48 -10: Some tests failed.
